Component: ARM Compiler 5.06 update 6 (build 750) Tool: armlink [4d35ed]

==============================================================================

Section Cross References

    startup_stm32f103xe.o(RESET) refers to startup_stm32f103xe.o(STACK) for __initial_sp
    startup_stm32f103xe.o(RESET) refers to startup_stm32f103xe.o(.text) for Reset_Handler
    startup_stm32f103xe.o(RESET) refers to stm32f1xx_it.o(i.NMI_Handler) for NMI_Handler
    startup_stm32f103xe.o(RESET) refers to stm32f1xx_it.o(i.HardFault_Handler) for HardFault_Handler
    startup_stm32f103xe.o(RESET) refers to stm32f1xx_it.o(i.MemManage_Handler) for MemManage_Handler
    startup_stm32f103xe.o(RESET) refers to stm32f1xx_it.o(i.BusFault_Handler) for BusFault_Handler
    startup_stm32f103xe.o(RESET) refers to stm32f1xx_it.o(i.UsageFault_Handler) for UsageFault_Handler
    startup_stm32f103xe.o(RESET) refers to stm32f1xx_it.o(i.SVC_Handler) for SVC_Handler
    startup_stm32f103xe.o(RESET) refers to stm32f1xx_it.o(i.DebugMon_Handler) for DebugMon_Handler
    startup_stm32f103xe.o(RESET) refers to stm32f1xx_it.o(i.PendSV_Handler) for PendSV_Handler
    startup_stm32f103xe.o(RESET) refers to stm32f1xx_it.o(i.SysTick_Handler) for SysTick_Handler
    startup_stm32f103xe.o(RESET) refers to stm32f1xx_it.o(i.RTC_IRQHandler) for RTC_IRQHandler
    startup_stm32f103xe.o(RESET) refers to stm32f1xx_it.o(i.DMA1_Channel4_IRQHandler) for DMA1_Channel4_IRQHandler
    startup_stm32f103xe.o(RESET) refers to stm32f1xx_it.o(i.DMA1_Channel5_IRQHandler) for DMA1_Channel5_IRQHandler
    startup_stm32f103xe.o(RESET) refers to stm32f1xx_it.o(i.DMA1_Channel6_IRQHandler) for DMA1_Channel6_IRQHandler
    startup_stm32f103xe.o(RESET) refers to stm32f1xx_it.o(i.DMA1_Channel7_IRQHandler) for DMA1_Channel7_IRQHandler
    startup_stm32f103xe.o(RESET) refers to stm32f1xx_it.o(i.TIM3_IRQHandler) for TIM3_IRQHandler
    startup_stm32f103xe.o(RESET) refers to stm32f1xx_it.o(i.USART1_IRQHandler) for USART1_IRQHandler
    startup_stm32f103xe.o(RESET) refers to stm32f1xx_it.o(i.USART2_IRQHandler) for USART2_IRQHandler
    startup_stm32f103xe.o(RESET) refers to usart.o(i.UART4_IRQHandler) for UART4_IRQHandler
    startup_stm32f103xe.o(RESET) refers to stm32f1xx_it.o(i.UART5_IRQHandler) for UART5_IRQHandler
    startup_stm32f103xe.o(.text) refers to system_stm32f1xx.o(i.SystemInit) for SystemInit
    startup_stm32f103xe.o(.text) refers to entry.o(.ARM.Collect$$$$00000000) for __main
    main.o(i.SystemClock_Config) refers to memseta.o(.text) for __aeabi_memclr4
    main.o(i.SystemClock_Config) refers to stm32f1xx_hal_rcc.o(i.HAL_RCC_OscConfig) for HAL_RCC_OscConfig
    main.o(i.SystemClock_Config) refers to main.o(i.Error_Handler) for Error_Handler
    main.o(i.SystemClock_Config) refers to stm32f1xx_hal_rcc.o(i.HAL_RCC_ClockConfig) for HAL_RCC_ClockConfig
    main.o(i.SystemClock_Config) refers to stm32f1xx_hal_rcc_ex.o(i.HAL_RCCEx_PeriphCLKConfig) for HAL_RCCEx_PeriphCLKConfig
    main.o(i.main) refers to stm32f1xx_hal.o(i.HAL_Init) for HAL_Init
    main.o(i.main) refers to main.o(i.SystemClock_Config) for SystemClock_Config
    main.o(i.main) refers to gpio.o(i.MX_GPIO_Init) for MX_GPIO_Init
    main.o(i.main) refers to dma.o(i.MX_DMA_Init) for MX_DMA_Init
    main.o(i.main) refers to tim.o(i.MX_TIM3_Init) for MX_TIM3_Init
    main.o(i.main) refers to usart.o(i.MX_UART4_Init) for MX_UART4_Init
    main.o(i.main) refers to usart.o(i.MX_UART5_Init) for MX_UART5_Init
    main.o(i.main) refers to usart.o(i.MX_USART1_UART_Init) for MX_USART1_UART_Init
    main.o(i.main) refers to usart.o(i.MX_USART2_UART_Init) for MX_USART2_UART_Init
    main.o(i.main) refers to rtc.o(i.MY_RTC_Init) for MY_RTC_Init
    main.o(i.main) refers to delay.o(i.delay_init) for delay_init
    main.o(i.main) refers to scl3300.o(i.scl3300_gpio_init) for scl3300_gpio_init
    main.o(i.main) refers to scl3300.o(i.SCL3300_D01_init) for SCL3300_D01_init
    main.o(i.main) refers to lx12864.o(i.lx12864_gpio_init) for lx12864_gpio_init
    main.o(i.main) refers to lx12864.o(i.Lx_Init) for Lx_Init
    main.o(i.main) refers to usart.o(i.UartUserInit) for UartUserInit
    main.o(i.main) refers to tim.o(i.StartTimer) for StartTimer
    main.o(i.main) refers to dl7215.o(i.dl7215_init) for dl7215_init
    main.o(i.main) refers to rtc.o(i.RTC_Show) for RTC_Show
    main.o(i.main) refers to scl3300.o(i.SCL3300_D01_ReadSensorData) for SCL3300_D01_ReadSensorData
    main.o(i.main) refers to printfa.o(i.__0printf) for __2printf
    main.o(i.main) refers to f2d.o(.text) for __aeabi_f2d
    main.o(i.main) refers to lx12864.o(i.LxPutStr) for LxPutStr
    main.o(i.main) refers to dl7215.o(i.data_rtx_lora) for data_rtx_lora
    main.o(i.main) refers to usart.o(i.DMA_Uart1Transmit) for DMA_Uart1Transmit
    main.o(i.main) refers to delay.o(i.delay_ms) for delay_ms
    main.o(i.main) refers to memseta.o(.text) for __aeabi_memclr
    main.o(i.main) refers to tim.o(.bss) for htim3
[...]
    .ARM.Collect$$$$0000000D                 0x08000140   Section        0  entry10a.o(.ARM.Collect$$$$0000000D)
    .ARM.Collect$$$$0000000F                 0x08000140   Section        0  entry11a.o(.ARM.Collect$$$$0000000F)
    .ARM.Collect$$$$00002712                 0x08000140   Section        4  entry2.o(.ARM.Collect$$$$00002712)
    __lit__00000000                          0x08000140   Data           4  entry2.o(.ARM.Collect$$$$00002712)
    .text                                    0x08000144   Section       36  startup_stm32f103xe.o(.text)
    .text                                    0x08000168   Section        0  llushr.o(.text)
    .text                                    0x08000188   Section        0  memcpya.o(.text)
    .text                                    0x080001ac   Section        0  memseta.o(.text)
    .text                                    0x080001d0   Section        0  strstr.o(.text)
    .text                                    0x080001f4   Section        0  dadd.o(.text)
    .text                                    0x08000342   Section        0  dmul.o(.text)
    .text                                    0x08000426   Section        0  ddiv.o(.text)
    .text                                    0x08000504   Section        0  dflti.o(.text)
    .text                                    0x08000526   Section        0  f2d.o(.text)
    .text                                    0x0800054c   Section        0  d2f.o(.text)
    .text                                    0x08000584   Section        0  uidiv.o(.text)
    .text                                    0x080005b0   Section        0  uldiv.o(.text)
    .text                                    0x08000612   Section        0  llshl.o(.text)
    .text                                    0x08000630   Section        0  llsshr.o(.text)
    .text                                    0x08000654   Section        0  iusefp.o(.text)
    .text                                    0x08000654   Section        0  fepilogue.o(.text)
    .text                                    0x080006c2   Section        0  depilogue.o(.text)
    .text                                    0x0800077c   Section        0  dfixul.o(.text)
    .text                                    0x080007ac   Section       48  cdrcmple.o(.text)
    .text                                    0x080007dc   Section       36  init.o(.text)
    .text                                    0x08000800   Section        0  __dczerorl2.o(.text)
    i.BusFault_Handler                       0x08000856   Section        0  stm32f1xx_it.o(i.BusFault_Handler)
    i.ByteToHexStr                           0x0800085a   Section        0  scl3300.o(i.ByteToHexStr)
    i.CRC8                                   0x080008a8   Section        0  scl3300.o(i.CRC8)
    CRC8                                     0x080008a9   Thumb Code    30  scl3300.o(i.CRC8)
    i.CalculateCRC                           0x080008c6   Section        0  scl3300.o(i.CalculateCRC)
    i.DMA1_Channel4_IRQHandler               0x080008f8   Section        0  stm32f1xx_it.o(i.DMA1_Channel4_IRQHandler)
    i.DMA1_Channel5_IRQHandler               0x08000908   Section        0  stm32f1xx_it.o(i.DMA1_Channel5_IRQHandler)
    i.DMA1_Channel6_IRQHandler               0x08000918   Section        0  stm32f1xx_it.o(i.DMA1_Channel6_IRQHandler)
    i.DMA1_Channel7_IRQHandler               0x08000928   Section        0  stm32f1xx_it.o(i.DMA1_Channel7_IRQHandler)
    i.DMA_SetConfig                          0x08000938   Section        0  stm32f1xx_hal_dma.o(i.DMA_SetConfig)
    DMA_SetConfig                            0x08000939   Thumb Code    44  stm32f1xx_hal_dma.o(i.DMA_SetConfig)
    i.DMA_Uart1Transmit                      0x08000964   Section        0  usart.o(i.DMA_Uart1Transmit)
    i.DebugMon_Handler                       0x08000994   Section        0  stm32f1xx_it.o(i.DebugMon_Handler)
    i.Error_Handler                          0x08000996   Section        0  main.o(i.Error_Handler)
    i.HAL_DMA_Abort                          0x08000998   Section        0  stm32f1xx_hal_dma.o(i.HAL_DMA_Abort)
    i.HAL_DMA_Abort_IT                       0x080009f0   Section        0  stm32f1xx_hal_dma.o(i.HAL_DMA_Abort_IT)
    i.HAL_DMA_GetError                       0x08000b98   Section        0  stm32f1xx_hal_dma.o(i.HAL_DMA_GetError)
    i.HAL_DMA_IRQHandler                     0x08000ba0   Section        0  stm32f1xx_hal_dma.o(i.HAL_DMA_IRQHandler)
    i.HAL_DMA_Init                           0x08000f38   Section        0  stm32f1xx_hal_dma.o(i.HAL_DMA_Init)
    i.HAL_DMA_Start_IT                       0x08000fc4   Section        0  stm32f1xx_hal_dma.o(i.HAL_DMA_Start_IT)
    i.HAL_GPIO_Init                          0x08001060   Section        0  stm32f1xx_hal_gpio.o(i.HAL_GPIO_Init)
    i.HAL_GPIO_ReadPin                       0x080013a0   Section        0  stm32f1xx_hal_gpio.o(i.HAL_GPIO_ReadPin)
    i.HAL_GPIO_WritePin                      0x080013b0   Section        0  stm32f1xx_hal_gpio.o(i.HAL_GPIO_WritePin)
    i.HAL_GetTick                            0x080013bc   Section        0  stm32f1xx_hal.o(i.HAL_GetTick)
    i.HAL_IncTick                            0x080013c8   Section        0  stm32f1xx_hal.o(i.HAL_IncTick)
    i.HAL_Init                               0x080013e0   Section        0  stm32f1xx_hal.o(i.HAL_Init)
    i.HAL_InitTick                           0x08001408   Section        0  stm32f1xx_hal.o(i.HAL_InitTick)
    i.HAL_MspInit                            0x08001454   Section        0  stm32f1xx_hal_msp.o(i.HAL_MspInit)
    i.HAL_NVIC_EnableIRQ                     0x080014a8   Section        0  stm32f1xx_hal_cortex.o(i.HAL_NVIC_EnableIRQ)
    i.HAL_NVIC_SetPriority                   0x080014c8   Section        0  stm32f1xx_hal_cortex.o(i.HAL_NVIC_SetPriority)
    i.HAL_NVIC_SetPriorityGrouping           0x08001544   Section        0  stm32f1xx_hal_cortex.o(i.HAL_NVIC_SetPriorityGrouping)
    i.HAL_PWR_EnableBkUpAccess               0x0800156c   Section        0  stm32f1xx_hal_pwr.o(i.HAL_PWR_EnableBkUpAccess)
    i.HAL_RCCEx_GetPeriphCLKFreq             0x08001578   Section        0  stm32f1xx_hal_rcc_ex.o(i.HAL_RCCEx_GetPeriphCLKFreq)
    i.HAL_RCCEx_PeriphCLKConfig              0x080016ac   Section        0  stm32f1xx_hal_rcc_ex.o(i.HAL_RCCEx_PeriphCLKConfig)
    i.HAL_RCC_ClockConfig                    0x080017dc   Section        0  stm32f1xx_hal_rcc.o(i.HAL_RCC_ClockConfig)
    i.HAL_RCC_GetHCLKFreq                    0x08001968   Section        0  stm32f1xx_hal_rcc.o(i.HAL_RCC_GetHCLKFreq)
    i.HAL_RCC_GetPCLK1Freq                   0x08001974   Section        0  stm32f1xx_hal_rcc.o(i.HAL_RCC_GetPCLK1Freq)
    i.HAL_RCC_GetPCLK2Freq                   0x08001994   Section        0  stm32f1xx_hal_rcc.o(i.HAL_RCC_GetPCLK2Freq)
    i.HAL_RCC_GetSysClockFreq                0x080019b4   Section        0  stm32f1xx_hal_rcc.o(i.HAL_RCC_GetSysClockFreq)
    i.HAL_RCC_OscConfig                      0x08001a48   Section        0  stm32f1xx_hal_rcc.o(i.HAL_RCC_OscConfig)
    i.HAL_RTCEx_BKUPRead                     0x08001eac   Section        0  stm32f1xx_hal_rtc_ex.o(i.HAL_RTCEx_BKUPRead)
    i.HAL_RTCEx_BKUPWrite                    0x08001ec4   Section        0  stm32f1xx_hal_rtc_ex.o(i.HAL_RTCEx_BKUPWrite)
    i.HAL_RTCEx_RTCEventCallback             0x08001edc   Section        0  stm32f1xx_hal_rtc_ex.o(i.HAL_RTCEx_RTCEventCallback)
    i.HAL_RTCEx_RTCEventErrorCallback        0x08001ede   Section        0  stm32f1xx_hal_rtc_ex.o(i.HAL_RTCEx_RTCEventErrorCallback)
    i.HAL_RTCEx_RTCIRQHandler                0x08001ee0   Section        0  stm32f1xx_hal_rtc_ex.o(i.HAL_RTCEx_RTCIRQHandler)
    i.HAL_RTCEx_SetSecond_IT                 0x08001f2e   Section        0  stm32f1xx_hal_rtc_ex.o(i.HAL_RTCEx_SetSecond_IT)
    i.HAL_RTC_Init                           0x08001f68   Section        0  stm32f1xx_hal_rtc.o(i.HAL_RTC_Init)
    i.HAL_RTC_MspInit                        0x08002038   Section        0  rtc.o(i.HAL_RTC_MspInit)
    i.HAL_RTC_WaitForSynchro                 0x08002088   Section        0  stm32f1xx_hal_rtc.o(i.HAL_RTC_WaitForSynchro)
    i.HAL_SYSTICK_Config                     0x080020c8   Section        0  stm32f1xx_hal_cortex.o(i.HAL_SYSTICK_Config)
    i.HAL_TIMEx_BreakCallback                0x080020fc   Section        0  stm32f1xx_hal_tim_ex.o(i.HAL_TIMEx_BreakCallback)
    i.HAL_TIMEx_CommutCallback               0x080020fe   Section        0  stm32f1xx_hal_tim_ex.o(i.HAL_TIMEx_CommutCallback)
    i.HAL_TIMEx_MasterConfigSynchronization  0x08002100   Section        0  stm32f1xx_hal_tim_ex.o(i.HAL_TIMEx_MasterConfigSynchronization)
    i.HAL_TIM_Base_Init                      0x0800219c   Section        0  stm32f1xx_hal_tim.o(i.HAL_TIM_Base_Init)
    i.HAL_TIM_Base_MspInit                   0x08002204   Section        0  tim.o(i.HAL_TIM_Base_MspInit)
    i.HAL_TIM_Base_Start_IT                  0x08002248   Section        0  stm32f1xx_hal_tim.o(i.HAL_TIM_Base_Start_IT)
    i.HAL_TIM_ConfigClockSource              0x080022d8   Section        0  stm32f1xx_hal_tim.o(i.HAL_TIM_ConfigClockSource)
    i.HAL_TIM_IC_CaptureCallback             0x080023e0   Section        0  stm32f1xx_hal_tim.o(i.HAL_TIM_IC_CaptureCallback)
    i.HAL_TIM_IRQHandler                     0x080023e2   Section        0  stm32f1xx_hal_tim.o(i.HAL_TIM_IRQHandler)
    i.HAL_TIM_OC_DelayElapsedCallback        0x08002578   Section        0  stm32f1xx_hal_tim.o(i.HAL_TIM_OC_DelayElapsedCallback)
    i.HAL_TIM_PWM_PulseFinishedCallback      0x0800257a   Section        0  stm32f1xx_hal_tim.o(i.HAL_TIM_PWM_PulseFinishedCallback)
    i.HAL_TIM_PeriodElapsedCallback          0x0800257c   Section        0  tim.o(i.HAL_TIM_PeriodElapsedCallback)
    i.HAL_TIM_TriggerCallback                0x0800259c   Section        0  stm32f1xx_hal_tim.o(i.HAL_TIM_TriggerCallback)
    i.HAL_UARTEx_RxEventCallback             0x0800259e   Section        0  stm32f1xx_hal_uart.o(i.HAL_UARTEx_RxEventCallback)
    i.HAL_UART_AbortReceive                  0x080025a0   Section        0  stm32f1xx_hal_uart.o(i.HAL_UART_AbortReceive)
    i.HAL_UART_ErrorCallback                 0x0800261a   Section        0  stm32f1xx_hal_uart.o(i.HAL_UART_ErrorCallback)
    i.HAL_UART_IRQHandler                    0x0800261c   Section        0  stm32f1xx_hal_uart.o(i.HAL_UART_IRQHandler)
    i.HAL_UART_Init                          0x08002868   Section        0  stm32f1xx_hal_uart.o(i.HAL_UART_Init)
    i.HAL_UART_MspInit                       0x080028dc   Section        0  usart.o(i.HAL_UART_MspInit)
    i.HAL_UART_Receive_DMA                   0x08002be8   Section        0  stm32f1xx_hal_uart.o(i.HAL_UART_Receive_DMA)
    i.HAL_UART_RxCpltCallback                0x08002c2a   Section        0  stm32f1xx_hal_uart.o(i.HAL_UART_RxCpltCallback)
    i.HAL_UART_RxHalfCpltCallback            0x08002c2c   Section        0  stm32f1xx_hal_uart.o(i.HAL_UART_RxHalfCpltCallback)
    i.HAL_UART_Transmit                      0x08002c2e   Section        0  stm32f1xx_hal_uart.o(i.HAL_UART_Transmit)
    i.HAL_UART_Transmit_DMA                  0x08002d00   Section        0  stm32f1xx_hal_uart.o(i.HAL_UART_Transmit_DMA)
    i.HAL_UART_TxCpltCallback                0x08002d9c   Section        0  usart.o(i.HAL_UART_TxCpltCallback)
    i.HAL_UART_TxHalfCpltCallback            0x080030f8   Section        0  stm32f1xx_hal_uart.o(i.HAL_UART_TxHalfCpltCallback)
    i.HardFault_Handler                      0x080030fa   Section        0  stm32f1xx_it.o(i.HardFault_Handler)
    i.Is_Leap_Year                           0x080030fe   Section        0  rtc.o(i.Is_Leap_Year)
    i.LxClear                                0x08003138   Section        0  lx12864.o(i.LxClear)
    i.LxPutChar                              0x08003178   Section        0  lx12864.o(i.LxPutChar)
    i.LxPutStr                               0x08003220   Section        0  lx12864.o(i.LxPutStr)
    i.Lx_Init                                0x08003258   Section        0  lx12864.o(i.Lx_Init)
    i.MX_DMA_Init                            0x080032e8   Section        0  dma.o(i.MX_DMA_Init)
    i.MX_GPIO_Init                           0x0800334c   Section        0  gpio.o(i.MX_GPIO_Init)
    i.MX_TIM3_Init                           0x080033e4   Section        0  tim.o(i.MX_TIM3_Init)
    i.MX_UART4_Init                          0x08003450   Section        0  usart.o(i.MX_UART4_Init)
    i.MX_UART5_Init                          0x08003488   Section        0  usart.o(i.MX_UART5_Init)
    i.MX_USART1_UART_Init                    0x080034c0   Section        0  usart.o(i.MX_USART1_UART_Init)
    i.MX_USART2_UART_Init                    0x080034f8   Section        0  usart.o(i.MX_USART2_UART_Init)
    i.MY_RTC_Init                            0x08003530   Section        0  rtc.o(i.MY_RTC_Init)
    i.MemManage_Handler                      0x080035ac   Section        0  stm32f1xx_it.o(i.MemManage_Handler)
    i.NMI_Handler                            0x080035b0   Section        0  stm32f1xx_it.o(i.NMI_Handler)
    i.PendSV_Handler                         0x080035b2   Section        0  stm32f1xx_it.o(i.PendSV_Handler)
    i.RCC_Delay                              0x080035b4   Section        0  stm32f1xx_hal_rcc.o(i.RCC_Delay)
    RCC_Delay                                0x080035b5   Thumb Code    36  stm32f1xx_hal_rcc.o(i.RCC_Delay)
    i.RTC_CalendarShow                       0x080035dc   Section        0  rtc.o(i.RTC_CalendarShow)
    i.RTC_EnterInitMode                      0x0800366c   Section        0  rtc.o(i.RTC_EnterInitMode)
    RTC_EnterInitMode                        0x0800366d   Thumb Code    58  rtc.o(i.RTC_EnterInitMode)
    i.RTC_EnterInitMode                      0x080036a6   Section        0  stm32f1xx_hal_rtc.o(i.RTC_EnterInitMode)
    RTC_EnterInitMode                        0x080036a7   Thumb Code    58  stm32f1xx_hal_rtc.o(i.RTC_EnterInitMode)
    i.RTC_ExitInitMode                       0x080036e0   Section        0  rtc.o(i.RTC_ExitInitMode)
    RTC_ExitInitMode                         0x080036e1   Thumb Code    58  rtc.o(i.RTC_ExitInitMode)
    i.RTC_ExitInitMode                       0x0800371a   Section        0  stm32f1xx_hal_rtc.o(i.RTC_ExitInitMode)
    RTC_ExitInitMode                         0x0800371b   Thumb Code    58  stm32f1xx_hal_rtc.o(i.RTC_ExitInitMode)
    i.RTC_Get                                0x08003754   Section        0  rtc.o(i.RTC_Get)
    i.RTC_Get_Week                           0x0800385c   Section        0  rtc.o(i.RTC_Get_Week)
    i.RTC_IRQHandler                         0x0800390c   Section        0  stm32f1xx_it.o(i.RTC_IRQHandler)
    i.RTC_ReadTimeCounter                    0x0800391c   Section        0  rtc.o(i.RTC_ReadTimeCounter)
    RTC_ReadTimeCounter                      0x0800391d   Thumb Code    52  rtc.o(i.RTC_ReadTimeCounter)
    i.RTC_Set                                0x08003950   Section        0  rtc.o(i.RTC_Set)
    i.RTC_SetCounter                         0x08003a40   Section        0  rtc.o(i.RTC_SetCounter)
    RTC_SetCounter                           0x08003a41   Thumb Code    46  rtc.o(i.RTC_SetCounter)
    i.RTC_Show                               0x08003a70   Section        0  rtc.o(i.RTC_Show)
    i.SCL3300_D01_Enable_Angle_Outputs       0x08003a90   Section        0  scl3300.o(i.SCL3300_D01_Enable_Angle_Outputs)
    i.SCL3300_D01_ReadSensorData             0x08003ab0   Section        0  scl3300.o(i.SCL3300_D01_ReadSensorData)
    i.SCL3300_D01_Read_STATUS                0x08003c70   Section        0  scl3300.o(i.SCL3300_D01_Read_STATUS)
    i.SCL3300_D01_SetMeasurementMode         0x08003c9c   Section        0  scl3300.o(i.SCL3300_D01_SetMeasurementMode)
    i.SCL3300_D01_init                       0x08003cf4   Section        0  scl3300.o(i.SCL3300_D01_init)
    i.SCL3300_TransmitReceive                0x08003d74   Section        0  scl3300.o(i.SCL3300_TransmitReceive)
    SCL3300_TransmitReceive                  0x08003d75   Thumb Code   232  scl3300.o(i.SCL3300_TransmitReceive)
    i.SVC_Handler                            0x08003e60   Section        0  stm32f1xx_it.o(i.SVC_Handler)
    i.StartTimer                             0x08003e62   Section        0  tim.o(i.StartTimer)
    i.SysTick_Handler                        0x08003e6e   Section        0  stm32f1xx_it.o(i.SysTick_Handler)
    i.SystemClock_Config                     0x08003e76   Section        0  main.o(i.SystemClock_Config)
    i.SystemInit                             0x08003efe   Section        0  system_stm32f1xx.o(i.SystemInit)
    i.TIM3_IRQHandler                        0x08003f00   Section        0  stm32f1xx_it.o(i.TIM3_IRQHandler)
    i.TIM_Base_SetConfig                     0x08003f10   Section        0  stm32f1xx_hal_tim.o(i.TIM_Base_SetConfig)
    i.TIM_ETR_SetConfig                      0x08003fac   Section        0  stm32f1xx_hal_tim.o(i.TIM_ETR_SetConfig)
    i.TIM_ITRx_SetConfig                     0x08003fc2   Section        0  stm32f1xx_hal_tim.o(i.TIM_ITRx_SetConfig)
    TIM_ITRx_SetConfig                       0x08003fc3   Thumb Code    18  stm32f1xx_hal_tim.o(i.TIM_ITRx_SetConfig)
    i.TIM_TI1_ConfigInputStage               0x08003fd4   Section        0  stm32f1xx_hal_tim.o(i.TIM_TI1_ConfigInputStage)
    TIM_TI1_ConfigInputStage                 0x08003fd5   Thumb Code    38  stm32f1xx_hal_tim.o(i.TIM_TI1_ConfigInputStage)
    i.TIM_TI2_ConfigInputStage               0x08003ffa   Section        0  stm32f1xx_hal_tim.o(i.TIM_TI2_ConfigInputStage)
    TIM_TI2_ConfigInputStage                 0x08003ffb   Thumb Code    40  stm32f1xx_hal_tim.o(i.TIM_TI2_ConfigInputStage)
    i.Time                                   0x08004024   Section        0  tim.o(i.Time)
    i.UART4_IRQHandler                       0x08004124   Section        0  usart.o(i.UART4_IRQHandler)
    i.UART5_IRQHandler                       0x08004170   Section        0  stm32f1xx_it.o(i.UART5_IRQHandler)
    i.UART_DMAAbortOnError                   0x08004180   Section        0  stm32f1xx_hal_uart.o(i.UART_DMAAbortOnError)
    UART_DMAAbortOnError                     0x08004181   Thumb Code    20  stm32f1xx_hal_uart.o(i.UART_DMAAbortOnError)
    i.UART_DMAError                          0x08004194   Section        0  stm32f1xx_hal_uart.o(i.UART_DMAError)
    UART_DMAError                            0x08004195   Thumb Code    80  stm32f1xx_hal_uart.o(i.UART_DMAError)
    i.UART_DMAReceiveCplt                    0x080041e4   Section        0  stm32f1xx_hal_uart.o(i.UART_DMAReceiveCplt)
    UART_DMAReceiveCplt                      0x080041e5   Thumb Code   104  stm32f1xx_hal_uart.o(i.UART_DMAReceiveCplt)
    i.UART_DMARxHalfCplt                     0x0800424c   Section        0  stm32f1xx_hal_uart.o(i.UART_DMARxHalfCplt)
    UART_DMARxHalfCplt                       0x0800424d   Thumb Code    32  stm32f1xx_hal_uart.o(i.UART_DMARxHalfCplt)
    i.UART_DMATransmitCplt                   0x0800426c   Section        0  stm32f1xx_hal_uart.o(i.UART_DMATransmitCplt)
    UART_DMATransmitCplt                     0x0800426d   Thumb Code    54  stm32f1xx_hal_uart.o(i.UART_DMATransmitCplt)
    i.UART_DMATxHalfCplt                     0x080042a2   Section        0  stm32f1xx_hal_uart.o(i.UART_DMATxHalfCplt)
    UART_DMATxHalfCplt                       0x080042a3   Thumb Code    14  stm32f1xx_hal_uart.o(i.UART_DMATxHalfCplt)
    i.UART_EndRxTransfer                     0x080042b0   Section        0  stm32f1xx_hal_uart.o(i.UART_EndRxTransfer)
    UART_EndRxTransfer                       0x080042b1   Thumb Code    54  stm32f1xx_hal_uart.o(i.UART_EndRxTransfer)
    i.UART_EndTransmit_IT                    0x080042e6   Section        0  stm32f1xx_hal_uart.o(i.UART_EndTransmit_IT)
    UART_EndTransmit_IT                      0x080042e7   Thumb Code    32  stm32f1xx_hal_uart.o(i.UART_EndTransmit_IT)
    i.UART_EndTxTransfer                     0x08004306   Section        0  stm32f1xx_hal_uart.o(i.UART_EndTxTransfer)
    UART_EndTxTransfer                       0x08004307   Thumb Code    20  stm32f1xx_hal_uart.o(i.UART_EndTxTransfer)
    i.UART_IDLE_Callback                     0x0800431c   Section        0  usart.o(i.UART_IDLE_Callback)
    i.UART_Receive_IT                        0x080045d0   Section        0  stm32f1xx_hal_uart.o(i.UART_Receive_IT)
    UART_Receive_IT                          0x080045d1   Thumb Code   228  stm32f1xx_hal_uart.o(i.UART_Receive_IT)
    i.UART_SetConfig                         0x080046b4   Section        0  stm32f1xx_hal_uart.o(i.UART_SetConfig)
    UART_SetConfig                           0x080046b5   Thumb Code   248  stm32f1xx_hal_uart.o(i.UART_SetConfig)
    i.UART_Start_Receive_DMA                 0x080047b0   Section        0  stm32f1xx_hal_uart.o(i.UART_Start_Receive_DMA)
    i.UART_Transmit_IT                       0x08004848   Section        0  stm32f1xx_hal_uart.o(i.UART_Transmit_IT)
    UART_Transmit_IT                         0x08004849   Thumb Code    96  stm32f1xx_hal_uart.o(i.UART_Transmit_IT)
    i.UART_WaitOnFlagUntilTimeout            0x080048a8   Section        0  stm32f1xx_hal_uart.o(i.UART_WaitOnFlagUntilTimeout)
    UART_WaitOnFlagUntilTimeout              0x080048a9   Thumb Code   108  stm32f1xx_hal_uart.o(i.UART_WaitOnFlagUntilTimeout)
    i.USART1_IRQHandler                      0x08004914   Section        0  stm32f1xx_it.o(i.USART1_IRQHandler)
    i.USART2_IRQHandler                      0x08004928   Section        0  stm32f1xx_it.o(i.USART2_IRQHandler)
    i.Uart4_sendchar                         0x0800493c   Section        0  usart.o(i.Uart4_sendchar)
    i.Uart4_sendstr                          0x08004958   Section        0  usart.o(i.Uart4_sendstr)
    i.UartUserInit                           0x08004970   Section        0  usart.o(i.UartUserInit)
    i.UsageFault_Handler                     0x08004a5c   Section        0  stm32f1xx_it.o(i.UsageFault_Handler)
    i.WriteCommand                           0x08004a60   Section        0  lx12864.o(i.WriteCommand)
    i.WriteData                              0x08004ae4   Section        0  lx12864.o(i.WriteData)
    i.__0printf                              0x08004b68   Section        0  printfa.o(i.__0printf)
    i.__0sprintf                             0x08004b88   Section        0  printfa.o(i.__0sprintf)
    i.__NVIC_GetPriorityGrouping             0x08004bb0   Section        0  stm32f1xx_hal_cortex.o(i.__NVIC_GetPriorityGrouping)
    __NVIC_GetPriorityGrouping               0x08004bb1   Thumb Code    10  stm32f1xx_hal_cortex.o(i.__NVIC_GetPriorityGrouping)
    i.__NVIC_SetPriority                     0x08004bc0   Section        0  stm32f1xx_hal_cortex.o(i.__NVIC_SetPriority)
    __NVIC_SetPriority                       0x08004bc1   Thumb Code    32  stm32f1xx_hal_cortex.o(i.__NVIC_SetPriority)
    i.__scatterload_copy                     0x08004be8   Section       14  handlers.o(i.__scatterload_copy)
    i.__scatterload_null                     0x08004bf6   Section        2  handlers.o(i.__scatterload_null)
    i.__scatterload_zeroinit                 0x08004bf8   Section       14  handlers.o(i.__scatterload_zeroinit)
    i._fp_digits                             0x08004c08   Section        0  printfa.o(i._fp_digits)
    _fp_digits                               0x08004c09   Thumb Code   366  printfa.o(i._fp_digits)
    i._printf_core                           0x08004d8c   Section        0  printfa.o(i._printf_core)
    _printf_core                             0x08004d8d   Thumb Code  1744  printfa.o(i._printf_core)
    i._printf_post_padding                   0x08005468   Section        0  printfa.o(i._printf_post_padding)
    _printf_post_padding                     0x08005469   Thumb Code    36  printfa.o(i._printf_post_padding)
    i._printf_pre_padding                    0x0800548c   Section        0  printfa.o(i._printf_pre_padding)
    _printf_pre_padding                      0x0800548d   Thumb Code    46  printfa.o(i._printf_pre_padding)
    i._sputc                                 0x080054ba   Section        0  printfa.o(i._sputc)
    _sputc                                   0x080054bb   Thumb Code    10  printfa.o(i._sputc)
    i.data_rtx_lora                          0x080054c4   Section        0  dl7215.o(i.data_rtx_lora)
    i.delay_init                             0x08005504   Section        0  delay.o(i.delay_init)
    i.delay_ms                               0x08005544   Section        0  delay.o(i.delay_ms)
    i.delay_us                               0x08005580   Section        0  delay.o(i.delay_us)
    i.dl7215_init                            0x080055bc   Section        0  dl7215.o(i.dl7215_init)
    i.fputc                                  0x08005600   Section        0  usart.o(i.fputc)
    i.lx12864_gpio_init                      0x0800561c   Section        0  lx12864.o(i.lx12864_gpio_init)
    i.main                                   0x08005668   Section        0  main.o(i.main)
    i.scl3300_gpio_init                      0x080057f4   Section        0  scl3300.o(i.scl3300_gpio_init)
    i.scl3300_send_recv_byte                 0x08005844   Section        0  scl3300.o(i.scl3300_send_recv_byte)
    i.send_cmd_dl7215                        0x080058c4   Section        0  dl7215.o(i.send_cmd_dl7215)
    send_cmd_dl7215                          0x080058c5   Thumb Code   144  dl7215.o(i.send_cmd_dl7215)
    .constdata                               0x0800598c   Section       12  rtc.o(.constdata)
    .constdata                               0x08005998   Section       24  system_stm32f1xx.o(.constdata)
    .data                                    0x20000000   Section        2  rtc.o(.data)
    daycnt                                   0x20000000   Data           2  rtc.o(.data)
    .data                                    0x20000004   Section       16  tim.o(.data)
    .data                                    0x20000014   Section        8  usart.o(.data)
    .data                                    0x2000001c   Section        4  delay.o(.data)
    fac_us                                   0x2000001c   Data           1  delay.o(.data)
    fac_ms                                   0x2000001e   Data           2  delay.o(.data)
    .data                                    0x20000020   Section        4  scl3300.o(.data)
    .data                                    0x20000024   Section        1  dl7215.o(.data)
    fserver_mac_cmd                          0x20000024   Data           1  dl7215.o(.data)
    .data                                    0x20000025   Section     1544  lx12864.o(.data)
    .data                                    0x20000630   Section        9  stm32f1xx_hal.o(.data)
    .data                                    0x2000063c   Section        4  system_stm32f1xx.o(.data)
    .bss                                     0x20000640   Section      188  rtc.o(.bss)
    .bss                                     0x200006fc   Section       72  tim.o(.bss)
    .bss                                     0x20000744   Section     5224  usart.o(.bss)
    Uart2CurRxBuf                            0x20000744   Data        2048  usart.o(.bss)
    Uart1CurRxBuf                            0x2000175c   Data         256  usart.o(.bss)
    .bss                                     0x20001bac   Section      292  scl3300.o(.bss)
    .bss                                     0x20001cd0   Section      256  dl7215.o(.bss)
    dl7215_cmd_buf                           0x20001cd0   Data         256  dl7215.o(.bss)
    STACK                                    0x20001dd0   Section     1024  startup_stm32f103xe.o(STACK)

    Global Symbols

    Symbol Name                              Value     Ov Type        Size  Object(Section)

    BuildAttributes$$THM_ISAv4$P$D$K$B$S$PE$A:L22UL41UL21$X:L11$S22US41US21$IEEE1$IW$USESV6$~STKCKD$USESV7$~SHL$OTIME$ROPI$EBA8$MICROLIB$REQ8$PRES8$EABIv2 0x00000000   Number         0  anon$$obj.o ABSOLUTE
    __ARM_use_no_argv                        0x00000000   Number         0  main.o ABSOLUTE
    __use_no_errno                           0x00000000   Number         0  useno.o ABSOLUTE
    __use_no_exception_handling              0x00000000   Number         0  useno.o ABSOLUTE
    __use_no_fp                              0x00000000   Number         0  useno.o ABSOLUTE
    __use_no_heap                            0x00000000   Number         0  useno.o ABSOLUTE
    __use_no_heap_region                     0x00000000   Number         0  useno.o ABSOLUTE
    __use_no_semihosting                     0x00000000   Number         0  useno.o ABSOLUTE
    __use_no_semihosting_swi                 0x00000000   Number         0  useno.o ABSOLUTE
    __use_no_signal_handling                 0x00000000   Number         0  useno.o ABSOLUTE
    _printf_a                                0x00000000   Number         0  stubs.o ABSOLUTE
    _printf_c                                0x00000000   Number         0  stubs.o ABSOLUTE
    _printf_charcount                        0x00000000   Number         0  stubs.o ABSOLUTE
    _printf_d                                0x00000000   Number         0  stubs.o ABSOLUTE
    _printf_e                                0x00000000   Number         0  stubs.o ABSOLUTE
    _printf_f                                0x00000000   Number         0  stubs.o ABSOLUTE
    _printf_flags                            0x00000000   Number         0  stubs.o ABSOLUTE
    _printf_fp_dec                           0x00000000   Number         0  stubs.o ABSOLUTE
    _printf_fp_hex                           0x00000000   Number         0  stubs.o ABSOLUTE
    _printf_g                                0x00000000   Number         0  stubs.o ABSOLUTE
    _printf_i                                0x00000000   Number         0  stubs.o ABSOLUTE
    _printf_int_dec                          0x00000000   Number         0  stubs.o ABSOLUTE
    _printf_l                                0x00000000   Number         0  stubs.o ABSOLUTE
    _printf_lc                               0x00000000   Number         0  stubs.o ABSOLUTE
    _printf_ll                               0x00000000   Number         0  stubs.o ABSOLUTE
    _printf_lld                              0x00000000   Number         0  stubs.o ABSOLUTE
    _printf_lli                              0x00000000   Number         0  stubs.o ABSOLUTE
    _printf_llo                              0x00000000   Number         0  stubs.o ABSOLUTE
    _printf_llu                              0x00000000   Number         0  stubs.o ABSOLUTE
    _printf_llx                              0x00000000   Number         0  stubs.o ABSOLUTE
    _printf_longlong_dec                     0x00000000   Number         0  stubs.o ABSOLUTE
    _printf_longlong_hex                     0x00000000   Number         0  stubs.o ABSOLUTE
    _printf_longlong_oct                     0x00000000   Number         0  stubs.o ABSOLUTE
    _printf_ls                               0x00000000   Number         0  stubs.o ABSOLUTE
    _printf_mbtowc                           0x00000000   Number         0  stubs.o ABSOLUTE
    _printf_n                                0x00000000   Number         0  stubs.o ABSOLUTE
    _printf_o                                0x00000000   Number         0  stubs.o ABSOLUTE
    _printf_p                                0x00000000   Number         0  stubs.o ABSOLUTE
    _printf_percent                          0x00000000   Number         0  stubs.o ABSOLUTE
    _printf_pre_padding                      0x00000000   Number         0  stubs.o ABSOLUTE
    _printf_return_value                     0x00000000   Number         0  stubs.o ABSOLUTE
    _printf_s                                0x00000000   Number         0  stubs.o ABSOLUTE
    _printf_sizespec                         0x00000000   Number         0  stubs.o ABSOLUTE
    _printf_str                              0x00000000   Number         0  stubs.o ABSOLUTE
    _printf_truncate_signed                  0x00000000   Number         0  stubs.o ABSOLUTE
    _printf_truncate_unsigned                0x00000000   Number         0  stubs.o ABSOLUTE
    _printf_u                                0x00000000   Number         0  stubs.o ABSOLUTE
    _printf_wc                               0x00000000   Number         0  stubs.o ABSOLUTE
    _printf_wctomb                           0x00000000   Number         0  stubs.o ABSOLUTE
    _printf_widthprec                        0x00000000   Number         0  stubs.o ABSOLUTE
    _printf_x                                0x00000000   Number         0  stubs.o ABSOLUTE
    __cpp_initialize__aeabi_                  - Undefined Weak Reference
    __cxa_finalize                            - Undefined Weak Reference
    _clock_init                               - Undefined Weak Reference
    _microlib_exit                            - Undefined Weak Reference
    __Vectors_Size                           0x00000130   Number         0  startup_stm32f103xe.o ABSOLUTE
    __Vectors                                0x08000000   Data           4  startup_stm32f103xe.o(RESET)
    __Vectors_End                            0x08000130   Data           0  startup_stm32f103xe.o(RESET)
    __main                                   0x08000131   Thumb Code     0  entry.o(.ARM.Collect$$$$00000000)
    _main_stk                                0x08000131   Thumb Code     0  entry2.o(.ARM.Collect$$$$00000001)
    _main_scatterload                        0x08000135   Thumb Code     0  entry5.o(.ARM.Collect$$$$00000004)
    __main_after_scatterload                 0x08000139   Thumb Code     0  entry5.o(.ARM.Collect$$$$00000004)
    _main_clock                              0x08000139   Thumb Code     0  entry7b.o(.ARM.Collect$$$$00000008)
    _main_cpp_init                           0x08000139   Thumb Code     0  entry8b.o(.ARM.Collect$$$$0000000A)
    _main_init                               0x08000139   Thumb Code     0  entry9a.o(.ARM.Collect$$$$0000000B)
    __rt_final_cpp                           0x08000141   Thumb Code     0  entry10a.o(.ARM.Collect$$$$0000000D)
    __rt_final_exit                          0x08000141   Thumb Code     0  entry11a.o(.ARM.Collect$$$$0000000F)
    Reset_Handler                            0x08000145   Thumb Code     8  startup_stm32f103xe.o(.text)
    ADC1_2_IRQHandler                        0x0800015f   Thumb Code     0  startup_stm32f103xe.o(.text)
    ADC3_IRQHandler                          0x0800015f   Thumb Code     0  startup_stm32f103xe.o(.text)
    CAN1_RX1_IRQHandler                      0x0800015f   Thumb Code     0  startup_stm32f103xe.o(.text)
    CAN1_SCE_IRQHandler                      0x0800015f   Thumb Code     0  startup_stm32f103xe.o(.text)
    DMA1_Channel1_IRQHandler                 0x0800015f   Thumb Code     0  startup_stm32f103xe.o(.text)
    DMA1_Channel2_IRQHandler                 0x0800015f   Thumb Code     0  startup_stm32f103xe.o(.text)
    DMA1_Channel3_IRQHandler                 0x0800015f   Thumb Code     0  startup_stm32f103xe.o(.text)
    DMA2_Channel1_IRQHandler                 0x0800015f   Thumb Code     0  startup_stm32f103xe.o(.text)
    DMA2_Channel2_IRQHandler                 0x0800015f   Thumb Code     0  startup_stm32f103xe.o(.text)
    DMA2_Channel3_IRQHandler                 0x0800015f   Thumb Code     0  startup_stm32f103xe.o(.text)
    DMA2_Channel4_5_IRQHandler               0x0800015f   Thumb Code     0  startup_stm32f103xe.o(.text)
    EXTI0_IRQHandler                         0x0800015f   Thumb Code     0  startup_stm32f103xe.o(.text)
    EXTI15_10_IRQHandler                     0x0800015f   Thumb Code     0  startup_stm32f103xe.o(.text)
    EXTI1_IRQHandler                         0x0800015f   Thumb Code     0  startup_stm32f103xe.o(.text)
    EXTI2_IRQHandler                         0x0800015f   Thumb Code     0  startup_stm32f103xe.o(.text)
    EXTI3_IRQHandler                         0x0800015f   Thumb Code     0  startup_stm32f103xe.o(.text)
    EXTI4_IRQHandler                         0x0800015f   Thumb Code     0  startup_stm32f103xe.o(.text)
    EXTI9_5_IRQHandler                       0x0800015f   Thumb Code     0  startup_stm32f103xe.o(.text)
    FLASH_IRQHandler                         0x0800015f   Thumb Code     0  startup_stm32f103xe.o(.text)
    FSMC_IRQHandler                          0x0800015f   Thumb Code     0  startup_stm32f103xe.o(.text)
    I2C1_ER_IRQHandler                       0x0800015f   Thumb Code     0  startup_stm32f103xe.o(.text)
    I2C1_EV_IRQHandler                       0x0800015f   Thumb Code     0  startup_stm32f103xe.o(.text)
    I2C2_ER_IRQHandler                       0x0800015f   Thumb Code     0  startup_stm32f103xe.o(.text)
    I2C2_EV_IRQHandler                       0x0800015f   Thumb Code     0  startup_stm32f103xe.o(.text)
    PVD_IRQHandler                           0x0800015f   Thumb Code     0  startup_stm32f103xe.o(.text)
    RCC_IRQHandler                           0x0800015f   Thumb Code     0  startup_stm32f103xe.o(.text)
    RTC_Alarm_IRQHandler                     0x0800015f   Thumb Code     0  startup_stm32f103xe.o(.text)
    SDIO_IRQHandler                          0x0800015f   Thumb Code     0  startup_stm32f103xe.o(.text)
    SPI1_IRQHandler                          0x0800015f   Thumb Code     0  startup_stm32f103xe.o(.text)
    SPI2_IRQHandler                          0x0800015f   Thumb Code     0  startup_stm32f103xe.o(.text)
    SPI3_IRQHandler                          0x0800015f   Thumb Code     0  startup_stm32f103xe.o(.text)
    TAMPER_IRQHandler                        0x0800015f   Thumb Code     0  startup_stm32f103xe.o(.text)
    TIM1_BRK_IRQHandler                      0x0800015f   Thumb Code     0  startup_stm32f103xe.o(.text)
    TIM1_CC_IRQHandler                       0x0800015f   Thumb Code     0  startup_stm32f103xe.o(.text)
    TIM1_TRG_COM_IRQHandler                  0x0800015f   Thumb Code     0  startup_stm32f103xe.o(.text)
    TIM1_UP_IRQHandler                       0x0800015f   Thumb Code     0  startup_stm32f103xe.o(.text)
    TIM2_IRQHandler                          0x0800015f   Thumb Code     0  startup_stm32f103xe.o(.text)
    TIM4_IRQHandler                          0x0800015f   Thumb Code     0  startup_stm32f103xe.o(.text)
    TIM5_IRQHandler                          0x0800015f   Thumb Code     0  startup_stm32f103xe.o(.text)
    TIM6_IRQHandler                          0x0800015f   Thumb Code     0  startup_stm32f103xe.o(.text)
    TIM7_IRQHandler                          0x0800015f   Thumb Code     0  startup_stm32f103xe.o(.text)
    TIM8_BRK_IRQHandler                      0x0800015f   Thumb Code     0  startup_stm32f103xe.o(.text)
    TIM8_CC_IRQHandler                       0x0800015f   Thumb Code     0  startup_stm32f103xe.o(.text)
    TIM8_TRG_COM_IRQHandler                  0x0800015f   Thumb Code     0  startup_stm32f103xe.o(.text)
    TIM8_UP_IRQHandler                       0x0800015f   Thumb Code     0  startup_stm32f103xe.o(.text)
    USART3_IRQHandler                        0x0800015f   Thumb Code     0  startup_stm32f103xe.o(.text)
    USBWakeUp_IRQHandler                     0x0800015f   Thumb Code     0  startup_stm32f103xe.o(.text)
    USB_HP_CAN1_TX_IRQHandler                0x0800015f   Thumb Code     0  startup_stm32f103xe.o(.text)
    USB_LP_CAN1_RX0_IRQHandler               0x0800015f   Thumb Code     0  startup_stm32f103xe.o(.text)
    WWDG_IRQHandler                          0x0800015f   Thumb Code     0  startup_stm32f103xe.o(.text)
    __aeabi_llsr                             0x08000169   Thumb Code    32  llushr.o(.text)
    _ll_ushift_r                             0x08000169   Thumb Code     0  llushr.o(.text)
    __aeabi_memcpy                           0x08000189   Thumb Code    36  memcpya.o(.text)
    __aeabi_memcpy4                          0x08000189   Thumb Code     0  memcpya.o(.text)
    __aeabi_memcpy8                          0x08000189   Thumb Code     0  memcpya.o(.text)
    __aeabi_memset                           0x080001ad   Thumb Code    14  memseta.o(.text)
    __aeabi_memset4                          0x080001ad   Thumb Code     0  memseta.o(.text)
    __aeabi_memset8                          0x080001ad   Thumb Code     0  memseta.o(.text)
    __aeabi_memclr                           0x080001bb   Thumb Code     4  memseta.o(.text)
    __aeabi_memclr4                          0x080001bb   Thumb Code     0  memseta.o(.text)
    __aeabi_memclr8                          0x080001bb   Thumb Code     0  memseta.o(.text)
    _memset$wrapper                          0x080001bf   Thumb Code    18  memseta.o(.text)
    strstr                                   0x080001d1   Thumb Code    36  strstr.o(.text)
    __aeabi_dadd                             0x080001f5   Thumb Code   322  dadd.o(.text)
    __aeabi_dsub                             0x08000337   Thumb Code     6  dadd.o(.text)
    __aeabi_drsub                            0x0800033d   Thumb Code     6  dadd.o(.text)
    __aeabi_dmul                             0x08000343   Thumb Code   228  dmul.o(.text)
    __aeabi_ddiv                             0x08000427   Thumb Code   222  ddiv.o(.text)
    __aeabi_i2d                              0x08000505   Thumb Code    34  dflti.o(.text)
    __aeabi_f2d                              0x08000527   Thumb Code    38  f2d.o(.text)
    __aeabi_d2f                              0x0800054d   Thumb Code    56  d2f.o(.text)
    __aeabi_uidiv                            0x08000585   Thumb Code     0  uidiv.o(.text)
    __aeabi_uidivmod                         0x08000585   Thumb Code    44  uidiv.o(.text)
    __aeabi_uldivmod                         0x080005b1   Thumb Code    98  uldiv.o(.text)
    __aeabi_llsl                             0x08000613   Thumb Code    30  llshl.o(.text)
    _ll_shift_l                              0x08000613   Thumb Code     0  llshl.o(.text)
    __aeabi_lasr                             0x08000631   Thumb Code    36  llsshr.o(.text)
    _ll_sshift_r                             0x08000631   Thumb Code     0  llsshr.o(.text)
    __I$use$fp                               0x08000655   Thumb Code     0  iusefp.o(.text)
    _float_round                             0x08000655   Thumb Code    18  fepilogue.o(.text)
    _float_epilogue                          0x08000667   Thumb Code    92  fepilogue.o(.text)
    _double_round                            0x080006c3   Thumb Code    30  depilogue.o(.text)
    _double_epilogue                         0x080006e1   Thumb Code   156  depilogue.o(.text)
    __aeabi_d2ulz                            0x0800077d   Thumb Code    48  dfixul.o(.text)
    __aeabi_cdrcmple                         0x080007ad   Thumb Code    48  cdrcmple.o(.text)
    __scatterload                            0x080007dd   Thumb Code    28  init.o(.text)
    __scatterload_rt2                        0x080007dd   Thumb Code     0  init.o(.text)
    __decompress                             0x08000801   Thumb Code     0  __dczerorl2.o(.text)
    __decompress1                            0x08000801   Thumb Code    86  __dczerorl2.o(.text)
    BusFault_Handler                         0x08000857   Thumb Code     4  stm32f1xx_it.o(i.BusFault_Handler)
    ByteToHexStr                             0x0800085b   Thumb Code    78  scl3300.o(i.ByteToHexStr)
    CalculateCRC                             0x080008c7   Thumb Code    48  scl3300.o(i.CalculateCRC)
    DMA1_Channel4_IRQHandler                 0x080008f9   Thumb Code    10  stm32f1xx_it.o(i.DMA1_Channel4_IRQHandler)
    DMA1_Channel5_IRQHandler                 0x08000909   Thumb Code    10  stm32f1xx_it.o(i.DMA1_Channel5_IRQHandler)
    DMA1_Channel6_IRQHandler                 0x08000919   Thumb Code    10  stm32f1xx_it.o(i.DMA1_Channel6_IRQHandler)
    DMA1_Channel7_IRQHandler                 0x08000929   Thumb Code    10  stm32f1xx_it.o(i.DMA1_Channel7_IRQHandler)
    DMA_Uart1Transmit                        0x08000965   Thumb Code    40  usart.o(i.DMA_Uart1Transmit)
    DebugMon_Handler                         0x08000995   Thumb Code     2  stm32f1xx_it.o(i.DebugMon_Handler)
    Error_Handler                            0x08000997   Thumb Code     2  main.o(i.Error_Handler)
    HAL_DMA_Abort                            0x08000999   Thumb Code    86  stm32f1xx_hal_dma.o(i.HAL_DMA_Abort)
    HAL_DMA_Abort_IT                         0x080009f1   Thumb Code   414  stm32f1xx_hal_dma.o(i.HAL_DMA_Abort_IT)
    HAL_DMA_GetError                         0x08000b99   Thumb Code     6  stm32f1xx_hal_dma.o(i.HAL_DMA_GetError)
    HAL_DMA_IRQHandler                       0x08000ba1   Thumb Code   910  stm32f1xx_hal_dma.o(i.HAL_DMA_IRQHandler)
    HAL_DMA_Init                             0x08000f39   Thumb Code   132  stm32f1xx_hal_dma.o(i.HAL_DMA_Init)
    HAL_DMA_Start_IT                         0x08000fc5   Thumb Code   156  stm32f1xx_hal_dma.o(i.HAL_DMA_Start_IT)
    HAL_GPIO_Init                            0x08001061   Thumb Code   792  stm32f1xx_hal_gpio.o(i.HAL_GPIO_Init)
    HAL_GPIO_ReadPin                         0x080013a1   Thumb Code    16  stm32f1xx_hal_gpio.o(i.HAL_GPIO_ReadPin)
    HAL_GPIO_WritePin                        0x080013b1   Thumb Code    12  stm32f1xx_hal_gpio.o(i.HAL_GPIO_WritePin)
    HAL_GetTick                              0x080013bd   Thumb Code     6  stm32f1xx_hal.o(i.HAL_GetTick)
    HAL_IncTick                              0x080013c9   Thumb Code    16  stm32f1xx_hal.o(i.HAL_IncTick)
    HAL_Init                                 0x080013e1   Thumb Code    34  stm32f1xx_hal.o(i.HAL_Init)
    HAL_InitTick                             0x08001409   Thumb Code    64  stm32f1xx_hal.o(i.HAL_InitTick)
    HAL_MspInit                              0x08001455   Thumb Code    76  stm32f1xx_hal_msp.o(i.HAL_MspInit)
    HAL_NVIC_EnableIRQ                       0x080014a9   Thumb Code    32  stm32f1xx_hal_cortex.o(i.HAL_NVIC_EnableIRQ)
    HAL_NVIC_SetPriority                     0x080014c9   Thumb Code   124  stm32f1xx_hal_cortex.o(i.HAL_NVIC_SetPriority)
    HAL_NVIC_SetPriorityGrouping             0x08001545   Thumb Code    32  stm32f1xx_hal_cortex.o(i.HAL_NVIC_SetPriorityGrouping)
    HAL_PWR_EnableBkUpAccess                 0x0800156d   Thumb Code     8  stm32f1xx_hal_pwr.o(i.HAL_PWR_EnableBkUpAccess)
    HAL_RCCEx_GetPeriphCLKFreq               0x08001579   Thumb Code   276  stm32f1xx_hal_rcc_ex.o(i.HAL_RCCEx_GetPeriphCLKFreq)
    HAL_RCCEx_PeriphCLKConfig                0x080016ad   Thumb Code   290  stm32f1xx_hal_rcc_ex.o(i.HAL_RCCEx_PeriphCLKConfig)
    HAL_RCC_ClockConfig                      0x080017dd   Thumb Code   376  stm32f1xx_hal_rcc.o(i.HAL_RCC_ClockConfig)
    HAL_RCC_GetHCLKFreq                      0x08001969   Thumb Code     6  stm32f1xx_hal_rcc.o(i.HAL_RCC_GetHCLKFreq)
    HAL_RCC_GetPCLK1Freq                     0x08001975   Thumb Code    22  stm32f1xx_hal_rcc.o(i.HAL_RCC_GetPCLK1Freq)
    HAL_RCC_GetPCLK2Freq                     0x08001995   Thumb Code    22  stm32f1xx_hal_rcc.o(i.HAL_RCC_GetPCLK2Freq)
    HAL_RCC_GetSysClockFreq                  0x080019b5   Thumb Code   116  stm32f1xx_hal_rcc.o(i.HAL_RCC_GetSysClockFreq)
    HAL_RCC_OscConfig                        0x08001a49   Thumb Code  1114  stm32f1xx_hal_rcc.o(i.HAL_RCC_OscConfig)
    HAL_RTCEx_BKUPRead                       0x08001ead   Thumb Code    20  stm32f1xx_hal_rtc_ex.o(i.HAL_RTCEx_BKUPRead)
    HAL_RTCEx_BKUPWrite                      0x08001ec5   Thumb Code    18  stm32f1xx_hal_rtc_ex.o(i.HAL_RTCEx_BKUPWrite)
    HAL_RTCEx_RTCEventCallback               0x08001edd   Thumb Code     2  stm32f1xx_hal_rtc_ex.o(i.HAL_RTCEx_RTCEventCallback)
    HAL_RTCEx_RTCEventErrorCallback          0x08001edf   Thumb Code     2  stm32f1xx_hal_rtc_ex.o(i.HAL_RTCEx_RTCEventErrorCallback)
    HAL_RTCEx_RTCIRQHandler                  0x08001ee1   Thumb Code    78  stm32f1xx_hal_rtc_ex.o(i.HAL_RTCEx_RTCIRQHandler)
    HAL_RTCEx_SetSecond_IT                   0x08001f2f   Thumb Code    58  stm32f1xx_hal_rtc_ex.o(i.HAL_RTCEx_SetSecond_IT)
    HAL_RTC_Init                             0x08001f69   Thumb Code   202  stm32f1xx_hal_rtc.o(i.HAL_RTC_Init)
    HAL_RTC_MspInit                          0x08002039   Thumb Code    68  rtc.o(i.HAL_RTC_MspInit)
    HAL_RTC_WaitForSynchro                   0x08002089   Thumb Code    64  stm32f1xx_hal_rtc.o(i.HAL_RTC_WaitForSynchro)
    HAL_SYSTICK_Config                       0x080020c9   Thumb Code    52  stm32f1xx_hal_cortex.o(i.HAL_SYSTICK_Config)
    HAL_TIMEx_BreakCallback                  0x080020fd   Thumb Code     2  stm32f1xx_hal_tim_ex.o(i.HAL_TIMEx_BreakCallback)
    HAL_TIMEx_CommutCallback                 0x080020ff   Thumb Code     2  stm32f1xx_hal_tim_ex.o(i.HAL_TIMEx_CommutCallback)
    HAL_TIMEx_MasterConfigSynchronization    0x08002101   Thumb Code   134  stm32f1xx_hal_tim_ex.o(i.HAL_TIMEx_MasterConfigSynchronization)
    HAL_TIM_Base_Init                        0x0800219d   Thumb Code   102  stm32f1xx_hal_tim.o(i.HAL_TIM_Base_Init)
    HAL_TIM_Base_MspInit                     0x08002205   Thumb Code    58  tim.o(i.HAL_TIM_Base_MspInit)
    HAL_TIM_Base_Start_IT                    0x08002249   Thumb Code   122  stm32f1xx_hal_tim.o(i.HAL_TIM_Base_Start_IT)
    HAL_TIM_ConfigClockSource                0x080022d9   Thumb Code   264  stm32f1xx_hal_tim.o(i.HAL_TIM_ConfigClockSource)
    HAL_TIM_IC_CaptureCallback               0x080023e1   Thumb Code     2  stm32f1xx_hal_tim.o(i.HAL_TIM_IC_CaptureCallback)
    HAL_TIM_IRQHandler                       0x080023e3   Thumb Code   406  stm32f1xx_hal_tim.o(i.HAL_TIM_IRQHandler)
    HAL_TIM_OC_DelayElapsedCallback          0x08002579   Thumb Code     2  stm32f1xx_hal_tim.o(i.HAL_TIM_OC_DelayElapsedCallback)
    HAL_TIM_PWM_PulseFinishedCallback        0x0800257b   Thumb Code     2  stm32f1xx_hal_tim.o(i.HAL_TIM_PWM_PulseFinishedCallback)
    HAL_TIM_PeriodElapsedCallback            0x0800257d   Thumb Code    24  tim.o(i.HAL_TIM_PeriodElapsedCallback)
    HAL_TIM_TriggerCallback                  0x0800259d   Thumb Code     2  stm32f1xx_hal_tim.o(i.HAL_TIM_TriggerCallback)
    HAL_UARTEx_RxEventCallback               0x0800259f   Thumb Code     2  stm32f1xx_hal_uart.o(i.HAL_UARTEx_RxEventCallback)
    HAL_UART_AbortReceive                    0x080025a1   Thumb Code   122  stm32f1xx_hal_uart.o(i.HAL_UART_AbortReceive)
    HAL_UART_ErrorCallback                   0x0800261b   Thumb Code     2  stm32f1xx_hal_uart.o(i.HAL_UART_ErrorCallback)
    HAL_UART_IRQHandler                      0x0800261d   Thumb Code   582  stm32f1xx_hal_uart.o(i.HAL_UART_IRQHandler)
    HAL_UART_Init                            0x08002869   Thumb Code   114  stm32f1xx_hal_uart.o(i.HAL_UART_Init)
    HAL_UART_MspInit                         0x080028dd   Thumb Code   726  usart.o(i.HAL_UART_MspInit)
    HAL_UART_Receive_DMA                     0x08002be9   Thumb Code    66  stm32f1xx_hal_uart.o(i.HAL_UART_Receive_DMA)
    HAL_UART_RxCpltCallback                  0x08002c2b   Thumb Code     2  stm32f1xx_hal_uart.o(i.HAL_UART_RxCpltCallback)
    HAL_UART_RxHalfCpltCallback              0x08002c2d   Thumb Code     2  stm32f1xx_hal_uart.o(i.HAL_UART_RxHalfCpltCallback)
    HAL_UART_Transmit                        0x08002c2f   Thumb Code   210  stm32f1xx_hal_uart.o(i.HAL_UART_Transmit)
    HAL_UART_Transmit_DMA                    0x08002d01   Thumb Code   142  stm32f1xx_hal_uart.o(i.HAL_UART_Transmit_DMA)
    HAL_UART_TxCpltCallback                  0x08002d9d   Thumb Code   832  usart.o(i.HAL_UART_TxCpltCallback)
    HAL_UART_TxHalfCpltCallback              0x080030f9   Thumb Code     2  stm32f1xx_hal_uart.o(i.HAL_UART_TxHalfCpltCallback)
    HardFault_Handler                        0x080030fb   Thumb Code     4  stm32f1xx_it.o(i.HardFault_Handler)
    Is_Leap_Year                             0x080030ff   Thumb Code    58  rtc.o(i.Is_Leap_Year)
    LxClear                                  0x08003139   Thumb Code    60  lx12864.o(i.LxClear)
    LxPutChar                                0x08003179   Thumb Code   158  lx12864.o(i.LxPutChar)
    LxPutStr                                 0x08003221   Thumb Code    54  lx12864.o(i.LxPutStr)
    Lx_Init                                  0x08003259   Thumb Code   138  lx12864.o(i.Lx_Init)
    MX_DMA_Init                              0x080032e9   Thumb Code    96  dma.o(i.MX_DMA_Init)
    MX_GPIO_Init                             0x0800334d   Thumb Code   144  gpio.o(i.MX_GPIO_Init)
    MX_TIM3_Init                             0x080033e5   Thumb Code   100  tim.o(i.MX_TIM3_Init)
    MX_UART4_Init                            0x08003451   Thumb Code    46  usart.o(i.MX_UART4_Init)
    MX_UART5_Init                            0x08003489   Thumb Code    46  usart.o(i.MX_UART5_Init)
    MX_USART1_UART_Init                      0x080034c1   Thumb Code    46  usart.o(i.MX_USART1_UART_Init)
    MX_USART2_UART_Init                      0x080034f9   Thumb Code    46  usart.o(i.MX_USART2_UART_Init)
    MY_RTC_Init                              0x08003531   Thumb Code   114  rtc.o(i.MY_RTC_Init)
    MemManage_Handler                        0x080035ad   Thumb Code     4  stm32f1xx_it.o(i.MemManage_Handler)
    NMI_Handler                              0x080035b1   Thumb Code     2  stm32f1xx_it.o(i.NMI_Handler)
    PendSV_Handler                           0x080035b3   Thumb Code     2  stm32f1xx_it.o(i.PendSV_Handler)
    RTC_CalendarShow                         0x080035dd   Thumb Code    86  rtc.o(i.RTC_CalendarShow)
    RTC_Get                                  0x08003755   Thumb Code   244  rtc.o(i.RTC_Get)
    RTC_Get_Week                             0x0800385d   Thumb Code   176  rtc.o(i.RTC_Get_Week)
    RTC_IRQHandler                           0x0800390d   Thumb Code    10  stm32f1xx_it.o(i.RTC_IRQHandler)
    RTC_Set                                  0x08003951   Thumb Code   218  rtc.o(i.RTC_Set)
    RTC_Show                                 0x08003a71   Thumb Code    18  rtc.o(i.RTC_Show)
    SCL3300_D01_Enable_Angle_Outputs         0x08003a91   Thumb Code    28  scl3300.o(i.SCL3300_D01_Enable_Angle_Outputs)
    SCL3300_D01_ReadSensorData               0x08003ab1   Thumb Code   398  scl3300.o(i.SCL3300_D01_ReadSensorData)
    SCL3300_D01_Read_STATUS                  0x08003c71   Thumb Code    38  scl3300.o(i.SCL3300_D01_Read_STATUS)
    SCL3300_D01_SetMeasurementMode           0x08003c9d   Thumb Code    74  scl3300.o(i.SCL3300_D01_SetMeasurementMode)
    SCL3300_D01_init                         0x08003cf5   Thumb Code   110  scl3300.o(i.SCL3300_D01_init)
    SVC_Handler                              0x08003e61   Thumb Code     2  stm32f1xx_it.o(i.SVC_Handler)
    StartTimer                               0x08003e63   Thumb Code    12  tim.o(i.StartTimer)
    SysTick_Handler                          0x08003e6f   Thumb Code     8  stm32f1xx_it.o(i.SysTick_Handler)
    SystemClock_Config                       0x08003e77   Thumb Code   136  main.o(i.SystemClock_Config)
    SystemInit                               0x08003eff   Thumb Code     2  system_stm32f1xx.o(i.SystemInit)
    TIM3_IRQHandler                          0x08003f01   Thumb Code    10  stm32f1xx_it.o(i.TIM3_IRQHandler)
    TIM_Base_SetConfig                       0x08003f11   Thumb Code   134  stm32f1xx_hal_tim.o(i.TIM_Base_SetConfig)
    TIM_ETR_SetConfig                        0x08003fad   Thumb Code    22  stm32f1xx_hal_tim.o(i.TIM_ETR_SetConfig)
    Time                                     0x08004025   Thumb Code   212  tim.o(i.Time)
    UART4_IRQHandler                         0x08004125   Thumb Code    64  usart.o(i.UART4_IRQHandler)
    UART5_IRQHandler                         0x08004171   Thumb Code    10  stm32f1xx_it.o(i.UART5_IRQHandler)
    UART_IDLE_Callback                       0x0800431d   Thumb Code   632  usart.o(i.UART_IDLE_Callback)
    UART_Start_Receive_DMA                   0x080047b1   Thumb Code   138  stm32f1xx_hal_uart.o(i.UART_Start_Receive_DMA)
    USART1_IRQHandler                        0x08004915   Thumb Code    16  stm32f1xx_it.o(i.USART1_IRQHandler)
    USART2_IRQHandler                        0x08004929   Thumb Code    16  stm32f1xx_it.o(i.USART2_IRQHandler)
    Uart4_sendchar                           0x0800493d   Thumb Code    22  usart.o(i.Uart4_sendchar)
    Uart4_sendstr                            0x08004959   Thumb Code    22  usart.o(i.Uart4_sendstr)
    UartUserInit                             0x08004971   Thumb Code   190  usart.o(i.UartUserInit)
    UsageFault_Handler                       0x08004a5d   Thumb Code     4  stm32f1xx_it.o(i.UsageFault_Handler)
    WriteCommand                             0x08004a61   Thumb Code   122  lx12864.o(i.WriteCommand)
    WriteData                                0x08004ae5   Thumb Code   122  lx12864.o(i.WriteData)
    __0printf                                0x08004b69   Thumb Code    22  printfa.o(i.__0printf)
    __1printf                                0x08004b69   Thumb Code     0  printfa.o(i.__0printf)
    __2printf                                0x08004b69   Thumb Code     0  printfa.o(i.__0printf)
    __c89printf                              0x08004b69   Thumb Code     0  printfa.o(i.__0printf)
    printf                                   0x08004b69   Thumb Code     0  printfa.o(i.__0printf)
    __0sprintf                               0x08004b89   Thumb Code    34  printfa.o(i.__0sprintf)
    __1sprintf                               0x08004b89   Thumb Code     0  printfa.o(i.__0sprintf)
    __2sprintf                               0x08004b89   Thumb Code     0  printfa.o(i.__0sprintf)
    __c89sprintf                             0x08004b89   Thumb Code     0  printfa.o(i.__0sprintf)
    sprintf                                  0x08004b89   Thumb Code     0  printfa.o(i.__0sprintf)
    __scatterload_copy                       0x08004be9   Thumb Code    14  handlers.o(i.__scatterload_copy)
    __scatterload_null                       0x08004bf7   Thumb Code     2  handlers.o(i.__scatterload_null)
    __scatterload_zeroinit                   0x08004bf9   Thumb Code    14  handlers.o(i.__scatterload_zeroinit)
    data_rtx_lora                            0x080054c5   Thumb Code    24  dl7215.o(i.data_rtx_lora)
    delay_init                               0x08005505   Thumb Code    56  delay.o(i.delay_init)
    delay_ms                                 0x08005545   Thumb Code    56  delay.o(i.delay_ms)
    delay_us                                 0x08005581   Thumb Code    56  delay.o(i.delay_us)
    dl7215_init                              0x080055bd   Thumb Code    28  dl7215.o(i.dl7215_init)
    fputc                                    0x08005601   Thumb Code    22  usart.o(i.fputc)
    lx12864_gpio_init                        0x0800561d   Thumb Code    66  lx12864.o(i.lx12864_gpio_init)
    main                                     0x08005669   Thumb Code   322  main.o(i.main)
    scl3300_gpio_init                        0x080057f5   Thumb Code    74  scl3300.o(i.scl3300_gpio_init)
    scl3300_send_recv_byte                   0x08005845   Thumb Code   124  scl3300.o(i.scl3300_send_recv_byte)
    mon_table                                0x0800598c   Data          12  rtc.o(.constdata)
    AHBPrescTable                            0x08005998   Data          16  system_stm32f1xx.o(.constdata)
    APBPrescTable                            0x080059a8   Data           8  system_stm32f1xx.o(.constdata)
    Region$$Table$$Base                      0x080059b0   Number         0  anon$$obj.o(Region$$Table)
    Region$$Table$$Limit                     0x080059d0   Number         0  anon$$obj.o(Region$$Table)
    fTime1ms                                 0x20000004   Data           1  tim.o(.data)
    u16TimeUart1RxCpltDly                    0x20000006   Data           2  tim.o(.data)
    u16TimeUart2RxCpltDly                    0x20000008   Data           2  tim.o(.data)
    u16gTimModemRdyDly                       0x2000000a   Data           2  tim.o(.data)
    u16gRemainWaitDly                        0x2000000c   Data           2  tim.o(.data)
    u16gTime1s                               0x2000000e   Data           2  tim.o(.data)
    u32gTimeSystemRun                        0x20000010   Data           4  tim.o(.data)
    fUART_OutPut                             0x20000014   Data           1  usart.o(.data)
    __stdout                                 0x20000018   Data           4  usart.o(.data)
    temper_value                             0x20000020   Data           4  scl3300.o(.data)
    ComTable                                 0x20000025   Data           8  lx12864.o(.data)
    ASCIIchardot                             0x2000002d   Data        1536  lx12864.o(.data)
    uwTick                                   0x20000630   Data           4  stm32f1xx_hal.o(.data)
    uwTickPrio                               0x20000634   Data           4  stm32f1xx_hal.o(.data)
    uwTickFreq                               0x20000638   Data           1  stm32f1xx_hal.o(.data)
    SystemCoreClock                          0x2000063c   Data           4  system_stm32f1xx.o(.data)
    calendar                                 0x20000640   Data          16  rtc.o(.bss)
    datestring                               0x20000650   Data          50  rtc.o(.bss)
    timestring                               0x20000682   Data          50  rtc.o(.bss)
    weekstring                               0x200006b4   Data          50  rtc.o(.bss)
    hrtc                                     0x200006e8   Data          20  rtc.o(.bss)
    htim3                                    0x200006fc   Data          72  tim.o(.bss)
    Uart2TotalRxBuf                          0x20000f44   Data        2048  usart.o(.bss)
    Uart2Para                                0x20001744   Data          24  usart.o(.bss)
    Uart1Para                                0x2000185c   Data          24  usart.o(.bss)
    Uart4CurRxBuf                            0x20001874   Data         256  usart.o(.bss)
    Uart4Para                                0x20001974   Data          24  usart.o(.bss)
    huart4                                   0x2000198c   Data          68  usart.o(.bss)
    huart5                                   0x200019d0   Data          68  usart.o(.bss)
    huart1                                   0x20001a14   Data          68  usart.o(.bss)
    huart2                                   0x20001a58   Data          68  usart.o(.bss)
    hdma_usart1_rx                           0x20001a9c   Data          68  usart.o(.bss)
    hdma_usart1_tx                           0x20001ae0   Data          68  usart.o(.bss)
    hdma_usart2_rx                           0x20001b24   Data          68  usart.o(.bss)
    hdma_usart2_tx                           0x20001b68   Data          68  usart.o(.bss)
    data_buf                                 0x20001bac   Data         256  scl3300.o(.bss)
    SCL3300_D01_Handle                       0x20001cac   Data          36  scl3300.o(.bss)
    __initial_sp                             0x200021d0   Data           0  startup_stm32f103xe.o(STACK)



==============================================================================

Memory Map of the image

  Image Entry point : 0x08000131

  Load Region LR_IROM1 (Base: 0x08000000, Size: 0x00006010, Max: 0x00080000, ABSOLUTE, COMPRESSED[0x00005d2c])

    Execution Region ER_IROM1 (Exec base: 0x08000000, Load base: 0x08000000, Size: 0x000059d0, Max: 0x00080000, ABSOLUTE)

    Exec Addr    Load Addr    Size         Type   Attr      Idx    E Section Name        Object

    0x08000000   0x08000000   0x00000130   Data   RO            3    RESET               startup_stm32f103xe.o
    0x08000130   0x08000130   0x00000000   Code   RO         3859  * .ARM.Collect$$$$00000000  mc_w.l(entry.o)
    0x08000130   0x08000130   0x00000004   Code   RO         4145    .ARM.Collect$$$$00000001  mc_w.l(entry2.o)
    0x08000134   0x08000134   0x00000004   Code   RO         4148    .ARM.Collect$$$$00000004  mc_w.l(entry5.o)
    0x08000138   0x08000138   0x00000000   Code   RO         4150    .ARM.Collect$$$$00000008  mc_w.l(entry7b.o)
    0x08000138   0x08000138   0x00000000   Code   RO         4152    .ARM.Collect$$$$0000000A  mc_w.l(entry8b.o)
    0x08000138   0x08000138   0x00000008   Code   RO         4153    .ARM.Collect$$$$0000000B  mc_w.l(entry9a.o)
    0x08000140   0x08000140   0x00000000   Code   RO         4155    .ARM.Collect$$$$0000000D  mc_w.l(entry10a.o)
    0x08000140   0x08000140   0x00000000   Code   RO         4157    .ARM.Collect$$$$0000000F  mc_w.l(entry11a.o)
    0x08000140   0x08000140   0x00000004   Code   RO         4146    .ARM.Collect$$$$00002712  mc_w.l(entry2.o)
    0x08000144   0x08000144   0x00000024   Code   RO            4    .text               startup_stm32f103xe.o
    0x08000168   0x08000168   0x00000020   Code   RO         3862    .text               mc_w.l(llushr.o)
    0x08000188   0x08000188   0x00000024   Code   RO         3864    .text               mc_w.l(memcpya.o)
    0x080001ac   0x080001ac   0x00000024   Code   RO         3866    .text               mc_w.l(memseta.o)
    0x080001d0   0x080001d0   0x00000024   Code   RO         3868    .text               mc_w.l(strstr.o)
    0x080001f4   0x080001f4   0x0000014e   Code   RO         4133    .text               mf_w.l(dadd.o)
    0x08000342   0x08000342   0x000000e4   Code   RO         4135    .text               mf_w.l(dmul.o)
    0x08000426   0x08000426   0x000000de   Code   RO         4137    .text               mf_w.l(ddiv.o)
    0x08000504   0x08000504   0x00000022   Code   RO         4139    .text               mf_w.l(dflti.o)
    0x08000526   0x08000526   0x00000026   Code   RO         4141    .text               mf_w.l(f2d.o)
    0x0800054c   0x0800054c   0x00000038   Code   RO         4143    .text               mf_w.l(d2f.o)
    0x08000584   0x08000584   0x0000002c   Code   RO         4159    .text               mc_w.l(uidiv.o)
    0x080005b0   0x080005b0   0x00000062   Code   RO         4161    .text               mc_w.l(uldiv.o)
    0x08000612   0x08000612   0x0000001e   Code   RO         4163    .text               mc_w.l(llshl.o)
    0x08000630   0x08000630   0x00000024   Code   RO         4165    .text               mc_w.l(llsshr.o)
    0x08000654   0x08000654   0x00000000   Code   RO         4167    .text               mc_w.l(iusefp.o)
    0x08000654   0x08000654   0x0000006e   Code   RO         4168    .text               mf_w.l(fepilogue.o)
    0x080006c2   0x080006c2   0x000000ba   Code   RO         4170    .text               mf_w.l(depilogue.o)
    0x0800077c   0x0800077c   0x00000030   Code   RO         4172    .text               mf_w.l(dfixul.o)
    0x080007ac   0x080007ac   0x00000030   Code   RO         4174    .text               mf_w.l(cdrcmple.o)
    0x080007dc   0x080007dc   0x00000024   Code   RO         4176    .text               mc_w.l(init.o)
    0x08000800   0x08000800   0x00000056   Code   RO         4186    .text               mc_w.l(__dczerorl2.o)
    0x08000856   0x08000856   0x00000004   Code   RO          605    i.BusFault_Handler  stm32f1xx_it.o
    0x0800085a   0x0800085a   0x0000004e   Code   RO          803    i.ByteToHexStr      scl3300.o
    0x080008a8   0x080008a8   0x0000001e   Code   RO          804    i.CRC8              scl3300.o
    0x080008c6   0x080008c6   0x00000030   Code   RO          805    i.CalculateCRC      scl3300.o
    0x080008f6   0x080008f6   0x00000002   PAD
    0x080008f8   0x080008f8   0x00000010   Code   RO          606    i.DMA1_Channel4_IRQHandler  stm32f1xx_it.o
    0x08000908   0x08000908   0x00000010   Code   RO          607    i.DMA1_Channel5_IRQHandler  stm32f1xx_it.o
    0x08000918   0x08000918   0x00000010   Code   RO          608    i.DMA1_Channel6_IRQHandler  stm32f1xx_it.o
    0x08000928   0x08000928   0x00000010   Code   RO          609    i.DMA1_Channel7_IRQHandler  stm32f1xx_it.o
    0x08000938   0x08000938   0x0000002c   Code   RO         3202    i.DMA_SetConfig     stm32f1xx_hal_dma.o
    0x08000964   0x08000964   0x00000030   Code   RO          456    i.DMA_Uart1Transmit  usart.o
    0x08000994   0x08000994   0x00000002   Code   RO          610    i.DebugMon_Handler  stm32f1xx_it.o
    0x08000996   0x08000996   0x00000002   Code   RO           13    i.Error_Handler     main.o
    0x08000998   0x08000998   0x00000056   Code   RO         3203    i.HAL_DMA_Abort     stm32f1xx_hal_dma.o
    0x080009ee   0x080009ee   0x00000002   PAD
    0x080009f0   0x080009f0   0x000001a8   Code   RO         3204    i.HAL_DMA_Abort_IT  stm32f1xx_hal_dma.o
    0x08000b98   0x08000b98   0x00000006   Code   RO         3206    i.HAL_DMA_GetError  stm32f1xx_hal_dma.o
    0x08000b9e   0x08000b9e   0x00000002   PAD
    0x08000ba0   0x08000ba0   0x00000398   Code   RO         3208    i.HAL_DMA_IRQHandler  stm32f1xx_hal_dma.o
    0x08000f38   0x08000f38   0x0000008c   Code   RO         3209    i.HAL_DMA_Init      stm32f1xx_hal_dma.o
    0x08000fc4   0x08000fc4   0x0000009c   Code   RO         3213    i.HAL_DMA_Start_IT  stm32f1xx_hal_dma.o
    0x08001060   0x08001060   0x00000340   Code   RO         3139    i.HAL_GPIO_Init     stm32f1xx_hal_gpio.o
    0x080013a0   0x080013a0   0x00000010   Code   RO         3141    i.HAL_GPIO_ReadPin  stm32f1xx_hal_gpio.o
    0x080013b0   0x080013b0   0x0000000c   Code   RO         3143    i.HAL_GPIO_WritePin  stm32f1xx_hal_gpio.o
    0x080013bc   0x080013bc   0x0000000c   Code   RO         2830    i.HAL_GetTick       stm32f1xx_hal.o
    0x080013c8   0x080013c8   0x00000018   Code   RO         2836    i.HAL_IncTick       stm32f1xx_hal.o
    0x080013e0   0x080013e0   0x00000028   Code   RO         2837    i.HAL_Init          stm32f1xx_hal.o
    0x08001408   0x08001408   0x0000004c   Code   RO         2838    i.HAL_InitTick      stm32f1xx_hal.o
    0x08001454   0x08001454   0x00000054   Code   RO          735    i.HAL_MspInit       stm32f1xx_hal_msp.o
    0x080014a8   0x080014a8   0x00000020   Code   RO         3299    i.HAL_NVIC_EnableIRQ  stm32f1xx_hal_cortex.o
    0x080014c8   0x080014c8   0x0000007c   Code   RO         3305    i.HAL_NVIC_SetPriority  stm32f1xx_hal_cortex.o
    0x08001544   0x08001544   0x00000028   Code   RO         3306    i.HAL_NVIC_SetPriorityGrouping  stm32f1xx_hal_cortex.o
    0x0800156c   0x0800156c   0x0000000c   Code   RO         3426    i.HAL_PWR_EnableBkUpAccess  stm32f1xx_hal_pwr.o
    0x08001578   0x08001578   0x00000134   Code   RO         3101    i.HAL_RCCEx_GetPeriphCLKFreq  stm32f1xx_hal_rcc_ex.o
    0x080016ac   0x080016ac   0x00000130   Code   RO         3102    i.HAL_RCCEx_PeriphCLKConfig  stm32f1xx_hal_rcc_ex.o
    0x080017dc   0x080017dc   0x0000018c   Code   RO         2994    i.HAL_RCC_ClockConfig  stm32f1xx_hal_rcc.o
    0x08001968   0x08001968   0x0000000c   Code   RO         2999    i.HAL_RCC_GetHCLKFreq  stm32f1xx_hal_rcc.o
    0x08001974   0x08001974   0x00000020   Code   RO         3001    i.HAL_RCC_GetPCLK1Freq  stm32f1xx_hal_rcc.o
    0x08001994   0x08001994   0x00000020   Code   RO         3002    i.HAL_RCC_GetPCLK2Freq  stm32f1xx_hal_rcc.o
    0x080019b4   0x080019b4   0x00000094   Code   RO         3003    i.HAL_RCC_GetSysClockFreq  stm32f1xx_hal_rcc.o
    0x08001a48   0x08001a48   0x00000464   Code   RO         3006    i.HAL_RCC_OscConfig  stm32f1xx_hal_rcc.o
    0x08001eac   0x08001eac   0x00000018   Code   RO         1366    i.HAL_RTCEx_BKUPRead  stm32f1xx_hal_rtc_ex.o
    0x08001ec4   0x08001ec4   0x00000018   Code   RO         1367    i.HAL_RTCEx_BKUPWrite  stm32f1xx_hal_rtc_ex.o
    0x08001edc   0x08001edc   0x00000002   Code   RO         1371    i.HAL_RTCEx_RTCEventCallback  stm32f1xx_hal_rtc_ex.o
    0x08001ede   0x08001ede   0x00000002   Code   RO         1372    i.HAL_RTCEx_RTCEventErrorCallback  stm32f1xx_hal_rtc_ex.o
    0x08001ee0   0x08001ee0   0x0000004e   Code   RO         1373    i.HAL_RTCEx_RTCIRQHandler  stm32f1xx_hal_rtc_ex.o
    0x08001f2e   0x08001f2e   0x0000003a   Code   RO         1374    i.HAL_RTCEx_SetSecond_IT  stm32f1xx_hal_rtc_ex.o
    0x08001f68   0x08001f68   0x000000d0   Code   RO         1199    i.HAL_RTC_Init      stm32f1xx_hal_rtc.o
    0x08002038   0x08002038   0x00000050   Code   RO          273    i.HAL_RTC_MspInit   rtc.o
    0x08002088   0x08002088   0x00000040   Code   RO         1207    i.HAL_RTC_WaitForSynchro  stm32f1xx_hal_rtc.o
    0x080020c8   0x080020c8   0x00000034   Code   RO         3310    i.HAL_SYSTICK_Config  stm32f1xx_hal_cortex.o
    0x080020fc   0x080020fc   0x00000002   Code   RO         2185    i.HAL_TIMEx_BreakCallback  stm32f1xx_hal_tim_ex.o
    0x080020fe   0x080020fe   0x00000002   Code   RO         2186    i.HAL_TIMEx_CommutCallback  stm32f1xx_hal_tim_ex.o
    0x08002100   0x08002100   0x0000009c   Code   RO         2204    i.HAL_TIMEx_MasterConfigSynchronization  stm32f1xx_hal_tim_ex.o
    0x0800219c   0x0800219c   0x00000066   Code   RO         1470    i.HAL_TIM_Base_Init  stm32f1xx_hal_tim.o
    0x08002202   0x08002202   0x00000002   PAD
    0x08002204   0x08002204   0x00000044   Code   RO          390    i.HAL_TIM_Base_MspInit  tim.o
    0x08002248   0x08002248   0x00000090   Code   RO         1475    i.HAL_TIM_Base_Start_IT  stm32f1xx_hal_tim.o
    0x080022d8   0x080022d8   0x00000108   Code   RO         1479    i.HAL_TIM_ConfigClockSource  stm32f1xx_hal_tim.o
    0x080023e0   0x080023e0   0x00000002   Code   RO         1504    i.HAL_TIM_IC_CaptureCallback  stm32f1xx_hal_tim.o
    0x080023e2   0x080023e2   0x00000196   Code   RO         1518    i.HAL_TIM_IRQHandler  stm32f1xx_hal_tim.o
    0x08002578   0x08002578   0x00000002   Code   RO         1521    i.HAL_TIM_OC_DelayElapsedCallback  stm32f1xx_hal_tim.o
    0x0800257a   0x0800257a   0x00000002   Code   RO         1548    i.HAL_TIM_PWM_PulseFinishedCallback  stm32f1xx_hal_tim.o
    0x0800257c   0x0800257c   0x00000020   Code   RO          391    i.HAL_TIM_PeriodElapsedCallback  tim.o
    0x0800259c   0x0800259c   0x00000002   Code   RO         1561    i.HAL_TIM_TriggerCallback  stm32f1xx_hal_tim.o
    0x0800259e   0x0800259e   0x00000002   Code   RO         2463    i.HAL_UARTEx_RxEventCallback  stm32f1xx_hal_uart.o
    0x080025a0   0x080025a0   0x0000007a   Code   RO         2466    i.HAL_UART_AbortReceive  stm32f1xx_hal_uart.o
    0x0800261a   0x0800261a   0x00000002   Code   RO         2477    i.HAL_UART_ErrorCallback  stm32f1xx_hal_uart.o
    0x0800261c   0x0800261c   0x0000024c   Code   RO         2480    i.HAL_UART_IRQHandler  stm32f1xx_hal_uart.o
    0x08002868   0x08002868   0x00000072   Code   RO         2481    i.HAL_UART_Init     stm32f1xx_hal_uart.o
    0x080028da   0x080028da   0x00000002   PAD
    0x080028dc   0x080028dc   0x0000030c   Code   RO          459    i.HAL_UART_MspInit  usart.o
    0x08002be8   0x08002be8   0x00000042   Code   RO         2485    i.HAL_UART_Receive_DMA  stm32f1xx_hal_uart.o
    0x08002c2a   0x08002c2a   0x00000002   Code   RO         2487    i.HAL_UART_RxCpltCallback  stm32f1xx_hal_uart.o
    0x08002c2c   0x08002c2c   0x00000002   Code   RO         2488    i.HAL_UART_RxHalfCpltCallback  stm32f1xx_hal_uart.o
    0x08002c2e   0x08002c2e   0x000000d2   Code   RO         2489    i.HAL_UART_Transmit  stm32f1xx_hal_uart.o
    0x08002d00   0x08002d00   0x0000009c   Code   RO         2490    i.HAL_UART_Transmit_DMA  stm32f1xx_hal_uart.o
    0x08002d9c   0x08002d9c   0x0000035c   Code   RO          460    i.HAL_UART_TxCpltCallback  usart.o
    0x080030f8   0x080030f8   0x00000002   Code   RO         2493    i.HAL_UART_TxHalfCpltCallback  stm32f1xx_hal_uart.o
    0x080030fa   0x080030fa   0x00000004   Code   RO          611    i.HardFault_Handler  stm32f1xx_it.o
    0x080030fe   0x080030fe   0x0000003a   Code   RO          274    i.Is_Leap_Year      rtc.o
    0x08003138   0x08003138   0x00000040   Code   RO         1050    i.LxClear           lx12864.o
    0x08003178   0x08003178   0x000000a8   Code   RO         1052    i.LxPutChar         lx12864.o
    0x08003220   0x08003220   0x00000036   Code   RO         1054    i.LxPutStr          lx12864.o
    0x08003256   0x08003256   0x00000002   PAD
    0x08003258   0x08003258   0x00000090   Code   RO         1055    i.Lx_Init           lx12864.o
    0x080032e8   0x080032e8   0x00000064   Code   RO          218    i.MX_DMA_Init       dma.o
    0x0800334c   0x0800334c   0x00000098   Code   RO          194    i.MX_GPIO_Init      gpio.o
    0x080033e4   0x080033e4   0x0000006c   Code   RO          392    i.MX_TIM3_Init      tim.o
    0x08003450   0x08003450   0x00000038   Code   RO          461    i.MX_UART4_Init     usart.o
    0x08003488   0x08003488   0x00000038   Code   RO          462    i.MX_UART5_Init     usart.o
    0x080034c0   0x080034c0   0x00000038   Code   RO          463    i.MX_USART1_UART_Init  usart.o
    0x080034f8   0x080034f8   0x00000038   Code   RO          464    i.MX_USART2_UART_Init  usart.o
    0x08003530   0x08003530   0x0000007c   Code   RO          276    i.MY_RTC_Init       rtc.o
    0x080035ac   0x080035ac   0x00000004   Code   RO          612    i.MemManage_Handler  stm32f1xx_it.o
    0x080035b0   0x080035b0   0x00000002   Code   RO          613    i.NMI_Handler       stm32f1xx_it.o
    0x080035b2   0x080035b2   0x00000002   Code   RO          614    i.PendSV_Handler    stm32f1xx_it.o
    0x080035b4   0x080035b4   0x00000028   Code   RO         3007    i.RCC_Delay         stm32f1xx_hal_rcc.o
    0x080035dc   0x080035dc   0x00000090   Code   RO          278    i.RTC_CalendarShow  rtc.o
    0x0800366c   0x0800366c   0x0000003a   Code   RO          279    i.RTC_EnterInitMode  rtc.o
    0x080036a6   0x080036a6   0x0000003a   Code   RO         1211    i.RTC_EnterInitMode  stm32f1xx_hal_rtc.o
    0x080036e0   0x080036e0   0x0000003a   Code   RO          280    i.RTC_ExitInitMode  rtc.o
    0x0800371a   0x0800371a   0x0000003a   Code   RO         1212    i.RTC_ExitInitMode  stm32f1xx_hal_rtc.o
    0x08003754   0x08003754   0x00000108   Code   RO          281    i.RTC_Get           rtc.o
    0x0800385c   0x0800385c   0x000000b0   Code   RO          282    i.RTC_Get_Week      rtc.o
    0x0800390c   0x0800390c   0x00000010   Code   RO          615    i.RTC_IRQHandler    stm32f1xx_it.o
    0x0800391c   0x0800391c   0x00000034   Code   RO          283    i.RTC_ReadTimeCounter  rtc.o
    0x08003950   0x08003950   0x000000f0   Code   RO          284    i.RTC_Set           rtc.o
    0x08003a40   0x08003a40   0x0000002e   Code   RO          285    i.RTC_SetCounter    rtc.o
    0x08003a6e   0x08003a6e   0x00000002   PAD
    0x08003a70   0x08003a70   0x00000020   Code   RO          286    i.RTC_Show          rtc.o
    0x08003a90   0x08003a90   0x00000020   Code   RO          806    i.SCL3300_D01_Enable_Angle_Outputs  scl3300.o
    0x08003ab0   0x08003ab0   0x000001c0   Code   RO          808    i.SCL3300_D01_ReadSensorData  scl3300.o
    0x08003c70   0x08003c70   0x0000002c   Code   RO          812    i.SCL3300_D01_Read_STATUS  scl3300.o
    0x08003c9c   0x08003c9c   0x00000058   Code   RO          815    i.SCL3300_D01_SetMeasurementMode  scl3300.o
    0x08003cf4   0x08003cf4   0x00000080   Code   RO          818    i.SCL3300_D01_init  scl3300.o
    0x08003d74   0x08003d74   0x000000ec   Code   RO          820    i.SCL3300_TransmitReceive  scl3300.o
    0x08003e60   0x08003e60   0x00000002   Code   RO          616    i.SVC_Handler       stm32f1xx_it.o
    0x08003e62   0x08003e62   0x0000000c   Code   RO          393    i.StartTimer        tim.o
    0x08003e6e   0x08003e6e   0x00000008   Code   RO          617    i.SysTick_Handler   stm32f1xx_it.o
    0x08003e76   0x08003e76   0x00000088   Code   RO           14    i.SystemClock_Config  main.o
    0x08003efe   0x08003efe   0x00000002   Code   RO         3826    i.SystemInit        system_stm32f1xx.o
    0x08003f00   0x08003f00   0x00000010   Code   RO          618    i.TIM3_IRQHandler   stm32f1xx_it.o
    0x08003f10   0x08003f10   0x0000009c   Code   RO         1563    i.TIM_Base_SetConfig  stm32f1xx_hal_tim.o
    0x08003fac   0x08003fac   0x00000016   Code   RO         1574    i.TIM_ETR_SetConfig  stm32f1xx_hal_tim.o
    0x08003fc2   0x08003fc2   0x00000012   Code   RO         1575    i.TIM_ITRx_SetConfig  stm32f1xx_hal_tim.o
    0x08003fd4   0x08003fd4   0x00000026   Code   RO         1581    i.TIM_TI1_ConfigInputStage  stm32f1xx_hal_tim.o
    0x08003ffa   0x08003ffa   0x00000028   Code   RO         1583    i.TIM_TI2_ConfigInputStage  stm32f1xx_hal_tim.o
    0x08004022   0x08004022   0x00000002   PAD
    0x08004024   0x08004024   0x00000100   Code   RO          395    i.Time              tim.o
    0x08004124   0x08004124   0x0000004c   Code   RO          465    i.UART4_IRQHandler  usart.o
    0x08004170   0x08004170   0x00000010   Code   RO          619    i.UART5_IRQHandler  stm32f1xx_it.o
    0x08004180   0x08004180   0x00000014   Code   RO         2494    i.UART_DMAAbortOnError  stm32f1xx_hal_uart.o
    0x08004194   0x08004194   0x00000050   Code   RO         2495    i.UART_DMAError     stm32f1xx_hal_uart.o
    0x080041e4   0x080041e4   0x00000068   Code   RO         2496    i.UART_DMAReceiveCplt  stm32f1xx_hal_uart.o
    0x0800424c   0x0800424c   0x00000020   Code   RO         2498    i.UART_DMARxHalfCplt  stm32f1xx_hal_uart.o
    0x0800426c   0x0800426c   0x00000036   Code   RO         2500    i.UART_DMATransmitCplt  stm32f1xx_hal_uart.o
    0x080042a2   0x080042a2   0x0000000e   Code   RO         2502    i.UART_DMATxHalfCplt  stm32f1xx_hal_uart.o
    0x080042b0   0x080042b0   0x00000036   Code   RO         2504    i.UART_EndRxTransfer  stm32f1xx_hal_uart.o
    0x080042e6   0x080042e6   0x00000020   Code   RO         2505    i.UART_EndTransmit_IT  stm32f1xx_hal_uart.o
    0x08004306   0x08004306   0x00000014   Code   RO         2506    i.UART_EndTxTransfer  stm32f1xx_hal_uart.o
    0x0800431a   0x0800431a   0x00000002   PAD
    0x0800431c   0x0800431c   0x000002b4   Code   RO          466    i.UART_IDLE_Callback  usart.o
    0x080045d0   0x080045d0   0x000000e4   Code   RO         2507    i.UART_Receive_IT   stm32f1xx_hal_uart.o
    0x080046b4   0x080046b4   0x000000fc   Code   RO         2508    i.UART_SetConfig    stm32f1xx_hal_uart.o
    0x080047b0   0x080047b0   0x00000098   Code   RO         2509    i.UART_Start_Receive_DMA  stm32f1xx_hal_uart.o
    0x08004848   0x08004848   0x00000060   Code   RO         2511    i.UART_Transmit_IT  stm32f1xx_hal_uart.o
    0x080048a8   0x080048a8   0x0000006c   Code   RO         2512    i.UART_WaitOnFlagUntilTimeout  stm32f1xx_hal_uart.o
    0x08004914   0x08004914   0x00000014   Code   RO          620    i.USART1_IRQHandler  stm32f1xx_it.o
    0x08004928   0x08004928   0x00000014   Code   RO          621    i.USART2_IRQHandler  stm32f1xx_it.o
    0x0800493c   0x0800493c   0x0000001c   Code   RO          469    i.Uart4_sendchar    usart.o
    0x08004958   0x08004958   0x00000016   Code   RO          470    i.Uart4_sendstr     usart.o
    0x0800496e   0x0800496e   0x00000002   PAD
    0x08004970   0x08004970   0x000000ec   Code   RO          472    i.UartUserInit      usart.o
    0x08004a5c   0x08004a5c   0x00000004   Code   RO          622    i.UsageFault_Handler  stm32f1xx_it.o
    0x08004a60   0x08004a60   0x00000084   Code   RO         1056    i.WriteCommand      lx12864.o
    0x08004ae4   0x08004ae4   0x00000084   Code   RO         1057    i.WriteData         lx12864.o
    0x08004b68   0x08004b68   0x00000020   Code   RO         4105    i.__0printf         mc_w.l(printfa.o)
    0x08004b88   0x08004b88   0x00000028   Code   RO         4107    i.__0sprintf        mc_w.l(printfa.o)
    0x08004bb0   0x08004bb0   0x00000010   Code   RO         3312    i.__NVIC_GetPriorityGrouping  stm32f1xx_hal_cortex.o
    0x08004bc0   0x08004bc0   0x00000028   Code   RO         3313    i.__NVIC_SetPriority  stm32f1xx_hal_cortex.o
    0x08004be8   0x08004be8   0x0000000e   Code   RO         4180    i.__scatterload_copy  mc_w.l(handlers.o)
    0x08004bf6   0x08004bf6   0x00000002   Code   RO         4181    i.__scatterload_null  mc_w.l(handlers.o)
    0x08004bf8   0x08004bf8   0x0000000e   Code   RO         4182    i.__scatterload_zeroinit  mc_w.l(handlers.o)
    0x08004c06   0x08004c06   0x00000002   PAD
    0x08004c08   0x08004c08   0x00000184   Code   RO         4112    i._fp_digits        mc_w.l(printfa.o)
    0x08004d8c   0x08004d8c   0x000006dc   Code   RO         4113    i._printf_core      mc_w.l(printfa.o)
    0x08005468   0x08005468   0x00000024   Code   RO         4114    i._printf_post_padding  mc_w.l(printfa.o)
    0x0800548c   0x0800548c   0x0000002e   Code   RO         4115    i._printf_pre_padding  mc_w.l(printfa.o)
    0x080054ba   0x080054ba   0x0000000a   Code   RO         4117    i._sputc            mc_w.l(printfa.o)
    0x080054c4   0x080054c4   0x00000040   Code   RO         1012    i.data_rtx_lora     dl7215.o
    0x08005504   0x08005504   0x00000040   Code   RO          759    i.delay_init        delay.o
    0x08005544   0x08005544   0x0000003c   Code   RO          760    i.delay_ms          delay.o
    0x08005580   0x08005580   0x0000003c   Code   RO          762    i.delay_us          delay.o
    0x080055bc   0x080055bc   0x00000044   Code   RO         1013    i.dl7215_init       dl7215.o
    0x08005600   0x08005600   0x0000001c   Code   RO          474    i.fputc             usart.o
    0x0800561c   0x0800561c   0x0000004c   Code   RO         1058    i.lx12864_gpio_init  lx12864.o
    0x08005668   0x08005668   0x0000018c   Code   RO           15    i.main              main.o
    0x080057f4   0x080057f4   0x00000050   Code   RO          821    i.scl3300_gpio_init  scl3300.o
    0x08005844   0x08005844   0x00000080   Code   RO          822    i.scl3300_send_recv_byte  scl3300.o
    0x080058c4   0x080058c4   0x000000c8   Code   RO         1014    i.send_cmd_dl7215   dl7215.o
    0x0800598c   0x0800598c   0x0000000c   Data   RO          289    .constdata          rtc.o
    0x08005998   0x08005998   0x00000018   Data   RO         3827    .constdata          system_stm32f1xx.o
    0x080059b0   0x080059b0   0x00000020   Data   RO         4178    Region$$Table       anon$$obj.o


    Execution Region RW_IRAM1 (Exec base: 0x20000000, Load base: 0x080059d0, Size: 0x000021d0, Max: 0x00010000, ABSOLUTE, COMPRESSED[0x0000035c])

    Exec Addr    Load Addr    Size         Type   Attr      Idx    E Section Name        Object

    0x20000000   COMPRESSED   0x00000002   Data   RW          290    .data               rtc.o
    0x20000002   COMPRESSED   0x00000002   PAD
    0x20000004   COMPRESSED   0x00000010   Data   RW          397    .data               tim.o
    0x20000014   COMPRESSED   0x00000008   Data   RW          477    .data               usart.o
    0x2000001c   COMPRESSED   0x00000004   Data   RW          763    .data               delay.o
    0x20000020   COMPRESSED   0x00000004   Data   RW          824    .data               scl3300.o
    0x20000024   COMPRESSED   0x00000001   Data   RW         1016    .data               dl7215.o
    0x20000025   COMPRESSED   0x00000608   Data   RW         1059    .data               lx12864.o
    0x2000062d   COMPRESSED   0x00000003   PAD
    0x20000630   COMPRESSED   0x00000009   Data   RW         2844    .data               stm32f1xx_hal.o
    0x20000639   COMPRESSED   0x00000003   PAD
    0x2000063c   COMPRESSED   0x00000004   Data   RW         3828    .data               system_stm32f1xx.o
    0x20000640        -       0x000000bc   Zero   RW          288    .bss                rtc.o
    0x200006fc        -       0x00000048   Zero   RW          396    .bss                tim.o
    0x20000744        -       0x00001468   Zero   RW          476    .bss                usart.o
    0x20001bac        -       0x00000124   Zero   RW          823    .bss                scl3300.o
    0x20001cd0        -       0x00000100   Zero   RW         1015    .bss                dl7215.o
    0x20001dd0        -       0x00000400   Zero   RW            1    STACK               startup_stm32f103xe.o


==============================================================================

Image component sizes


      Code (inc. data)   RO Data    RW Data    ZI Data      Debug   Object Name

       184         16          0          4          0       1551   delay.o
       332        136          0          1        256       2126   dl7215.o
       100          4          0          0          0        702   dma.o
       152          8          0          0          0        867   gpio.o
       770         50          0       1544          0       4390   lx12864.o
       534         74          0          0          0     495952   main.o
      1332        136         12          2        188       8235   rtc.o
      1340        106          0          4        292      10136   scl3300.o
        36          8        304          0       1024        776   startup_stm32f103xe.o
       152         32          0          9          0       5725   stm32f1xx_hal.o
       304         22          0          0          0      29263   stm32f1xx_hal_cortex.o
      1776         28          0          0          0       5677   stm32f1xx_hal_dma.o
       860         40          0          0          0       3243   stm32f1xx_hal_gpio.o
        84          8          0          0          0        822   stm32f1xx_hal_msp.o
        12          4          0          0          0        491   stm32f1xx_hal_pwr.o
      1784        110          0          0          0       5828   stm32f1xx_hal_rcc.o
       612         46          0          0          0       2361   stm32f1xx_hal_rcc_ex.o
       388          6          0          0          0       3180   stm32f1xx_hal_rtc.o
       188         10          0          0          0       4021   stm32f1xx_hal_rtc_ex.o
      1198         44          0          0          0       8895   stm32f1xx_hal_tim.o
       160         22          0          0          0       2317   stm32f1xx_hal_tim_ex.o
      2512         38          0          0          0      16914   stm32f1xx_hal_uart.o
       184         50          0          0          0       7576   stm32f1xx_it.o
         2          0         24          4          0       1027   system_stm32f1xx.o
       476         70          0         16         72       3377   tim.o
      2994        260          0          8       5224      10896   usart.o

    ----------------------------------------------------------------------
     18486       1328        372       1600       7056     636348   Object Totals
         0          0         32          0          0          0   (incl. Generated)
        20          0          0          8          0          0   (incl. Padding)

    ----------------------------------------------------------------------

      Code (inc. data)   RO Data    RW Data    ZI Data      Debug   Library Member Name

        86          0          0          0          0          0   __dczerorl2.o
         0          0          0          0          0          0   entry.o
         0          0          0          0          0          0   entry10a.o
         0          0          0          0          0          0   entry11a.o
         8          4          0          0          0          0   entry2.o
         4          0          0          0          0          0   entry5.o
         0          0          0          0          0          0   entry7b.o
         0          0          0          0          0          0   entry8b.o
         8          4          0          0          0          0   entry9a.o
        30          0          0          0          0          0   handlers.o
        36          8          0          0          0         68   init.o
         0          0          0          0          0          0   iusefp.o
        30          0          0          0          0         68   llshl.o
        36          0          0          0          0         68   llsshr.o
        32          0          0          0          0         68   llushr.o
        36          0          0          0          0         68   memcpya.o
        36          0          0          0          0        108   memseta.o
      2308         96          0          0          0        604   printfa.o
        36          0          0          0          0         80   strstr.o
        44          0          0          0          0         80   uidiv.o
        98          0          0          0          0         92   uldiv.o
        48          0          0          0          0         68   cdrcmple.o
        56          0          0          0          0         88   d2f.o
       334          0          0          0          0        148   dadd.o
       222          0          0          0          0        100   ddiv.o
       186          0          0          0          0        176   depilogue.o
        48          0          0          0          0         68   dfixul.o
        34          0          0          0          0         76   dflti.o
       228          0          0          0          0         96   dmul.o
        38          0          0          0          0         68   f2d.o
       110          0          0          0          0        168   fepilogue.o

    ----------------------------------------------------------------------
      4134        112          0          0          0       2360   Library Totals
         2          0          0          0          0          0   (incl. Padding)

    ----------------------------------------------------------------------

      Code (inc. data)   RO Data    RW Data    ZI Data      Debug   Library Name

      2828        112          0          0          0       1304   mc_w.l
      1304          0          0          0          0       1056   mf_w.l

    ----------------------------------------------------------------------
      4134        112          0          0          0       2360   Library Totals

    ----------------------------------------------------------------------

==============================================================================


      Code (inc. data)   RO Data    RW Data    ZI Data      Debug   

     22620       1440        372       1600       7056     629684   Grand Totals
     22620       1440        372        860       7056     629684   ELF Image Totals (compressed)
     22620       1440        372        860          0          0   ROM Totals

==============================================================================

    Total RO  Size (Code + RO Data)                22992 (  22.45kB)
    Total RW  Size (RW Data + ZI Data)              8656 (   8.45kB)
    Total ROM Size (Code + RO Data + RW Data)      23852 (  23.29kB)

==============================================================================

