Component: ARM Compiler 5.06 update 6 (build 750) Tool: armlink [4d35ed]

==============================================================================

Section Cross References

    startup_stm32f103xe.o(RESET) refers to startup_stm32f103xe.o(STACK) for __initial_sp
    startup_stm32f103xe.o(RESET) refers to startup_stm32f103xe.o(.text) for Reset_Handler
    startup_stm32f103xe.o(RESET) refers to stm32f1xx_it.o(i.NMI_Handler) for NMI_Handler
    startup_stm32f103xe.o(RESET) refers to stm32f1xx_it.o(i.HardFault_Handler) for HardFault_Handler
    startup_stm32f103xe.o(RESET) refers to stm32f1xx_it.o(i.MemManage_Handler) for MemManage_Handler
    startup_stm32f103xe.o(RESET) refers to stm32f1xx_it.o(i.BusFault_Handler) for BusFault_Handler
    startup_stm32f103xe.o(RESET) refers to stm32f1xx_it.o(i.UsageFault_Handler) for UsageFault_Handler
    startup_stm32f103xe.o(RESET) refers to stm32f1xx_it.o(i.SVC_Handler) for SVC_Handler
    startup_stm32f103xe.o(RESET) refers to stm32f1xx_it.o(i.DebugMon_Handler) for DebugMon_Handler
    startup_stm32f103xe.o(RESET) refers to stm32f1xx_it.o(i.PendSV_Handler) for PendSV_Handler
    startup_stm32f103xe.o(RESET) refers to stm32f1xx_it.o(i.SysTick_Handler) for SysTick_Handler
    startup_stm32f103xe.o(RESET) refers to stm32f1xx_it.o(i.RTC_IRQHandler) for RTC_IRQHandler
    startup_stm32f103xe.o(RESET) refers to stm32f1xx_it.o(i.DMA1_Channel4_IRQHandler) for DMA1_Channel4_IRQHandler
    startup_stm32f103xe.o(RESET) refers to stm32f1xx_it.o(i.DMA1_Channel5_IRQHandler) for DMA1_Channel5_IRQHandler
    startup_stm32f103xe.o(RESET) refers to stm32f1xx_it.o(i.DMA1_Channel6_IRQHandler) for DMA1_Channel6_IRQHandler
    startup_stm32f103xe.o(RESET) refers to stm32f1xx_it.o(i.DMA1_Channel7_IRQHandler) for DMA1_Channel7_IRQHandler
    startup_stm32f103xe.o(RESET) refers to stm32f1xx_it.o(i.TIM3_IRQHandler) for TIM3_IRQHandler
    startup_stm32f103xe.o(RESET) refers to stm32f1xx_it.o(i.USART1_IRQHandler) for USART1_IRQHandler
    startup_stm32f103xe.o(RESET) refers to stm32f1xx_it.o(i.USART2_IRQHandler) for USART2_IRQHandler
    startup_stm32f103xe.o(RESET) refers to stm32f1xx_it.o(i.UART4_IRQHandler) for UART4_IRQHandler
    startup_stm32f103xe.o(RESET) refers to stm32f1xx_it.o(i.UART5_IRQHandler) for UART5_IRQHandler
    startup_stm32f103xe.o(.text) refers to system_stm32f1xx.o(i.SystemInit) for SystemInit
    startup_stm32f103xe.o(.text) refers to entry.o(.ARM.Collect$$$$00000000) for __main
    main.o(i.SystemClock_Config) refers to memseta.o(.text) for __aeabi_memclr4
    main.o(i.SystemClock_Config) refers to stm32f1xx_hal_rcc.o(i.HAL_RCC_OscConfig) for HAL_RCC_OscConfig
    main.o(i.SystemClock_Config) refers to main.o(i.Error_Handler) for Error_Handler
    main.o(i.SystemClock_Config) refers to stm32f1xx_hal_rcc.o(i.HAL_RCC_ClockConfig) for HAL_RCC_ClockConfig
    main.o(i.SystemClock_Config) refers to stm32f1xx_hal_rcc_ex.o(i.HAL_RCCEx_PeriphCLKConfig) for HAL_RCCEx_PeriphCLKConfig
    main.o(i.main) refers to stm32f1xx_hal.o(i.HAL_Init) for HAL_Init
    main.o(i.main) refers to main.o(i.SystemClock_Config) for SystemClock_Config
    main.o(i.main) refers to gpio.o(i.MX_GPIO_Init) for MX_GPIO_Init
    main.o(i.main) refers to dma.o(i.MX_DMA_Init) for MX_DMA_Init
    main.o(i.main) refers to tim.o(i.MX_TIM3_Init) for MX_TIM3_Init
    main.o(i.main) refers to usart.o(i.MX_UART4_Init) for MX_UART4_Init
    main.o(i.main) refers to usart.o(i.MX_UART5_Init) for MX_UART5_Init
    main.o(i.main) refers to usart.o(i.MX_USART1_UART_Init) for MX_USART1_UART_Init
    main.o(i.main) refers to usart.o(i.MX_USART2_UART_Init) for MX_USART2_UART_Init
    main.o(i.main) refers to rtc.o(i.MY_RTC_Init) for MY_RTC_Init
    main.o(i.main) refers to delay.o(i.delay_init) for delay_init
    main.o(i.main) refers to scl3300.o(i.scl3300_gpio_init) for scl3300_gpio_init
    main.o(i.main) refers to scl3300.o(i.SCL3300_D01_init) for SCL3300_D01_init
    main.o(i.main) refers to usart.o(i.UartUserInit) for UartUserInit
    main.o(i.main) refers to tim.o(i.StartTimer) for StartTimer
    main.o(i.main) refers to usart.o(i.UartPorc) for UartPorc
    main.o(i.main) refers to rtc.o(i.RTC_Show) for RTC_Show
    main.o(i.main) refers to scl3300.o(i.SCL3300_D01_ReadSensorData) for SCL3300_D01_ReadSensorData
    main.o(i.main) refers to printfa.o(i.__0printf) for __2printf
    main.o(i.main) refers to f2d.o(.text) for __aeabi_f2d
    main.o(i.main) refers to usart.o(i.DMA_Uart1Transmit) for DMA_Uart1Transmit
    main.o(i.main) refers to delay.o(i.delay_ms) for delay_ms
    main.o(i.main) refers to memseta.o(.text) for __aeabi_memclr
    main.o(i.main) refers to tim.o(.bss) for htim3
    main.o(i.main) refers to usart.o(.data) for fUART_OutPut
    main.o(i.main) refers to scl3300.o(.bss) for SCL3300_D01_Handle
    main.o(i.main) refers to usart.o(.bss) for Uart1Para
    gpio.o(i.MX_GPIO_Init) refers to stm32f1xx_hal_gpio.o(i.HAL_GPIO_Init) for HAL_GPIO_Init
[...]
    ../fplib/microlib/fpadd.c                0x00000000   Number         0  dadd.o ABSOLUTE
    ../fplib/microlib/fpdiv.c                0x00000000   Number         0  ddiv.o ABSOLUTE
    ../fplib/microlib/fpepilogue.c           0x00000000   Number         0  depilogue.o ABSOLUTE
    ../fplib/microlib/fpepilogue.c           0x00000000   Number         0  fepilogue.o ABSOLUTE
    ../fplib/microlib/fpfix.c                0x00000000   Number         0  dfixul.o ABSOLUTE
    ../fplib/microlib/fpflt.c                0x00000000   Number         0  dflti.o ABSOLUTE
    ../fplib/microlib/fpmul.c                0x00000000   Number         0  dmul.o ABSOLUTE
    ..\Drivers\STM32F1xx_HAL_Driver\Src\stm32f1xx_hal.c 0x00000000   Number         0  stm32f1xx_hal.o ABSOLUTE
    ..\Drivers\STM32F1xx_HAL_Driver\Src\stm32f1xx_hal_cortex.c 0x00000000   Number         0  stm32f1xx_hal_cortex.o ABSOLUTE
    ..\Drivers\STM32F1xx_HAL_Driver\Src\stm32f1xx_hal_dma.c 0x00000000   Number         0  stm32f1xx_hal_dma.o ABSOLUTE
    ..\Drivers\STM32F1xx_HAL_Driver\Src\stm32f1xx_hal_exti.c 0x00000000   Number         0  stm32f1xx_hal_exti.o ABSOLUTE
    ..\Drivers\STM32F1xx_HAL_Driver\Src\stm32f1xx_hal_flash.c 0x00000000   Number         0  stm32f1xx_hal_flash.o ABSOLUTE
    ..\Drivers\STM32F1xx_HAL_Driver\Src\stm32f1xx_hal_flash_ex.c 0x00000000   Number         0  stm32f1xx_hal_flash_ex.o ABSOLUTE
    ..\Drivers\STM32F1xx_HAL_Driver\Src\stm32f1xx_hal_gpio.c 0x00000000   Number         0  stm32f1xx_hal_gpio.o ABSOLUTE
    ..\Drivers\STM32F1xx_HAL_Driver\Src\stm32f1xx_hal_gpio_ex.c 0x00000000   Number         0  stm32f1xx_hal_gpio_ex.o ABSOLUTE
    ..\Drivers\STM32F1xx_HAL_Driver\Src\stm32f1xx_hal_iwdg.c 0x00000000   Number         0  stm32f1xx_hal_iwdg.o ABSOLUTE
    ..\Drivers\STM32F1xx_HAL_Driver\Src\stm32f1xx_hal_pwr.c 0x00000000   Number         0  stm32f1xx_hal_pwr.o ABSOLUTE
    ..\Drivers\STM32F1xx_HAL_Driver\Src\stm32f1xx_hal_rcc.c 0x00000000   Number         0  stm32f1xx_hal_rcc.o ABSOLUTE
    ..\Drivers\STM32F1xx_HAL_Driver\Src\stm32f1xx_hal_rcc_ex.c 0x00000000   Number         0  stm32f1xx_hal_rcc_ex.o ABSOLUTE
    ..\Drivers\STM32F1xx_HAL_Driver\Src\stm32f1xx_hal_rtc.c 0x00000000   Number         0  stm32f1xx_hal_rtc.o ABSOLUTE
    ..\Drivers\STM32F1xx_HAL_Driver\Src\stm32f1xx_hal_rtc_ex.c 0x00000000   Number         0  stm32f1xx_hal_rtc_ex.o ABSOLUTE
    ..\Drivers\STM32F1xx_HAL_Driver\Src\stm32f1xx_hal_tim.c 0x00000000   Number         0  stm32f1xx_hal_tim.o ABSOLUTE
    ..\Drivers\STM32F1xx_HAL_Driver\Src\stm32f1xx_hal_tim_ex.c 0x00000000   Number         0  stm32f1xx_hal_tim_ex.o ABSOLUTE
    ..\Drivers\STM32F1xx_HAL_Driver\Src\stm32f1xx_hal_uart.c 0x00000000   Number         0  stm32f1xx_hal_uart.o ABSOLUTE
    ..\Src\delay.c                           0x00000000   Number         0  delay.o ABSOLUTE
    ..\Src\dma.c                             0x00000000   Number         0  dma.o ABSOLUTE
    ..\Src\gpio.c                            0x00000000   Number         0  gpio.o ABSOLUTE
    ..\Src\iwdg.c                            0x00000000   Number         0  iwdg.o ABSOLUTE
    ..\Src\main.c                            0x00000000   Number         0  main.o ABSOLUTE
    ..\Src\rtc.c                             0x00000000   Number         0  rtc.o ABSOLUTE
    ..\Src\scl3300.c                         0x00000000   Number         0  scl3300.o ABSOLUTE
    ..\Src\stm32f1xx_hal_msp.c               0x00000000   Number         0  stm32f1xx_hal_msp.o ABSOLUTE
    ..\Src\stm32f1xx_it.c                    0x00000000   Number         0  stm32f1xx_it.o ABSOLUTE
    ..\Src\system_stm32f1xx.c                0x00000000   Number         0  system_stm32f1xx.o ABSOLUTE
    ..\Src\tim.c                             0x00000000   Number         0  tim.o ABSOLUTE
    ..\Src\usart.c                           0x00000000   Number         0  usart.o ABSOLUTE
    ..\\Src\\delay.c                         0x00000000   Number         0  delay.o ABSOLUTE
    ..\\Src\\scl3300.c                       0x00000000   Number         0  scl3300.o ABSOLUTE
    cdrcmple.s                               0x00000000   Number         0  cdrcmple.o ABSOLUTE
    dc.s                                     0x00000000   Number         0  dc.o ABSOLUTE
    handlers.s                               0x00000000   Number         0  handlers.o ABSOLUTE
    init.s                                   0x00000000   Number         0  init.o ABSOLUTE
    startup_stm32f103xe.s                    0x00000000   Number         0  startup_stm32f103xe.o ABSOLUTE
    RESET                                    0x08000000   Section      304  startup_stm32f103xe.o(RESET)
    .ARM.Collect$$$$00000000                 0x08000130   Section        0  entry.o(.ARM.Collect$$$$00000000)
    .ARM.Collect$$$$00000001                 0x08000130   Section        4  entry2.o(.ARM.Collect$$$$00000001)
    .ARM.Collect$$$$00000004                 0x08000134   Section        4  entry5.o(.ARM.Collect$$$$00000004)
    .ARM.Collect$$$$00000008                 0x08000138   Section        0  entry7b.o(.ARM.Collect$$$$00000008)
    .ARM.Collect$$$$0000000A                 0x08000138   Section        0  entry8b.o(.ARM.Collect$$$$0000000A)
    .ARM.Collect$$$$0000000B                 0x08000138   Section        8  entry9a.o(.ARM.Collect$$$$0000000B)
    .ARM.Collect$$$$0000000D                 0x08000140   Section        0  entry10a.o(.ARM.Collect$$$$0000000D)
    .ARM.Collect$$$$0000000F                 0x08000140   Section        0  entry11a.o(.ARM.Collect$$$$0000000F)
    .ARM.Collect$$$$00002712                 0x08000140   Section        4  entry2.o(.ARM.Collect$$$$00002712)
    __lit__00000000                          0x08000140   Data           4  entry2.o(.ARM.Collect$$$$00002712)
    .text                                    0x08000144   Section       36  startup_stm32f103xe.o(.text)
    .text                                    0x08000168   Section        0  llushr.o(.text)
    .text                                    0x08000188   Section        0  memcpya.o(.text)
    .text                                    0x080001ac   Section        0  memseta.o(.text)
    .text                                    0x080001d0   Section        0  dadd.o(.text)
    .text                                    0x0800031e   Section        0  dmul.o(.text)
    .text                                    0x08000402   Section        0  ddiv.o(.text)
    .text                                    0x080004e0   Section        0  dflti.o(.text)
    .text                                    0x08000502   Section        0  f2d.o(.text)
    .text                                    0x08000528   Section        0  d2f.o(.text)
    .text                                    0x08000560   Section        0  uidiv.o(.text)
    .text                                    0x0800058c   Section        0  uldiv.o(.text)
    .text                                    0x080005ee   Section        0  llshl.o(.text)
    .text                                    0x0800060c   Section        0  llsshr.o(.text)
    .text                                    0x08000630   Section        0  fepilogue.o(.text)
    .text                                    0x08000630   Section        0  iusefp.o(.text)
    .text                                    0x0800069e   Section        0  depilogue.o(.text)
    .text                                    0x08000758   Section        0  dfixul.o(.text)
    .text                                    0x08000788   Section       48  cdrcmple.o(.text)
    .text                                    0x080007b8   Section       36  init.o(.text)
    i.BusFault_Handler                       0x080007dc   Section        0  stm32f1xx_it.o(i.BusFault_Handler)
    i.CRC8                                   0x080007e0   Section        0  scl3300.o(i.CRC8)
    CRC8                                     0x080007e1   Thumb Code    30  scl3300.o(i.CRC8)
    i.CalculateCRC                           0x080007fe   Section        0  scl3300.o(i.CalculateCRC)
    i.DMA1_Channel4_IRQHandler               0x08000830   Section        0  stm32f1xx_it.o(i.DMA1_Channel4_IRQHandler)
    i.DMA1_Channel5_IRQHandler               0x08000840   Section        0  stm32f1xx_it.o(i.DMA1_Channel5_IRQHandler)
    i.DMA1_Channel6_IRQHandler               0x08000850   Section        0  stm32f1xx_it.o(i.DMA1_Channel6_IRQHandler)
    i.DMA1_Channel7_IRQHandler               0x08000860   Section        0  stm32f1xx_it.o(i.DMA1_Channel7_IRQHandler)
    i.DMA_SetConfig                          0x08000870   Section        0  stm32f1xx_hal_dma.o(i.DMA_SetConfig)
    DMA_SetConfig                            0x08000871   Thumb Code    44  stm32f1xx_hal_dma.o(i.DMA_SetConfig)
    i.DMA_Uart1Transmit                      0x0800089c   Section        0  usart.o(i.DMA_Uart1Transmit)
    i.DebugMon_Handler                       0x080008cc   Section        0  stm32f1xx_it.o(i.DebugMon_Handler)
    i.Error_Handler                          0x080008ce   Section        0  main.o(i.Error_Handler)
    i.HAL_DMA_Abort                          0x080008d0   Section        0  stm32f1xx_hal_dma.o(i.HAL_DMA_Abort)
    i.HAL_DMA_Abort_IT                       0x08000928   Section        0  stm32f1xx_hal_dma.o(i.HAL_DMA_Abort_IT)
    i.HAL_DMA_GetError                       0x08000ad0   Section        0  stm32f1xx_hal_dma.o(i.HAL_DMA_GetError)
    i.HAL_DMA_IRQHandler                     0x08000ad8   Section        0  stm32f1xx_hal_dma.o(i.HAL_DMA_IRQHandler)
    i.HAL_DMA_Init                           0x08000e70   Section        0  stm32f1xx_hal_dma.o(i.HAL_DMA_Init)
    i.HAL_DMA_Start_IT                       0x08000efc   Section        0  stm32f1xx_hal_dma.o(i.HAL_DMA_Start_IT)
    i.HAL_GPIO_Init                          0x08000f98   Section        0  stm32f1xx_hal_gpio.o(i.HAL_GPIO_Init)
    i.HAL_GPIO_ReadPin                       0x080012d8   Section        0  stm32f1xx_hal_gpio.o(i.HAL_GPIO_ReadPin)
    i.HAL_GPIO_WritePin                      0x080012e8   Section        0  stm32f1xx_hal_gpio.o(i.HAL_GPIO_WritePin)
    i.HAL_GetTick                            0x080012f4   Section        0  stm32f1xx_hal.o(i.HAL_GetTick)
    i.HAL_IncTick                            0x08001300   Section        0  stm32f1xx_hal.o(i.HAL_IncTick)
    i.HAL_Init                               0x08001318   Section        0  stm32f1xx_hal.o(i.HAL_Init)
    i.HAL_InitTick                           0x08001340   Section        0  stm32f1xx_hal.o(i.HAL_InitTick)
    i.HAL_MspInit                            0x0800138c   Section        0  stm32f1xx_hal_msp.o(i.HAL_MspInit)
    i.HAL_NVIC_EnableIRQ                     0x080013e0   Section        0  stm32f1xx_hal_cortex.o(i.HAL_NVIC_EnableIRQ)
    i.HAL_NVIC_SetPriority                   0x08001400   Section        0  stm32f1xx_hal_cortex.o(i.HAL_NVIC_SetPriority)
    i.HAL_NVIC_SetPriorityGrouping           0x0800147c   Section        0  stm32f1xx_hal_cortex.o(i.HAL_NVIC_SetPriorityGrouping)
    i.HAL_PWR_EnableBkUpAccess               0x080014a4   Section        0  stm32f1xx_hal_pwr.o(i.HAL_PWR_EnableBkUpAccess)
    i.HAL_RCCEx_GetPeriphCLKFreq             0x080014b0   Section        0  stm32f1xx_hal_rcc_ex.o(i.HAL_RCCEx_GetPeriphCLKFreq)
    i.HAL_RCCEx_PeriphCLKConfig              0x080015e4   Section        0  stm32f1xx_hal_rcc_ex.o(i.HAL_RCCEx_PeriphCLKConfig)
    i.HAL_RCC_ClockConfig                    0x08001714   Section        0  stm32f1xx_hal_rcc.o(i.HAL_RCC_ClockConfig)
    i.HAL_RCC_GetHCLKFreq                    0x080018a0   Section        0  stm32f1xx_hal_rcc.o(i.HAL_RCC_GetHCLKFreq)
    i.HAL_RCC_GetPCLK1Freq                   0x080018ac   Section        0  stm32f1xx_hal_rcc.o(i.HAL_RCC_GetPCLK1Freq)
    i.HAL_RCC_GetPCLK2Freq                   0x080018cc   Section        0  stm32f1xx_hal_rcc.o(i.HAL_RCC_GetPCLK2Freq)
    i.HAL_RCC_GetSysClockFreq                0x080018ec   Section        0  stm32f1xx_hal_rcc.o(i.HAL_RCC_GetSysClockFreq)
    i.HAL_RCC_OscConfig                      0x08001980   Section        0  stm32f1xx_hal_rcc.o(i.HAL_RCC_OscConfig)
    i.HAL_RTCEx_BKUPRead                     0x08001de4   Section        0  stm32f1xx_hal_rtc_ex.o(i.HAL_RTCEx_BKUPRead)
    i.HAL_RTCEx_BKUPWrite                    0x08001dfc   Section        0  stm32f1xx_hal_rtc_ex.o(i.HAL_RTCEx_BKUPWrite)
    i.HAL_RTCEx_RTCEventCallback             0x08001e14   Section        0  stm32f1xx_hal_rtc_ex.o(i.HAL_RTCEx_RTCEventCallback)
    i.HAL_RTCEx_RTCEventErrorCallback        0x08001e16   Section        0  stm32f1xx_hal_rtc_ex.o(i.HAL_RTCEx_RTCEventErrorCallback)
    i.HAL_RTCEx_RTCIRQHandler                0x08001e18   Section        0  stm32f1xx_hal_rtc_ex.o(i.HAL_RTCEx_RTCIRQHandler)
    i.HAL_RTCEx_SetSecond_IT                 0x08001e66   Section        0  stm32f1xx_hal_rtc_ex.o(i.HAL_RTCEx_SetSecond_IT)
    i.HAL_RTC_Init                           0x08001ea0   Section        0  stm32f1xx_hal_rtc.o(i.HAL_RTC_Init)
    i.HAL_RTC_MspInit                        0x08001f70   Section        0  rtc.o(i.HAL_RTC_MspInit)
    i.HAL_RTC_WaitForSynchro                 0x08001fc0   Section        0  stm32f1xx_hal_rtc.o(i.HAL_RTC_WaitForSynchro)
    i.HAL_SYSTICK_Config                     0x08002000   Section        0  stm32f1xx_hal_cortex.o(i.HAL_SYSTICK_Config)
    i.HAL_TIMEx_BreakCallback                0x08002034   Section        0  stm32f1xx_hal_tim_ex.o(i.HAL_TIMEx_BreakCallback)
    i.HAL_TIMEx_CommutCallback               0x08002036   Section        0  stm32f1xx_hal_tim_ex.o(i.HAL_TIMEx_CommutCallback)
    i.HAL_TIMEx_MasterConfigSynchronization  0x08002038   Section        0  stm32f1xx_hal_tim_ex.o(i.HAL_TIMEx_MasterConfigSynchronization)
    i.HAL_TIM_Base_Init                      0x080020d4   Section        0  stm32f1xx_hal_tim.o(i.HAL_TIM_Base_Init)
    i.HAL_TIM_Base_MspInit                   0x0800213c   Section        0  tim.o(i.HAL_TIM_Base_MspInit)
    i.HAL_TIM_Base_Start_IT                  0x08002180   Section        0  stm32f1xx_hal_tim.o(i.HAL_TIM_Base_Start_IT)
    i.HAL_TIM_ConfigClockSource              0x08002210   Section        0  stm32f1xx_hal_tim.o(i.HAL_TIM_ConfigClockSource)
    i.HAL_TIM_IC_CaptureCallback             0x08002318   Section        0  stm32f1xx_hal_tim.o(i.HAL_TIM_IC_CaptureCallback)
    i.HAL_TIM_IRQHandler                     0x0800231a   Section        0  stm32f1xx_hal_tim.o(i.HAL_TIM_IRQHandler)
    i.HAL_TIM_OC_DelayElapsedCallback        0x080024b0   Section        0  stm32f1xx_hal_tim.o(i.HAL_TIM_OC_DelayElapsedCallback)
    i.HAL_TIM_PWM_PulseFinishedCallback      0x080024b2   Section        0  stm32f1xx_hal_tim.o(i.HAL_TIM_PWM_PulseFinishedCallback)
    i.HAL_TIM_PeriodElapsedCallback          0x080024b4   Section        0  tim.o(i.HAL_TIM_PeriodElapsedCallback)
    i.HAL_TIM_TriggerCallback                0x080024d4   Section        0  stm32f1xx_hal_tim.o(i.HAL_TIM_TriggerCallback)
    i.HAL_UARTEx_RxEventCallback             0x080024d6   Section        0  stm32f1xx_hal_uart.o(i.HAL_UARTEx_RxEventCallback)
    i.HAL_UART_AbortReceive                  0x080024d8   Section        0  stm32f1xx_hal_uart.o(i.HAL_UART_AbortReceive)
    i.HAL_UART_ErrorCallback                 0x08002552   Section        0  stm32f1xx_hal_uart.o(i.HAL_UART_ErrorCallback)
    i.HAL_UART_IRQHandler                    0x08002554   Section        0  stm32f1xx_hal_uart.o(i.HAL_UART_IRQHandler)
    i.HAL_UART_Init                          0x080027a0   Section        0  stm32f1xx_hal_uart.o(i.HAL_UART_Init)
    i.HAL_UART_MspInit                       0x08002814   Section        0  usart.o(i.HAL_UART_MspInit)
    i.HAL_UART_Receive_DMA                   0x08002b20   Section        0  stm32f1xx_hal_uart.o(i.HAL_UART_Receive_DMA)
    i.HAL_UART_RxCpltCallback                0x08002b62   Section        0  stm32f1xx_hal_uart.o(i.HAL_UART_RxCpltCallback)
    i.HAL_UART_RxHalfCpltCallback            0x08002b64   Section        0  stm32f1xx_hal_uart.o(i.HAL_UART_RxHalfCpltCallback)
    i.HAL_UART_Transmit                      0x08002b66   Section        0  stm32f1xx_hal_uart.o(i.HAL_UART_Transmit)
    i.HAL_UART_Transmit_DMA                  0x08002c38   Section        0  stm32f1xx_hal_uart.o(i.HAL_UART_Transmit_DMA)
    i.HAL_UART_TxCpltCallback                0x08002cd4   Section        0  usart.o(i.HAL_UART_TxCpltCallback)
    i.HAL_UART_TxHalfCpltCallback            0x08003030   Section        0  stm32f1xx_hal_uart.o(i.HAL_UART_TxHalfCpltCallback)
    i.HardFault_Handler                      0x08003032   Section        0  stm32f1xx_it.o(i.HardFault_Handler)
    i.Is_Leap_Year                           0x08003036   Section        0  rtc.o(i.Is_Leap_Year)
    i.MX_DMA_Init                            0x08003070   Section        0  dma.o(i.MX_DMA_Init)
    i.MX_GPIO_Init                           0x080030d4   Section        0  gpio.o(i.MX_GPIO_Init)
    i.MX_TIM3_Init                           0x0800316c   Section        0  tim.o(i.MX_TIM3_Init)
    i.MX_UART4_Init                          0x080031d8   Section        0  usart.o(i.MX_UART4_Init)
    i.MX_UART5_Init                          0x08003210   Section        0  usart.o(i.MX_UART5_Init)
    i.MX_USART1_UART_Init                    0x08003248   Section        0  usart.o(i.MX_USART1_UART_Init)
    i.MX_USART2_UART_Init                    0x08003280   Section        0  usart.o(i.MX_USART2_UART_Init)
    i.MY_RTC_Init                            0x080032b8   Section        0  rtc.o(i.MY_RTC_Init)
    i.MemManage_Handler                      0x08003334   Section        0  stm32f1xx_it.o(i.MemManage_Handler)
    i.NMI_Handler                            0x08003338   Section        0  stm32f1xx_it.o(i.NMI_Handler)
    i.PendSV_Handler                         0x0800333a   Section        0  stm32f1xx_it.o(i.PendSV_Handler)
    i.RCC_Delay                              0x0800333c   Section        0  stm32f1xx_hal_rcc.o(i.RCC_Delay)
    RCC_Delay                                0x0800333d   Thumb Code    36  stm32f1xx_hal_rcc.o(i.RCC_Delay)
    i.RTC_CalendarShow                       0x08003364   Section        0  rtc.o(i.RTC_CalendarShow)
    i.RTC_EnterInitMode                      0x080033f4   Section        0  rtc.o(i.RTC_EnterInitMode)
    RTC_EnterInitMode                        0x080033f5   Thumb Code    58  rtc.o(i.RTC_EnterInitMode)
    i.RTC_EnterInitMode                      0x0800342e   Section        0  stm32f1xx_hal_rtc.o(i.RTC_EnterInitMode)
    RTC_EnterInitMode                        0x0800342f   Thumb Code    58  stm32f1xx_hal_rtc.o(i.RTC_EnterInitMode)
    i.RTC_ExitInitMode                       0x08003468   Section        0  rtc.o(i.RTC_ExitInitMode)
    RTC_ExitInitMode                         0x08003469   Thumb Code    58  rtc.o(i.RTC_ExitInitMode)
    i.RTC_ExitInitMode                       0x080034a2   Section        0  stm32f1xx_hal_rtc.o(i.RTC_ExitInitMode)
    RTC_ExitInitMode                         0x080034a3   Thumb Code    58  stm32f1xx_hal_rtc.o(i.RTC_ExitInitMode)
    i.RTC_Get                                0x080034dc   Section        0  rtc.o(i.RTC_Get)
    i.RTC_Get_Week                           0x080035e4   Section        0  rtc.o(i.RTC_Get_Week)
    i.RTC_IRQHandler                         0x08003694   Section        0  stm32f1xx_it.o(i.RTC_IRQHandler)
    i.RTC_ReadTimeCounter                    0x080036a4   Section        0  rtc.o(i.RTC_ReadTimeCounter)
    RTC_ReadTimeCounter                      0x080036a5   Thumb Code    52  rtc.o(i.RTC_ReadTimeCounter)
    i.RTC_Set                                0x080036d8   Section        0  rtc.o(i.RTC_Set)
    i.RTC_SetCounter                         0x080037c8   Section        0  rtc.o(i.RTC_SetCounter)
    RTC_SetCounter                           0x080037c9   Thumb Code    46  rtc.o(i.RTC_SetCounter)
    i.RTC_Show                               0x080037f8   Section        0  rtc.o(i.RTC_Show)
    i.SCL3300_D01_Enable_Angle_Outputs       0x08003818   Section        0  scl3300.o(i.SCL3300_D01_Enable_Angle_Outputs)
    i.SCL3300_D01_ReadSensorData             0x08003838   Section        0  scl3300.o(i.SCL3300_D01_ReadSensorData)
    i.SCL3300_D01_Read_STATUS                0x080039bc   Section        0  scl3300.o(i.SCL3300_D01_Read_STATUS)
    i.SCL3300_D01_SetMeasurementMode         0x080039e8   Section        0  scl3300.o(i.SCL3300_D01_SetMeasurementMode)
    i.SCL3300_D01_init                       0x08003a40   Section        0  scl3300.o(i.SCL3300_D01_init)
    i.SCL3300_TransmitReceive                0x08003a94   Section        0  scl3300.o(i.SCL3300_TransmitReceive)
    SCL3300_TransmitReceive                  0x08003a95   Thumb Code   232  scl3300.o(i.SCL3300_TransmitReceive)
    i.SVC_Handler                            0x08003b80   Section        0  stm32f1xx_it.o(i.SVC_Handler)
    i.StartTimer                             0x08003b82   Section        0  tim.o(i.StartTimer)
    i.SysTick_Handler                        0x08003b8e   Section        0  stm32f1xx_it.o(i.SysTick_Handler)
    i.SystemClock_Config                     0x08003b96   Section        0  main.o(i.SystemClock_Config)
    i.SystemInit                             0x08003c1e   Section        0  system_stm32f1xx.o(i.SystemInit)
    i.TIM3_IRQHandler                        0x08003c20   Section        0  stm32f1xx_it.o(i.TIM3_IRQHandler)
    i.TIM_Base_SetConfig                     0x08003c30   Section        0  stm32f1xx_hal_tim.o(i.TIM_Base_SetConfig)
    i.TIM_ETR_SetConfig                      0x08003ccc   Section        0  stm32f1xx_hal_tim.o(i.TIM_ETR_SetConfig)
    i.TIM_ITRx_SetConfig                     0x08003ce2   Section        0  stm32f1xx_hal_tim.o(i.TIM_ITRx_SetConfig)
    TIM_ITRx_SetConfig                       0x08003ce3   Thumb Code    18  stm32f1xx_hal_tim.o(i.TIM_ITRx_SetConfig)
    i.TIM_TI1_ConfigInputStage               0x08003cf4   Section        0  stm32f1xx_hal_tim.o(i.TIM_TI1_ConfigInputStage)
    TIM_TI1_ConfigInputStage                 0x08003cf5   Thumb Code    38  stm32f1xx_hal_tim.o(i.TIM_TI1_ConfigInputStage)
    i.TIM_TI2_ConfigInputStage               0x08003d1a   Section        0  stm32f1xx_hal_tim.o(i.TIM_TI2_ConfigInputStage)
    TIM_TI2_ConfigInputStage                 0x08003d1b   Thumb Code    40  stm32f1xx_hal_tim.o(i.TIM_TI2_ConfigInputStage)
    i.Time                                   0x08003d44   Section        0  tim.o(i.Time)
    i.UART4_IRQHandler                       0x08003de4   Section        0  stm32f1xx_it.o(i.UART4_IRQHandler)
    i.UART5_IRQHandler                       0x08003df4   Section        0  stm32f1xx_it.o(i.UART5_IRQHandler)
    i.UART_DMAAbortOnError                   0x08003e04   Section        0  stm32f1xx_hal_uart.o(i.UART_DMAAbortOnError)
    UART_DMAAbortOnError                     0x08003e05   Thumb Code    20  stm32f1xx_hal_uart.o(i.UART_DMAAbortOnError)
    i.UART_DMAError                          0x08003e18   Section        0  stm32f1xx_hal_uart.o(i.UART_DMAError)
    UART_DMAError                            0x08003e19   Thumb Code    80  stm32f1xx_hal_uart.o(i.UART_DMAError)
    i.UART_DMAReceiveCplt                    0x08003e68   Section        0  stm32f1xx_hal_uart.o(i.UART_DMAReceiveCplt)
    UART_DMAReceiveCplt                      0x08003e69   Thumb Code   104  stm32f1xx_hal_uart.o(i.UART_DMAReceiveCplt)
    i.UART_DMARxHalfCplt                     0x08003ed0   Section        0  stm32f1xx_hal_uart.o(i.UART_DMARxHalfCplt)
    UART_DMARxHalfCplt                       0x08003ed1   Thumb Code    32  stm32f1xx_hal_uart.o(i.UART_DMARxHalfCplt)
    i.UART_DMATransmitCplt                   0x08003ef0   Section        0  stm32f1xx_hal_uart.o(i.UART_DMATransmitCplt)
    UART_DMATransmitCplt                     0x08003ef1   Thumb Code    54  stm32f1xx_hal_uart.o(i.UART_DMATransmitCplt)
    i.UART_DMATxHalfCplt                     0x08003f26   Section        0  stm32f1xx_hal_uart.o(i.UART_DMATxHalfCplt)
    UART_DMATxHalfCplt                       0x08003f27   Thumb Code    14  stm32f1xx_hal_uart.o(i.UART_DMATxHalfCplt)
    i.UART_EndRxTransfer                     0x08003f34   Section        0  stm32f1xx_hal_uart.o(i.UART_EndRxTransfer)
    UART_EndRxTransfer                       0x08003f35   Thumb Code    54  stm32f1xx_hal_uart.o(i.UART_EndRxTransfer)
    i.UART_EndTransmit_IT                    0x08003f6a   Section        0  stm32f1xx_hal_uart.o(i.UART_EndTransmit_IT)
    UART_EndTransmit_IT                      0x08003f6b   Thumb Code    32  stm32f1xx_hal_uart.o(i.UART_EndTransmit_IT)
    i.UART_EndTxTransfer                     0x08003f8a   Section        0  stm32f1xx_hal_uart.o(i.UART_EndTxTransfer)
    UART_EndTxTransfer                       0x08003f8b   Thumb Code    20  stm32f1xx_hal_uart.o(i.UART_EndTxTransfer)
    i.UART_IDLE_Callback                     0x08003fa0   Section        0  usart.o(i.UART_IDLE_Callback)
    i.UART_Receive_IT                        0x08004260   Section        0  stm32f1xx_hal_uart.o(i.UART_Receive_IT)
    UART_Receive_IT                          0x08004261   Thumb Code   228  stm32f1xx_hal_uart.o(i.UART_Receive_IT)
    i.UART_SetConfig                         0x08004344   Section        0  stm32f1xx_hal_uart.o(i.UART_SetConfig)
    UART_SetConfig                           0x08004345   Thumb Code   248  stm32f1xx_hal_uart.o(i.UART_SetConfig)
    i.UART_Start_Receive_DMA                 0x08004440   Section        0  stm32f1xx_hal_uart.o(i.UART_Start_Receive_DMA)
    i.UART_Transmit_IT                       0x080044d8   Section        0  stm32f1xx_hal_uart.o(i.UART_Transmit_IT)
    UART_Transmit_IT                         0x080044d9   Thumb Code    96  stm32f1xx_hal_uart.o(i.UART_Transmit_IT)
    i.UART_WaitOnFlagUntilTimeout            0x08004538   Section        0  stm32f1xx_hal_uart.o(i.UART_WaitOnFlagUntilTimeout)
    UART_WaitOnFlagUntilTimeout              0x08004539   Thumb Code   108  stm32f1xx_hal_uart.o(i.UART_WaitOnFlagUntilTimeout)
    i.USART1_IRQHandler                      0x080045a4   Section        0  stm32f1xx_it.o(i.USART1_IRQHandler)
    i.USART2_IRQHandler                      0x080045b8   Section        0  stm32f1xx_it.o(i.USART2_IRQHandler)
    i.Uart1RxCpltJudge                       0x080045cc   Section        0  usart.o(i.Uart1RxCpltJudge)
    i.Uart2RxCpltJudge                       0x08004600   Section        0  usart.o(i.Uart2RxCpltJudge)
    i.UartPorc                               0x08004634   Section        0  usart.o(i.UartPorc)
    i.UartUserInit                           0x08004640   Section        0  usart.o(i.UartUserInit)
    i.UsageFault_Handler                     0x08004704   Section        0  stm32f1xx_it.o(i.UsageFault_Handler)
    i.__0printf                              0x08004708   Section        0  printfa.o(i.__0printf)
    i.__0sprintf                             0x08004728   Section        0  printfa.o(i.__0sprintf)
    i.__NVIC_GetPriorityGrouping             0x08004750   Section        0  stm32f1xx_hal_cortex.o(i.__NVIC_GetPriorityGrouping)
    __NVIC_GetPriorityGrouping               0x08004751   Thumb Code    10  stm32f1xx_hal_cortex.o(i.__NVIC_GetPriorityGrouping)
    i.__NVIC_SetPriority                     0x08004760   Section        0  stm32f1xx_hal_cortex.o(i.__NVIC_SetPriority)
    __NVIC_SetPriority                       0x08004761   Thumb Code    32  stm32f1xx_hal_cortex.o(i.__NVIC_SetPriority)
    i.__scatterload_copy                     0x08004788   Section       14  handlers.o(i.__scatterload_copy)
    i.__scatterload_null                     0x08004796   Section        2  handlers.o(i.__scatterload_null)
    i.__scatterload_zeroinit                 0x08004798   Section       14  handlers.o(i.__scatterload_zeroinit)
    i._fp_digits                             0x080047a8   Section        0  printfa.o(i._fp_digits)
    _fp_digits                               0x080047a9   Thumb Code   366  printfa.o(i._fp_digits)
    i._printf_core                           0x0800492c   Section        0  printfa.o(i._printf_core)
    _printf_core                             0x0800492d   Thumb Code  1744  printfa.o(i._printf_core)
    i._printf_post_padding                   0x08005008   Section        0  printfa.o(i._printf_post_padding)
    _printf_post_padding                     0x08005009   Thumb Code    36  printfa.o(i._printf_post_padding)
    i._printf_pre_padding                    0x0800502c   Section        0  printfa.o(i._printf_pre_padding)
    _printf_pre_padding                      0x0800502d   Thumb Code    46  printfa.o(i._printf_pre_padding)
    i._sputc                                 0x0800505a   Section        0  printfa.o(i._sputc)
    _sputc                                   0x0800505b   Thumb Code    10  printfa.o(i._sputc)
    i.delay_init                             0x08005064   Section        0  delay.o(i.delay_init)
    i.delay_ms                               0x080050a4   Section        0  delay.o(i.delay_ms)
    i.delay_us                               0x080050e0   Section        0  delay.o(i.delay_us)
    i.fputc                                  0x0800511c   Section        0  usart.o(i.fputc)
    i.main                                   0x08005138   Section        0  main.o(i.main)
    i.scl3300_gpio_init                      0x0800527c   Section        0  scl3300.o(i.scl3300_gpio_init)
    i.scl3300_send_recv_byte                 0x080052cc   Section        0  scl3300.o(i.scl3300_send_recv_byte)
    .constdata                               0x0800534c   Section       12  rtc.o(.constdata)
    .constdata                               0x08005358   Section       24  system_stm32f1xx.o(.constdata)
    .data                                    0x20000000   Section        2  rtc.o(.data)
    daycnt                                   0x20000000   Data           2  rtc.o(.data)
    .data                                    0x20000004   Section       16  tim.o(.data)
    .data                                    0x20000014   Section       12  usart.o(.data)
    .data                                    0x20000020   Section        4  delay.o(.data)
    fac_us                                   0x20000020   Data           1  delay.o(.data)
    fac_ms                                   0x20000022   Data           2  delay.o(.data)
    .data                                    0x20000024   Section        9  stm32f1xx_hal.o(.data)
    .data                                    0x20000030   Section        4  system_stm32f1xx.o(.data)
    .bss                                     0x20000034   Section      188  rtc.o(.bss)
    .bss                                     0x200000f0   Section       72  tim.o(.bss)
    .bss                                     0x20000138   Section     4944  usart.o(.bss)
    Uart2CurRxBuf                            0x20000138   Data        2048  usart.o(.bss)
    Uart1CurRxBuf                            0x20001150   Data         256  usart.o(.bss)
    .bss                                     0x20001488   Section       40  scl3300.o(.bss)
    STACK                                    0x200014b0   Section     1024  startup_stm32f103xe.o(STACK)

    Global Symbols

    Symbol Name                              Value     Ov Type        Size  Object(Section)

    BuildAttributes$$THM_ISAv4$P$D$K$B$S$PE$A:L22UL41UL21$X:L11$S22US41US21$IEEE1$IW$USESV6$~STKCKD$USESV7$~SHL$OTIME$ROPI$EBA8$MICROLIB$REQ8$PRES8$EABIv2 0x00000000   Number         0  anon$$obj.o ABSOLUTE
    __ARM_use_no_argv                        0x00000000   Number         0  main.o ABSOLUTE
    __use_no_errno                           0x00000000   Number         0  useno.o ABSOLUTE
    __use_no_exception_handling              0x00000000   Number         0  useno.o ABSOLUTE
    __use_no_fp                              0x00000000   Number         0  useno.o ABSOLUTE
    __use_no_heap                            0x00000000   Number         0  useno.o ABSOLUTE
    __use_no_heap_region                     0x00000000   Number         0  useno.o ABSOLUTE
    __use_no_semihosting                     0x00000000   Number         0  useno.o ABSOLUTE
    __use_no_semihosting_swi                 0x00000000   Number         0  useno.o ABSOLUTE
    __use_no_signal_handling                 0x00000000   Number         0  useno.o ABSOLUTE
    _printf_a                                0x00000000   Number         0  stubs.o ABSOLUTE
    _printf_c                                0x00000000   Number         0  stubs.o ABSOLUTE
    _printf_charcount                        0x00000000   Number         0  stubs.o ABSOLUTE
    _printf_d                                0x00000000   Number         0  stubs.o ABSOLUTE
    _printf_e                                0x00000000   Number         0  stubs.o ABSOLUTE
    _printf_f                                0x00000000   Number         0  stubs.o ABSOLUTE
    _printf_flags                            0x00000000   Number         0  stubs.o ABSOLUTE
    _printf_fp_dec                           0x00000000   Number         0  stubs.o ABSOLUTE
    _printf_fp_hex                           0x00000000   Number         0  stubs.o ABSOLUTE
    _printf_g                                0x00000000   Number         0  stubs.o ABSOLUTE
    _printf_i                                0x00000000   Number         0  stubs.o ABSOLUTE
    _printf_int_dec                          0x00000000   Number         0  stubs.o ABSOLUTE
    _printf_l                                0x00000000   Number         0  stubs.o ABSOLUTE
    _printf_lc                               0x00000000   Number         0  stubs.o ABSOLUTE
    _printf_ll                               0x00000000   Number         0  stubs.o ABSOLUTE
    _printf_lld                              0x00000000   Number         0  stubs.o ABSOLUTE
    _printf_lli                              0x00000000   Number         0  stubs.o ABSOLUTE
    _printf_llo                              0x00000000   Number         0  stubs.o ABSOLUTE
    _printf_llu                              0x00000000   Number         0  stubs.o ABSOLUTE
    _printf_llx                              0x00000000   Number         0  stubs.o ABSOLUTE
    _printf_longlong_dec                     0x00000000   Number         0  stubs.o ABSOLUTE
    _printf_longlong_hex                     0x00000000   Number         0  stubs.o ABSOLUTE
    _printf_longlong_oct                     0x00000000   Number         0  stubs.o ABSOLUTE
    _printf_ls                               0x00000000   Number         0  stubs.o ABSOLUTE
    _printf_mbtowc                           0x00000000   Number         0  stubs.o ABSOLUTE
    _printf_n                                0x00000000   Number         0  stubs.o ABSOLUTE
    _printf_o                                0x00000000   Number         0  stubs.o ABSOLUTE
    _printf_p                                0x00000000   Number         0  stubs.o ABSOLUTE
    _printf_percent                          0x00000000   Number         0  stubs.o ABSOLUTE
    _printf_pre_padding                      0x00000000   Number         0  stubs.o ABSOLUTE
    _printf_return_value                     0x00000000   Number         0  stubs.o ABSOLUTE
    _printf_s                                0x00000000   Number         0  stubs.o ABSOLUTE
    _printf_sizespec                         0x00000000   Number         0  stubs.o ABSOLUTE
    _printf_str                              0x00000000   Number         0  stubs.o ABSOLUTE
    _printf_truncate_signed                  0x00000000   Number         0  stubs.o ABSOLUTE
    _printf_truncate_unsigned                0x00000000   Number         0  stubs.o ABSOLUTE
    _printf_u                                0x00000000   Number         0  stubs.o ABSOLUTE
    _printf_wc                               0x00000000   Number         0  stubs.o ABSOLUTE
    _printf_wctomb                           0x00000000   Number         0  stubs.o ABSOLUTE
    _printf_widthprec                        0x00000000   Number         0  stubs.o ABSOLUTE
    _printf_x                                0x00000000   Number         0  stubs.o ABSOLUTE
    __cpp_initialize__aeabi_                  - Undefined Weak Reference
    __cxa_finalize                            - Undefined Weak Reference
    __decompress                              - Undefined Weak Reference
    _clock_init                               - Undefined Weak Reference
    _microlib_exit                            - Undefined Weak Reference
    __Vectors_Size                           0x00000130   Number         0  startup_stm32f103xe.o ABSOLUTE
    __Vectors                                0x08000000   Data           4  startup_stm32f103xe.o(RESET)
    __Vectors_End                            0x08000130   Data           0  startup_stm32f103xe.o(RESET)
    __main                                   0x08000131   Thumb Code     0  entry.o(.ARM.Collect$$$$00000000)
    _main_stk                                0x08000131   Thumb Code     0  entry2.o(.ARM.Collect$$$$00000001)
    _main_scatterload                        0x08000135   Thumb Code     0  entry5.o(.ARM.Collect$$$$00000004)
    __main_after_scatterload                 0x08000139   Thumb Code     0  entry5.o(.ARM.Collect$$$$00000004)
    _main_clock                              0x08000139   Thumb Code     0  entry7b.o(.ARM.Collect$$$$00000008)
    _main_cpp_init                           0x08000139   Thumb Code     0  entry8b.o(.ARM.Collect$$$$0000000A)
    _main_init                               0x08000139   Thumb Code     0  entry9a.o(.ARM.Collect$$$$0000000B)
    __rt_final_cpp                           0x08000141   Thumb Code     0  entry10a.o(.ARM.Collect$$$$0000000D)
    __rt_final_exit                          0x08000141   Thumb Code     0  entry11a.o(.ARM.Collect$$$$0000000F)
    Reset_Handler                            0x08000145   Thumb Code     8  startup_stm32f103xe.o(.text)
    ADC1_2_IRQHandler                        0x0800015f   Thumb Code     0  startup_stm32f103xe.o(.text)
    ADC3_IRQHandler                          0x0800015f   Thumb Code     0  startup_stm32f103xe.o(.text)
    CAN1_RX1_IRQHandler                      0x0800015f   Thumb Code     0  startup_stm32f103xe.o(.text)
    CAN1_SCE_IRQHandler                      0x0800015f   Thumb Code     0  startup_stm32f103xe.o(.text)
    DMA1_Channel1_IRQHandler                 0x0800015f   Thumb Code     0  startup_stm32f103xe.o(.text)
    DMA1_Channel2_IRQHandler                 0x0800015f   Thumb Code     0  startup_stm32f103xe.o(.text)
    DMA1_Channel3_IRQHandler                 0x0800015f   Thumb Code     0  startup_stm32f103xe.o(.text)
    DMA2_Channel1_IRQHandler                 0x0800015f   Thumb Code     0  startup_stm32f103xe.o(.text)
    DMA2_Channel2_IRQHandler                 0x0800015f   Thumb Code     0  startup_stm32f103xe.o(.text)
    DMA2_Channel3_IRQHandler                 0x0800015f   Thumb Code     0  startup_stm32f103xe.o(.text)
    DMA2_Channel4_5_IRQHandler               0x0800015f   Thumb Code     0  startup_stm32f103xe.o(.text)
    EXTI0_IRQHandler                         0x0800015f   Thumb Code     0  startup_stm32f103xe.o(.text)
    EXTI15_10_IRQHandler                     0x0800015f   Thumb Code     0  startup_stm32f103xe.o(.text)
    EXTI1_IRQHandler                         0x0800015f   Thumb Code     0  startup_stm32f103xe.o(.text)
    EXTI2_IRQHandler                         0x0800015f   Thumb Code     0  startup_stm32f103xe.o(.text)
    EXTI3_IRQHandler                         0x0800015f   Thumb Code     0  startup_stm32f103xe.o(.text)
    EXTI4_IRQHandler                         0x0800015f   Thumb Code     0  startup_stm32f103xe.o(.text)
    EXTI9_5_IRQHandler                       0x0800015f   Thumb Code     0  startup_stm32f103xe.o(.text)
    FLASH_IRQHandler                         0x0800015f   Thumb Code     0  startup_stm32f103xe.o(.text)
    FSMC_IRQHandler                          0x0800015f   Thumb Code     0  startup_stm32f103xe.o(.text)
    I2C1_ER_IRQHandler                       0x0800015f   Thumb Code     0  startup_stm32f103xe.o(.text)
    I2C1_EV_IRQHandler                       0x0800015f   Thumb Code     0  startup_stm32f103xe.o(.text)
    I2C2_ER_IRQHandler                       0x0800015f   Thumb Code     0  startup_stm32f103xe.o(.text)
    I2C2_EV_IRQHandler                       0x0800015f   Thumb Code     0  startup_stm32f103xe.o(.text)
    PVD_IRQHandler                           0x0800015f   Thumb Code     0  startup_stm32f103xe.o(.text)
    RCC_IRQHandler                           0x0800015f   Thumb Code     0  startup_stm32f103xe.o(.text)
    RTC_Alarm_IRQHandler                     0x0800015f   Thumb Code     0  startup_stm32f103xe.o(.text)
    SDIO_IRQHandler                          0x0800015f   Thumb Code     0  startup_stm32f103xe.o(.text)
    SPI1_IRQHandler                          0x0800015f   Thumb Code     0  startup_stm32f103xe.o(.text)
    SPI2_IRQHandler                          0x0800015f   Thumb Code     0  startup_stm32f103xe.o(.text)
    SPI3_IRQHandler                          0x0800015f   Thumb Code     0  startup_stm32f103xe.o(.text)
    TAMPER_IRQHandler                        0x0800015f   Thumb Code     0  startup_stm32f103xe.o(.text)
    TIM1_BRK_IRQHandler                      0x0800015f   Thumb Code     0  startup_stm32f103xe.o(.text)
    TIM1_CC_IRQHandler                       0x0800015f   Thumb Code     0  startup_stm32f103xe.o(.text)
    TIM1_TRG_COM_IRQHandler                  0x0800015f   Thumb Code     0  startup_stm32f103xe.o(.text)
    TIM1_UP_IRQHandler                       0x0800015f   Thumb Code     0  startup_stm32f103xe.o(.text)
    TIM2_IRQHandler                          0x0800015f   Thumb Code     0  startup_stm32f103xe.o(.text)
    TIM4_IRQHandler                          0x0800015f   Thumb Code     0  startup_stm32f103xe.o(.text)
    TIM5_IRQHandler                          0x0800015f   Thumb Code     0  startup_stm32f103xe.o(.text)
    TIM6_IRQHandler                          0x0800015f   Thumb Code     0  startup_stm32f103xe.o(.text)
    TIM7_IRQHandler                          0x0800015f   Thumb Code     0  startup_stm32f103xe.o(.text)
    TIM8_BRK_IRQHandler                      0x0800015f   Thumb Code     0  startup_stm32f103xe.o(.text)
    TIM8_CC_IRQHandler                       0x0800015f   Thumb Code     0  startup_stm32f103xe.o(.text)
    TIM8_TRG_COM_IRQHandler                  0x0800015f   Thumb Code     0  startup_stm32f103xe.o(.text)
    TIM8_UP_IRQHandler                       0x0800015f   Thumb Code     0  startup_stm32f103xe.o(.text)
    USART3_IRQHandler                        0x0800015f   Thumb Code     0  startup_stm32f103xe.o(.text)
    USBWakeUp_IRQHandler                     0x0800015f   Thumb Code     0  startup_stm32f103xe.o(.text)
    USB_HP_CAN1_TX_IRQHandler                0x0800015f   Thumb Code     0  startup_stm32f103xe.o(.text)
    USB_LP_CAN1_RX0_IRQHandler               0x0800015f   Thumb Code     0  startup_stm32f103xe.o(.text)
    WWDG_IRQHandler                          0x0800015f   Thumb Code     0  startup_stm32f103xe.o(.text)
    __aeabi_llsr                             0x08000169   Thumb Code    32  llushr.o(.text)
    _ll_ushift_r                             0x08000169   Thumb Code     0  llushr.o(.text)
    __aeabi_memcpy                           0x08000189   Thumb Code    36  memcpya.o(.text)
    __aeabi_memcpy4                          0x08000189   Thumb Code     0  memcpya.o(.text)
    __aeabi_memcpy8                          0x08000189   Thumb Code     0  memcpya.o(.text)
    __aeabi_memset                           0x080001ad   Thumb Code    14  memseta.o(.text)
    __aeabi_memset4                          0x080001ad   Thumb Code     0  memseta.o(.text)
    __aeabi_memset8                          0x080001ad   Thumb Code     0  memseta.o(.text)
    __aeabi_memclr                           0x080001bb   Thumb Code     4  memseta.o(.text)
    __aeabi_memclr4                          0x080001bb   Thumb Code     0  memseta.o(.text)
    __aeabi_memclr8                          0x080001bb   Thumb Code     0  memseta.o(.text)
    _memset$wrapper                          0x080001bf   Thumb Code    18  memseta.o(.text)
    __aeabi_dadd                             0x080001d1   Thumb Code   322  dadd.o(.text)
    __aeabi_dsub                             0x08000313   Thumb Code     6  dadd.o(.text)
    __aeabi_drsub                            0x08000319   Thumb Code     6  dadd.o(.text)
    __aeabi_dmul                             0x0800031f   Thumb Code   228  dmul.o(.text)
    __aeabi_ddiv                             0x08000403   Thumb Code   222  ddiv.o(.text)
    __aeabi_i2d                              0x080004e1   Thumb Code    34  dflti.o(.text)
    __aeabi_f2d                              0x08000503   Thumb Code    38  f2d.o(.text)
    __aeabi_d2f                              0x08000529   Thumb Code    56  d2f.o(.text)
    __aeabi_uidiv                            0x08000561   Thumb Code     0  uidiv.o(.text)
    __aeabi_uidivmod                         0x08000561   Thumb Code    44  uidiv.o(.text)
    __aeabi_uldivmod                         0x0800058d   Thumb Code    98  uldiv.o(.text)
    __aeabi_llsl                             0x080005ef   Thumb Code    30  llshl.o(.text)
    _ll_shift_l                              0x080005ef   Thumb Code     0  llshl.o(.text)
    __aeabi_lasr                             0x0800060d   Thumb Code    36  llsshr.o(.text)
    _ll_sshift_r                             0x0800060d   Thumb Code     0  llsshr.o(.text)
    __I$use$fp                               0x08000631   Thumb Code     0  iusefp.o(.text)
    _float_round                             0x08000631   Thumb Code    18  fepilogue.o(.text)
    _float_epilogue                          0x08000643   Thumb Code    92  fepilogue.o(.text)
    _double_round                            0x0800069f   Thumb Code    30  depilogue.o(.text)
    _double_epilogue                         0x080006bd   Thumb Code   156  depilogue.o(.text)
    __aeabi_d2ulz                            0x08000759   Thumb Code    48  dfixul.o(.text)
    __aeabi_cdrcmple                         0x08000789   Thumb Code    48  cdrcmple.o(.text)
    __scatterload                            0x080007b9   Thumb Code    28  init.o(.text)
    __scatterload_rt2                        0x080007b9   Thumb Code     0  init.o(.text)
    BusFault_Handler                         0x080007dd   Thumb Code     4  stm32f1xx_it.o(i.BusFault_Handler)
    CalculateCRC                             0x080007ff   Thumb Code    48  scl3300.o(i.CalculateCRC)
    DMA1_Channel4_IRQHandler                 0x08000831   Thumb Code    10  stm32f1xx_it.o(i.DMA1_Channel4_IRQHandler)
    DMA1_Channel5_IRQHandler                 0x08000841   Thumb Code    10  stm32f1xx_it.o(i.DMA1_Channel5_IRQHandler)
    DMA1_Channel6_IRQHandler                 0x08000851   Thumb Code    10  stm32f1xx_it.o(i.DMA1_Channel6_IRQHandler)
    DMA1_Channel7_IRQHandler                 0x08000861   Thumb Code    10  stm32f1xx_it.o(i.DMA1_Channel7_IRQHandler)
    DMA_Uart1Transmit                        0x0800089d   Thumb Code    40  usart.o(i.DMA_Uart1Transmit)
    DebugMon_Handler                         0x080008cd   Thumb Code     2  stm32f1xx_it.o(i.DebugMon_Handler)
    Error_Handler                            0x080008cf   Thumb Code     2  main.o(i.Error_Handler)
    HAL_DMA_Abort                            0x080008d1   Thumb Code    86  stm32f1xx_hal_dma.o(i.HAL_DMA_Abort)
    HAL_DMA_Abort_IT                         0x08000929   Thumb Code   414  stm32f1xx_hal_dma.o(i.HAL_DMA_Abort_IT)
    HAL_DMA_GetError                         0x08000ad1   Thumb Code     6  stm32f1xx_hal_dma.o(i.HAL_DMA_GetError)
    HAL_DMA_IRQHandler                       0x08000ad9   Thumb Code   910  stm32f1xx_hal_dma.o(i.HAL_DMA_IRQHandler)
    HAL_DMA_Init                             0x08000e71   Thumb Code   132  stm32f1xx_hal_dma.o(i.HAL_DMA_Init)
    HAL_DMA_Start_IT                         0x08000efd   Thumb Code   156  stm32f1xx_hal_dma.o(i.HAL_DMA_Start_IT)
    HAL_GPIO_Init                            0x08000f99   Thumb Code   792  stm32f1xx_hal_gpio.o(i.HAL_GPIO_Init)
    HAL_GPIO_ReadPin                         0x080012d9   Thumb Code    16  stm32f1xx_hal_gpio.o(i.HAL_GPIO_ReadPin)
    HAL_GPIO_WritePin                        0x080012e9   Thumb Code    12  stm32f1xx_hal_gpio.o(i.HAL_GPIO_WritePin)
    HAL_GetTick                              0x080012f5   Thumb Code     6  stm32f1xx_hal.o(i.HAL_GetTick)
    HAL_IncTick                              0x08001301   Thumb Code    16  stm32f1xx_hal.o(i.HAL_IncTick)
    HAL_Init                                 0x08001319   Thumb Code    34  stm32f1xx_hal.o(i.HAL_Init)
    HAL_InitTick                             0x08001341   Thumb Code    64  stm32f1xx_hal.o(i.HAL_InitTick)
    HAL_MspInit                              0x0800138d   Thumb Code    76  stm32f1xx_hal_msp.o(i.HAL_MspInit)
    HAL_NVIC_EnableIRQ                       0x080013e1   Thumb Code    32  stm32f1xx_hal_cortex.o(i.HAL_NVIC_EnableIRQ)
    HAL_NVIC_SetPriority                     0x08001401   Thumb Code   124  stm32f1xx_hal_cortex.o(i.HAL_NVIC_SetPriority)
    HAL_NVIC_SetPriorityGrouping             0x0800147d   Thumb Code    32  stm32f1xx_hal_cortex.o(i.HAL_NVIC_SetPriorityGrouping)
    HAL_PWR_EnableBkUpAccess                 0x080014a5   Thumb Code     8  stm32f1xx_hal_pwr.o(i.HAL_PWR_EnableBkUpAccess)
    HAL_RCCEx_GetPeriphCLKFreq               0x080014b1   Thumb Code   276  stm32f1xx_hal_rcc_ex.o(i.HAL_RCCEx_GetPeriphCLKFreq)
    HAL_RCCEx_PeriphCLKConfig                0x080015e5   Thumb Code   290  stm32f1xx_hal_rcc_ex.o(i.HAL_RCCEx_PeriphCLKConfig)
    HAL_RCC_ClockConfig                      0x08001715   Thumb Code   376  stm32f1xx_hal_rcc.o(i.HAL_RCC_ClockConfig)
    HAL_RCC_GetHCLKFreq                      0x080018a1   Thumb Code     6  stm32f1xx_hal_rcc.o(i.HAL_RCC_GetHCLKFreq)
    HAL_RCC_GetPCLK1Freq                     0x080018ad   Thumb Code    22  stm32f1xx_hal_rcc.o(i.HAL_RCC_GetPCLK1Freq)
    HAL_RCC_GetPCLK2Freq                     0x080018cd   Thumb Code    22  stm32f1xx_hal_rcc.o(i.HAL_RCC_GetPCLK2Freq)
    HAL_RCC_GetSysClockFreq                  0x080018ed   Thumb Code   116  stm32f1xx_hal_rcc.o(i.HAL_RCC_GetSysClockFreq)
    HAL_RCC_OscConfig                        0x08001981   Thumb Code  1114  stm32f1xx_hal_rcc.o(i.HAL_RCC_OscConfig)
    HAL_RTCEx_BKUPRead                       0x08001de5   Thumb Code    20  stm32f1xx_hal_rtc_ex.o(i.HAL_RTCEx_BKUPRead)
    HAL_RTCEx_BKUPWrite                      0x08001dfd   Thumb Code    18  stm32f1xx_hal_rtc_ex.o(i.HAL_RTCEx_BKUPWrite)
    HAL_RTCEx_RTCEventCallback               0x08001e15   Thumb Code     2  stm32f1xx_hal_rtc_ex.o(i.HAL_RTCEx_RTCEventCallback)
    HAL_RTCEx_RTCEventErrorCallback          0x08001e17   Thumb Code     2  stm32f1xx_hal_rtc_ex.o(i.HAL_RTCEx_RTCEventErrorCallback)
    HAL_RTCEx_RTCIRQHandler                  0x08001e19   Thumb Code    78  stm32f1xx_hal_rtc_ex.o(i.HAL_RTCEx_RTCIRQHandler)
    HAL_RTCEx_SetSecond_IT                   0x08001e67   Thumb Code    58  stm32f1xx_hal_rtc_ex.o(i.HAL_RTCEx_SetSecond_IT)
    HAL_RTC_Init                             0x08001ea1   Thumb Code   202  stm32f1xx_hal_rtc.o(i.HAL_RTC_Init)
    HAL_RTC_MspInit                          0x08001f71   Thumb Code    68  rtc.o(i.HAL_RTC_MspInit)
    HAL_RTC_WaitForSynchro                   0x08001fc1   Thumb Code    64  stm32f1xx_hal_rtc.o(i.HAL_RTC_WaitForSynchro)
    HAL_SYSTICK_Config                       0x08002001   Thumb Code    52  stm32f1xx_hal_cortex.o(i.HAL_SYSTICK_Config)
    HAL_TIMEx_BreakCallback                  0x08002035   Thumb Code     2  stm32f1xx_hal_tim_ex.o(i.HAL_TIMEx_BreakCallback)
    HAL_TIMEx_CommutCallback                 0x08002037   Thumb Code     2  stm32f1xx_hal_tim_ex.o(i.HAL_TIMEx_CommutCallback)
    HAL_TIMEx_MasterConfigSynchronization    0x08002039   Thumb Code   134  stm32f1xx_hal_tim_ex.o(i.HAL_TIMEx_MasterConfigSynchronization)
    HAL_TIM_Base_Init                        0x080020d5   Thumb Code   102  stm32f1xx_hal_tim.o(i.HAL_TIM_Base_Init)
    HAL_TIM_Base_MspInit                     0x0800213d   Thumb Code    58  tim.o(i.HAL_TIM_Base_MspInit)
    HAL_TIM_Base_Start_IT                    0x08002181   Thumb Code   122  stm32f1xx_hal_tim.o(i.HAL_TIM_Base_Start_IT)
    HAL_TIM_ConfigClockSource                0x08002211   Thumb Code   264  stm32f1xx_hal_tim.o(i.HAL_TIM_ConfigClockSource)
    HAL_TIM_IC_CaptureCallback               0x08002319   Thumb Code     2  stm32f1xx_hal_tim.o(i.HAL_TIM_IC_CaptureCallback)
    HAL_TIM_IRQHandler                       0x0800231b   Thumb Code   406  stm32f1xx_hal_tim.o(i.HAL_TIM_IRQHandler)
    HAL_TIM_OC_DelayElapsedCallback          0x080024b1   Thumb Code     2  stm32f1xx_hal_tim.o(i.HAL_TIM_OC_DelayElapsedCallback)
    HAL_TIM_PWM_PulseFinishedCallback        0x080024b3   Thumb Code     2  stm32f1xx_hal_tim.o(i.HAL_TIM_PWM_PulseFinishedCallback)
    HAL_TIM_PeriodElapsedCallback            0x080024b5   Thumb Code    24  tim.o(i.HAL_TIM_PeriodElapsedCallback)
    HAL_TIM_TriggerCallback                  0x080024d5   Thumb Code     2  stm32f1xx_hal_tim.o(i.HAL_TIM_TriggerCallback)
    HAL_UARTEx_RxEventCallback               0x080024d7   Thumb Code     2  stm32f1xx_hal_uart.o(i.HAL_UARTEx_RxEventCallback)
    HAL_UART_AbortReceive                    0x080024d9   Thumb Code   122  stm32f1xx_hal_uart.o(i.HAL_UART_AbortReceive)
    HAL_UART_ErrorCallback                   0x08002553   Thumb Code     2  stm32f1xx_hal_uart.o(i.HAL_UART_ErrorCallback)
    HAL_UART_IRQHandler                      0x08002555   Thumb Code   582  stm32f1xx_hal_uart.o(i.HAL_UART_IRQHandler)
    HAL_UART_Init                            0x080027a1   Thumb Code   114  stm32f1xx_hal_uart.o(i.HAL_UART_Init)
    HAL_UART_MspInit                         0x08002815   Thumb Code   726  usart.o(i.HAL_UART_MspInit)
    HAL_UART_Receive_DMA                     0x08002b21   Thumb Code    66  stm32f1xx_hal_uart.o(i.HAL_UART_Receive_DMA)
    HAL_UART_RxCpltCallback                  0x08002b63   Thumb Code     2  stm32f1xx_hal_uart.o(i.HAL_UART_RxCpltCallback)
    HAL_UART_RxHalfCpltCallback              0x08002b65   Thumb Code     2  stm32f1xx_hal_uart.o(i.HAL_UART_RxHalfCpltCallback)
    HAL_UART_Transmit                        0x08002b67   Thumb Code   210  stm32f1xx_hal_uart.o(i.HAL_UART_Transmit)
    HAL_UART_Transmit_DMA                    0x08002c39   Thumb Code   142  stm32f1xx_hal_uart.o(i.HAL_UART_Transmit_DMA)
    HAL_UART_TxCpltCallback                  0x08002cd5   Thumb Code   832  usart.o(i.HAL_UART_TxCpltCallback)
    HAL_UART_TxHalfCpltCallback              0x08003031   Thumb Code     2  stm32f1xx_hal_uart.o(i.HAL_UART_TxHalfCpltCallback)
    HardFault_Handler                        0x08003033   Thumb Code     4  stm32f1xx_it.o(i.HardFault_Handler)
    Is_Leap_Year                             0x08003037   Thumb Code    58  rtc.o(i.Is_Leap_Year)
    MX_DMA_Init                              0x08003071   Thumb Code    96  dma.o(i.MX_DMA_Init)
    MX_GPIO_Init                             0x080030d5   Thumb Code   144  gpio.o(i.MX_GPIO_Init)
    MX_TIM3_Init                             0x0800316d   Thumb Code   100  tim.o(i.MX_TIM3_Init)
    MX_UART4_Init                            0x080031d9   Thumb Code    46  usart.o(i.MX_UART4_Init)
    MX_UART5_Init                            0x08003211   Thumb Code    46  usart.o(i.MX_UART5_Init)
    MX_USART1_UART_Init                      0x08003249   Thumb Code    46  usart.o(i.MX_USART1_UART_Init)
    MX_USART2_UART_Init                      0x08003281   Thumb Code    46  usart.o(i.MX_USART2_UART_Init)
    MY_RTC_Init                              0x080032b9   Thumb Code   114  rtc.o(i.MY_RTC_Init)
    MemManage_Handler                        0x08003335   Thumb Code     4  stm32f1xx_it.o(i.MemManage_Handler)
    NMI_Handler                              0x08003339   Thumb Code     2  stm32f1xx_it.o(i.NMI_Handler)
    PendSV_Handler                           0x0800333b   Thumb Code     2  stm32f1xx_it.o(i.PendSV_Handler)
    RTC_CalendarShow                         0x08003365   Thumb Code    86  rtc.o(i.RTC_CalendarShow)
    RTC_Get                                  0x080034dd   Thumb Code   244  rtc.o(i.RTC_Get)
    RTC_Get_Week                             0x080035e5   Thumb Code   176  rtc.o(i.RTC_Get_Week)
    RTC_IRQHandler                           0x08003695   Thumb Code    10  stm32f1xx_it.o(i.RTC_IRQHandler)
    RTC_Set                                  0x080036d9   Thumb Code   218  rtc.o(i.RTC_Set)
    RTC_Show                                 0x080037f9   Thumb Code    18  rtc.o(i.RTC_Show)
    SCL3300_D01_Enable_Angle_Outputs         0x08003819   Thumb Code    28  scl3300.o(i.SCL3300_D01_Enable_Angle_Outputs)
    SCL3300_D01_ReadSensorData               0x08003839   Thumb Code   344  scl3300.o(i.SCL3300_D01_ReadSensorData)
    SCL3300_D01_Read_STATUS                  0x080039bd   Thumb Code    38  scl3300.o(i.SCL3300_D01_Read_STATUS)
    SCL3300_D01_SetMeasurementMode           0x080039e9   Thumb Code    74  scl3300.o(i.SCL3300_D01_SetMeasurementMode)
    SCL3300_D01_init                         0x08003a41   Thumb Code    80  scl3300.o(i.SCL3300_D01_init)
    SVC_Handler                              0x08003b81   Thumb Code     2  stm32f1xx_it.o(i.SVC_Handler)
    StartTimer                               0x08003b83   Thumb Code    12  tim.o(i.StartTimer)
    SysTick_Handler                          0x08003b8f   Thumb Code     8  stm32f1xx_it.o(i.SysTick_Handler)
    SystemClock_Config                       0x08003b97   Thumb Code   136  main.o(i.SystemClock_Config)
    SystemInit                               0x08003c1f   Thumb Code     2  system_stm32f1xx.o(i.SystemInit)
    TIM3_IRQHandler                          0x08003c21   Thumb Code    10  stm32f1xx_it.o(i.TIM3_IRQHandler)
    TIM_Base_SetConfig                       0x08003c31   Thumb Code   134  stm32f1xx_hal_tim.o(i.TIM_Base_SetConfig)
    TIM_ETR_SetConfig                        0x08003ccd   Thumb Code    22  stm32f1xx_hal_tim.o(i.TIM_ETR_SetConfig)
    Time                                     0x08003d45   Thumb Code   126  tim.o(i.Time)
    UART4_IRQHandler                         0x08003de5   Thumb Code    10  stm32f1xx_it.o(i.UART4_IRQHandler)
    UART5_IRQHandler                         0x08003df5   Thumb Code    10  stm32f1xx_it.o(i.UART5_IRQHandler)
    UART_IDLE_Callback                       0x08003fa1   Thumb Code   634  usart.o(i.UART_IDLE_Callback)
    UART_Start_Receive_DMA                   0x08004441   Thumb Code   138  stm32f1xx_hal_uart.o(i.UART_Start_Receive_DMA)
    USART1_IRQHandler                        0x080045a5   Thumb Code    16  stm32f1xx_it.o(i.USART1_IRQHandler)
    USART2_IRQHandler                        0x080045b9   Thumb Code    16  stm32f1xx_it.o(i.USART2_IRQHandler)
    Uart1RxCpltJudge                         0x080045cd   Thumb Code    34  usart.o(i.Uart1RxCpltJudge)
    Uart2RxCpltJudge                         0x08004601   Thumb Code    34  usart.o(i.Uart2RxCpltJudge)
    UartPorc                                 0x08004635   Thumb Code    12  usart.o(i.UartPorc)
    UartUserInit                             0x08004641   Thumb Code   148  usart.o(i.UartUserInit)
    UsageFault_Handler                       0x08004705   Thumb Code     4  stm32f1xx_it.o(i.UsageFault_Handler)
    __0printf                                0x08004709   Thumb Code    22  printfa.o(i.__0printf)
    __1printf                                0x08004709   Thumb Code     0  printfa.o(i.__0printf)
    __2printf                                0x08004709   Thumb Code     0  printfa.o(i.__0printf)
    __c89printf                              0x08004709   Thumb Code     0  printfa.o(i.__0printf)
    printf                                   0x08004709   Thumb Code     0  printfa.o(i.__0printf)
    __0sprintf                               0x08004729   Thumb Code    34  printfa.o(i.__0sprintf)
    __1sprintf                               0x08004729   Thumb Code     0  printfa.o(i.__0sprintf)
    __2sprintf                               0x08004729   Thumb Code     0  printfa.o(i.__0sprintf)
    __c89sprintf                             0x08004729   Thumb Code     0  printfa.o(i.__0sprintf)
    sprintf                                  0x08004729   Thumb Code     0  printfa.o(i.__0sprintf)
    __scatterload_copy                       0x08004789   Thumb Code    14  handlers.o(i.__scatterload_copy)
    __scatterload_null                       0x08004797   Thumb Code     2  handlers.o(i.__scatterload_null)
    __scatterload_zeroinit                   0x08004799   Thumb Code    14  handlers.o(i.__scatterload_zeroinit)
    delay_init                               0x08005065   Thumb Code    56  delay.o(i.delay_init)
    delay_ms                                 0x080050a5   Thumb Code    56  delay.o(i.delay_ms)
    delay_us                                 0x080050e1   Thumb Code    56  delay.o(i.delay_us)
    fputc                                    0x0800511d   Thumb Code    22  usart.o(i.fputc)
    main                                     0x08005139   Thumb Code   262  main.o(i.main)
    scl3300_gpio_init                        0x0800527d   Thumb Code    74  scl3300.o(i.scl3300_gpio_init)
    scl3300_send_recv_byte                   0x080052cd   Thumb Code   124  scl3300.o(i.scl3300_send_recv_byte)
    mon_table                                0x0800534c   Data          12  rtc.o(.constdata)
    AHBPrescTable                            0x08005358   Data          16  system_stm32f1xx.o(.constdata)
    APBPrescTable                            0x08005368   Data           8  system_stm32f1xx.o(.constdata)
    Region$$Table$$Base                      0x08005370   Number         0  anon$$obj.o(Region$$Table)
    Region$$Table$$Limit                     0x08005390   Number         0  anon$$obj.o(Region$$Table)
    fTime1ms                                 0x20000004   Data           1  tim.o(.data)
    u16TimeUart1RxCpltDly                    0x20000006   Data           2  tim.o(.data)
    u16TimeUart2RxCpltDly                    0x20000008   Data           2  tim.o(.data)
    u16gTimModemRdyDly                       0x2000000a   Data           2  tim.o(.data)
    u16gRemainWaitDly                        0x2000000c   Data           2  tim.o(.data)
    u16gTime1s                               0x2000000e   Data           2  tim.o(.data)
    u32gTimeSystemRun                        0x20000010   Data           4  tim.o(.data)
    fUART_OutPut                             0x20000014   Data           1  usart.o(.data)
    fUart2RecvedData                         0x20000015   Data           1  usart.o(.data)
    fUart2RecvFrameCplt                      0x20000016   Data           1  usart.o(.data)
    fUart1RecvedData                         0x20000017   Data           1  usart.o(.data)
    fUart1RecvFrameCplt                      0x20000018   Data           1  usart.o(.data)
    __stdout                                 0x2000001c   Data           4  usart.o(.data)
    uwTick                                   0x20000024   Data           4  stm32f1xx_hal.o(.data)
    uwTickPrio                               0x20000028   Data           4  stm32f1xx_hal.o(.data)
    uwTickFreq                               0x2000002c   Data           1  stm32f1xx_hal.o(.data)
    SystemCoreClock                          0x20000030   Data           4  system_stm32f1xx.o(.data)
    calendar                                 0x20000034   Data          16  rtc.o(.bss)
    datestring                               0x20000044   Data          50  rtc.o(.bss)
    timestring                               0x20000076   Data          50  rtc.o(.bss)
    weekstring                               0x200000a8   Data          50  rtc.o(.bss)
    hrtc                                     0x200000dc   Data          20  rtc.o(.bss)
    htim3                                    0x200000f0   Data          72  tim.o(.bss)
    Uart2TotalRxBuf                          0x20000938   Data        2048  usart.o(.bss)
    Uart2Para                                0x20001138   Data          24  usart.o(.bss)
    Uart1Para                                0x20001250   Data          24  usart.o(.bss)
    huart4                                   0x20001268   Data          68  usart.o(.bss)
    huart5                                   0x200012ac   Data          68  usart.o(.bss)
    huart1                                   0x200012f0   Data          68  usart.o(.bss)
    huart2                                   0x20001334   Data          68  usart.o(.bss)
    hdma_usart1_rx                           0x20001378   Data          68  usart.o(.bss)
    hdma_usart1_tx                           0x200013bc   Data          68  usart.o(.bss)
    hdma_usart2_rx                           0x20001400   Data          68  usart.o(.bss)
    hdma_usart2_tx                           0x20001444   Data          68  usart.o(.bss)
    SCL3300_D01_Handle                       0x20001488   Data          40  scl3300.o(.bss)
    __initial_sp                             0x200018b0   Data           0  startup_stm32f103xe.o(STACK)



==============================================================================

Memory Map of the image

  Image Entry point : 0x08000131

  Load Region LR_IROM1 (Base: 0x08000000, Size: 0x000053c4, Max: 0x00080000, ABSOLUTE)

    Execution Region ER_IROM1 (Exec base: 0x08000000, Load base: 0x08000000, Size: 0x00005390, Max: 0x00080000, ABSOLUTE)

    Exec Addr    Load Addr    Size         Type   Attr      Idx    E Section Name        Object

    0x08000000   0x08000000   0x00000130   Data   RO            3    RESET               startup_stm32f103xe.o
    0x08000130   0x08000130   0x00000000   Code   RO         3653  * .ARM.Collect$$$$00000000  mc_w.l(entry.o)
    0x08000130   0x08000130   0x00000004   Code   RO         3937    .ARM.Collect$$$$00000001  mc_w.l(entry2.o)
    0x08000134   0x08000134   0x00000004   Code   RO         3940    .ARM.Collect$$$$00000004  mc_w.l(entry5.o)
    0x08000138   0x08000138   0x00000000   Code   RO         3942    .ARM.Collect$$$$00000008  mc_w.l(entry7b.o)
    0x08000138   0x08000138   0x00000000   Code   RO         3944    .ARM.Collect$$$$0000000A  mc_w.l(entry8b.o)
    0x08000138   0x08000138   0x00000008   Code   RO         3945    .ARM.Collect$$$$0000000B  mc_w.l(entry9a.o)
    0x08000140   0x08000140   0x00000000   Code   RO         3947    .ARM.Collect$$$$0000000D  mc_w.l(entry10a.o)
    0x08000140   0x08000140   0x00000000   Code   RO         3949    .ARM.Collect$$$$0000000F  mc_w.l(entry11a.o)
    0x08000140   0x08000140   0x00000004   Code   RO         3938    .ARM.Collect$$$$00002712  mc_w.l(entry2.o)
    0x08000144   0x08000144   0x00000024   Code   RO            4    .text               startup_stm32f103xe.o
    0x08000168   0x08000168   0x00000020   Code   RO         3656    .text               mc_w.l(llushr.o)
    0x08000188   0x08000188   0x00000024   Code   RO         3658    .text               mc_w.l(memcpya.o)
    0x080001ac   0x080001ac   0x00000024   Code   RO         3660    .text               mc_w.l(memseta.o)
    0x080001d0   0x080001d0   0x0000014e   Code   RO         3925    .text               mf_w.l(dadd.o)
    0x0800031e   0x0800031e   0x000000e4   Code   RO         3927    .text               mf_w.l(dmul.o)
    0x08000402   0x08000402   0x000000de   Code   RO         3929    .text               mf_w.l(ddiv.o)
    0x080004e0   0x080004e0   0x00000022   Code   RO         3931    .text               mf_w.l(dflti.o)
    0x08000502   0x08000502   0x00000026   Code   RO         3933    .text               mf_w.l(f2d.o)
    0x08000528   0x08000528   0x00000038   Code   RO         3935    .text               mf_w.l(d2f.o)
    0x08000560   0x08000560   0x0000002c   Code   RO         3951    .text               mc_w.l(uidiv.o)
    0x0800058c   0x0800058c   0x00000062   Code   RO         3953    .text               mc_w.l(uldiv.o)
    0x080005ee   0x080005ee   0x0000001e   Code   RO         3955    .text               mc_w.l(llshl.o)
    0x0800060c   0x0800060c   0x00000024   Code   RO         3957    .text               mc_w.l(llsshr.o)
    0x08000630   0x08000630   0x00000000   Code   RO         3959    .text               mc_w.l(iusefp.o)
    0x08000630   0x08000630   0x0000006e   Code   RO         3960    .text               mf_w.l(fepilogue.o)
    0x0800069e   0x0800069e   0x000000ba   Code   RO         3962    .text               mf_w.l(depilogue.o)
    0x08000758   0x08000758   0x00000030   Code   RO         3964    .text               mf_w.l(dfixul.o)
    0x08000788   0x08000788   0x00000030   Code   RO         3966    .text               mf_w.l(cdrcmple.o)
    0x080007b8   0x080007b8   0x00000024   Code   RO         3968    .text               mc_w.l(init.o)
    0x080007dc   0x080007dc   0x00000004   Code   RO          578    i.BusFault_Handler  stm32f1xx_it.o
    0x080007e0   0x080007e0   0x0000001e   Code   RO          782    i.CRC8              scl3300.o
    0x080007fe   0x080007fe   0x00000030   Code   RO          783    i.CalculateCRC      scl3300.o
    0x0800082e   0x0800082e   0x00000002   PAD
    0x08000830   0x08000830   0x00000010   Code   RO          579    i.DMA1_Channel4_IRQHandler  stm32f1xx_it.o
    0x08000840   0x08000840   0x00000010   Code   RO          580    i.DMA1_Channel5_IRQHandler  stm32f1xx_it.o
    0x08000850   0x08000850   0x00000010   Code   RO          581    i.DMA1_Channel6_IRQHandler  stm32f1xx_it.o
    0x08000860   0x08000860   0x00000010   Code   RO          582    i.DMA1_Channel7_IRQHandler  stm32f1xx_it.o
    0x08000870   0x08000870   0x0000002c   Code   RO         2996    i.DMA_SetConfig     stm32f1xx_hal_dma.o
    0x0800089c   0x0800089c   0x00000030   Code   RO          447    i.DMA_Uart1Transmit  usart.o
    0x080008cc   0x080008cc   0x00000002   Code   RO          583    i.DebugMon_Handler  stm32f1xx_it.o
    0x080008ce   0x080008ce   0x00000002   Code   RO           13    i.Error_Handler     main.o
    0x080008d0   0x080008d0   0x00000056   Code   RO         2997    i.HAL_DMA_Abort     stm32f1xx_hal_dma.o
    0x08000926   0x08000926   0x00000002   PAD
    0x08000928   0x08000928   0x000001a8   Code   RO         2998    i.HAL_DMA_Abort_IT  stm32f1xx_hal_dma.o
    0x08000ad0   0x08000ad0   0x00000006   Code   RO         3000    i.HAL_DMA_GetError  stm32f1xx_hal_dma.o
    0x08000ad6   0x08000ad6   0x00000002   PAD
    0x08000ad8   0x08000ad8   0x00000398   Code   RO         3002    i.HAL_DMA_IRQHandler  stm32f1xx_hal_dma.o
    0x08000e70   0x08000e70   0x0000008c   Code   RO         3003    i.HAL_DMA_Init      stm32f1xx_hal_dma.o
    0x08000efc   0x08000efc   0x0000009c   Code   RO         3007    i.HAL_DMA_Start_IT  stm32f1xx_hal_dma.o
    0x08000f98   0x08000f98   0x00000340   Code   RO         2933    i.HAL_GPIO_Init     stm32f1xx_hal_gpio.o
    0x080012d8   0x080012d8   0x00000010   Code   RO         2935    i.HAL_GPIO_ReadPin  stm32f1xx_hal_gpio.o
    0x080012e8   0x080012e8   0x0000000c   Code   RO         2937    i.HAL_GPIO_WritePin  stm32f1xx_hal_gpio.o
    0x080012f4   0x080012f4   0x0000000c   Code   RO         2624    i.HAL_GetTick       stm32f1xx_hal.o
    0x08001300   0x08001300   0x00000018   Code   RO         2630    i.HAL_IncTick       stm32f1xx_hal.o
    0x08001318   0x08001318   0x00000028   Code   RO         2631    i.HAL_Init          stm32f1xx_hal.o
    0x08001340   0x08001340   0x0000004c   Code   RO         2632    i.HAL_InitTick      stm32f1xx_hal.o
    0x0800138c   0x0800138c   0x00000054   Code   RO          714    i.HAL_MspInit       stm32f1xx_hal_msp.o
    0x080013e0   0x080013e0   0x00000020   Code   RO         3093    i.HAL_NVIC_EnableIRQ  stm32f1xx_hal_cortex.o
    0x08001400   0x08001400   0x0000007c   Code   RO         3099    i.HAL_NVIC_SetPriority  stm32f1xx_hal_cortex.o
    0x0800147c   0x0800147c   0x00000028   Code   RO         3100    i.HAL_NVIC_SetPriorityGrouping  stm32f1xx_hal_cortex.o
    0x080014a4   0x080014a4   0x0000000c   Code   RO         3220    i.HAL_PWR_EnableBkUpAccess  stm32f1xx_hal_pwr.o
    0x080014b0   0x080014b0   0x00000134   Code   RO         2895    i.HAL_RCCEx_GetPeriphCLKFreq  stm32f1xx_hal_rcc_ex.o
    0x080015e4   0x080015e4   0x00000130   Code   RO         2896    i.HAL_RCCEx_PeriphCLKConfig  stm32f1xx_hal_rcc_ex.o
    0x08001714   0x08001714   0x0000018c   Code   RO         2788    i.HAL_RCC_ClockConfig  stm32f1xx_hal_rcc.o
    0x080018a0   0x080018a0   0x0000000c   Code   RO         2793    i.HAL_RCC_GetHCLKFreq  stm32f1xx_hal_rcc.o
    0x080018ac   0x080018ac   0x00000020   Code   RO         2795    i.HAL_RCC_GetPCLK1Freq  stm32f1xx_hal_rcc.o
    0x080018cc   0x080018cc   0x00000020   Code   RO         2796    i.HAL_RCC_GetPCLK2Freq  stm32f1xx_hal_rcc.o
    0x080018ec   0x080018ec   0x00000094   Code   RO         2797    i.HAL_RCC_GetSysClockFreq  stm32f1xx_hal_rcc.o
    0x08001980   0x08001980   0x00000464   Code   RO         2800    i.HAL_RCC_OscConfig  stm32f1xx_hal_rcc.o
    0x08001de4   0x08001de4   0x00000018   Code   RO         1160    i.HAL_RTCEx_BKUPRead  stm32f1xx_hal_rtc_ex.o
    0x08001dfc   0x08001dfc   0x00000018   Code   RO         1161    i.HAL_RTCEx_BKUPWrite  stm32f1xx_hal_rtc_ex.o
    0x08001e14   0x08001e14   0x00000002   Code   RO         1165    i.HAL_RTCEx_RTCEventCallback  stm32f1xx_hal_rtc_ex.o
    0x08001e16   0x08001e16   0x00000002   Code   RO         1166    i.HAL_RTCEx_RTCEventErrorCallback  stm32f1xx_hal_rtc_ex.o
    0x08001e18   0x08001e18   0x0000004e   Code   RO         1167    i.HAL_RTCEx_RTCIRQHandler  stm32f1xx_hal_rtc_ex.o
    0x08001e66   0x08001e66   0x0000003a   Code   RO         1168    i.HAL_RTCEx_SetSecond_IT  stm32f1xx_hal_rtc_ex.o
    0x08001ea0   0x08001ea0   0x000000d0   Code   RO          993    i.HAL_RTC_Init      stm32f1xx_hal_rtc.o
    0x08001f70   0x08001f70   0x00000050   Code   RO          264    i.HAL_RTC_MspInit   rtc.o
    0x08001fc0   0x08001fc0   0x00000040   Code   RO         1001    i.HAL_RTC_WaitForSynchro  stm32f1xx_hal_rtc.o
    0x08002000   0x08002000   0x00000034   Code   RO         3104    i.HAL_SYSTICK_Config  stm32f1xx_hal_cortex.o
    0x08002034   0x08002034   0x00000002   Code   RO         1979    i.HAL_TIMEx_BreakCallback  stm32f1xx_hal_tim_ex.o
    0x08002036   0x08002036   0x00000002   Code   RO         1980    i.HAL_TIMEx_CommutCallback  stm32f1xx_hal_tim_ex.o
    0x08002038   0x08002038   0x0000009c   Code   RO         1998    i.HAL_TIMEx_MasterConfigSynchronization  stm32f1xx_hal_tim_ex.o
    0x080020d4   0x080020d4   0x00000066   Code   RO         1264    i.HAL_TIM_Base_Init  stm32f1xx_hal_tim.o
    0x0800213a   0x0800213a   0x00000002   PAD
    0x0800213c   0x0800213c   0x00000044   Code   RO          381    i.HAL_TIM_Base_MspInit  tim.o
    0x08002180   0x08002180   0x00000090   Code   RO         1269    i.HAL_TIM_Base_Start_IT  stm32f1xx_hal_tim.o
    0x08002210   0x08002210   0x00000108   Code   RO         1273    i.HAL_TIM_ConfigClockSource  stm32f1xx_hal_tim.o
    0x08002318   0x08002318   0x00000002   Code   RO         1298    i.HAL_TIM_IC_CaptureCallback  stm32f1xx_hal_tim.o
    0x0800231a   0x0800231a   0x00000196   Code   RO         1312    i.HAL_TIM_IRQHandler  stm32f1xx_hal_tim.o
    0x080024b0   0x080024b0   0x00000002   Code   RO         1315    i.HAL_TIM_OC_DelayElapsedCallback  stm32f1xx_hal_tim.o
    0x080024b2   0x080024b2   0x00000002   Code   RO         1342    i.HAL_TIM_PWM_PulseFinishedCallback  stm32f1xx_hal_tim.o
    0x080024b4   0x080024b4   0x00000020   Code   RO          382    i.HAL_TIM_PeriodElapsedCallback  tim.o
    0x080024d4   0x080024d4   0x00000002   Code   RO         1355    i.HAL_TIM_TriggerCallback  stm32f1xx_hal_tim.o
    0x080024d6   0x080024d6   0x00000002   Code   RO         2257    i.HAL_UARTEx_RxEventCallback  stm32f1xx_hal_uart.o
    0x080024d8   0x080024d8   0x0000007a   Code   RO         2260    i.HAL_UART_AbortReceive  stm32f1xx_hal_uart.o
    0x08002552   0x08002552   0x00000002   Code   RO         2271    i.HAL_UART_ErrorCallback  stm32f1xx_hal_uart.o
    0x08002554   0x08002554   0x0000024c   Code   RO         2274    i.HAL_UART_IRQHandler  stm32f1xx_hal_uart.o
    0x080027a0   0x080027a0   0x00000072   Code   RO         2275    i.HAL_UART_Init     stm32f1xx_hal_uart.o
    0x08002812   0x08002812   0x00000002   PAD
    0x08002814   0x08002814   0x0000030c   Code   RO          450    i.HAL_UART_MspInit  usart.o
    0x08002b20   0x08002b20   0x00000042   Code   RO         2279    i.HAL_UART_Receive_DMA  stm32f1xx_hal_uart.o
    0x08002b62   0x08002b62   0x00000002   Code   RO         2281    i.HAL_UART_RxCpltCallback  stm32f1xx_hal_uart.o
    0x08002b64   0x08002b64   0x00000002   Code   RO         2282    i.HAL_UART_RxHalfCpltCallback  stm32f1xx_hal_uart.o
    0x08002b66   0x08002b66   0x000000d2   Code   RO         2283    i.HAL_UART_Transmit  stm32f1xx_hal_uart.o
    0x08002c38   0x08002c38   0x0000009c   Code   RO         2284    i.HAL_UART_Transmit_DMA  stm32f1xx_hal_uart.o
    0x08002cd4   0x08002cd4   0x0000035c   Code   RO          451    i.HAL_UART_TxCpltCallback  usart.o
    0x08003030   0x08003030   0x00000002   Code   RO         2287    i.HAL_UART_TxHalfCpltCallback  stm32f1xx_hal_uart.o
    0x08003032   0x08003032   0x00000004   Code   RO          584    i.HardFault_Handler  stm32f1xx_it.o
    0x08003036   0x08003036   0x0000003a   Code   RO          265    i.Is_Leap_Year      rtc.o
    0x08003070   0x08003070   0x00000064   Code   RO          209    i.MX_DMA_Init       dma.o
    0x080030d4   0x080030d4   0x00000098   Code   RO          185    i.MX_GPIO_Init      gpio.o
    0x0800316c   0x0800316c   0x0000006c   Code   RO          383    i.MX_TIM3_Init      tim.o
    0x080031d8   0x080031d8   0x00000038   Code   RO          452    i.MX_UART4_Init     usart.o
    0x08003210   0x08003210   0x00000038   Code   RO          453    i.MX_UART5_Init     usart.o
    0x08003248   0x08003248   0x00000038   Code   RO          454    i.MX_USART1_UART_Init  usart.o
    0x08003280   0x08003280   0x00000038   Code   RO          455    i.MX_USART2_UART_Init  usart.o
    0x080032b8   0x080032b8   0x0000007c   Code   RO          267    i.MY_RTC_Init       rtc.o
    0x08003334   0x08003334   0x00000004   Code   RO          585    i.MemManage_Handler  stm32f1xx_it.o
    0x08003338   0x08003338   0x00000002   Code   RO          586    i.NMI_Handler       stm32f1xx_it.o
    0x0800333a   0x0800333a   0x00000002   Code   RO          587    i.PendSV_Handler    stm32f1xx_it.o
    0x0800333c   0x0800333c   0x00000028   Code   RO         2801    i.RCC_Delay         stm32f1xx_hal_rcc.o
    0x08003364   0x08003364   0x00000090   Code   RO          269    i.RTC_CalendarShow  rtc.o
    0x080033f4   0x080033f4   0x0000003a   Code   RO          270    i.RTC_EnterInitMode  rtc.o
    0x0800342e   0x0800342e   0x0000003a   Code   RO         1005    i.RTC_EnterInitMode  stm32f1xx_hal_rtc.o
    0x08003468   0x08003468   0x0000003a   Code   RO          271    i.RTC_ExitInitMode  rtc.o
    0x080034a2   0x080034a2   0x0000003a   Code   RO         1006    i.RTC_ExitInitMode  stm32f1xx_hal_rtc.o
    0x080034dc   0x080034dc   0x00000108   Code   RO          272    i.RTC_Get           rtc.o
    0x080035e4   0x080035e4   0x000000b0   Code   RO          273    i.RTC_Get_Week      rtc.o
    0x08003694   0x08003694   0x00000010   Code   RO          588    i.RTC_IRQHandler    stm32f1xx_it.o
    0x080036a4   0x080036a4   0x00000034   Code   RO          274    i.RTC_ReadTimeCounter  rtc.o
    0x080036d8   0x080036d8   0x000000f0   Code   RO          275    i.RTC_Set           rtc.o
    0x080037c8   0x080037c8   0x0000002e   Code   RO          276    i.RTC_SetCounter    rtc.o
    0x080037f6   0x080037f6   0x00000002   PAD
    0x080037f8   0x080037f8   0x00000020   Code   RO          277    i.RTC_Show          rtc.o
    0x08003818   0x08003818   0x00000020   Code   RO          784    i.SCL3300_D01_Enable_Angle_Outputs  scl3300.o
    0x08003838   0x08003838   0x00000184   Code   RO          786    i.SCL3300_D01_ReadSensorData  scl3300.o
    0x080039bc   0x080039bc   0x0000002c   Code   RO          790    i.SCL3300_D01_Read_STATUS  scl3300.o
    0x080039e8   0x080039e8   0x00000058   Code   RO          793    i.SCL3300_D01_SetMeasurementMode  scl3300.o
    0x08003a40   0x08003a40   0x00000054   Code   RO          796    i.SCL3300_D01_init  scl3300.o
    0x08003a94   0x08003a94   0x000000ec   Code   RO          798    i.SCL3300_TransmitReceive  scl3300.o
    0x08003b80   0x08003b80   0x00000002   Code   RO          589    i.SVC_Handler       stm32f1xx_it.o
    0x08003b82   0x08003b82   0x0000000c   Code   RO          384    i.StartTimer        tim.o
    0x08003b8e   0x08003b8e   0x00000008   Code   RO          590    i.SysTick_Handler   stm32f1xx_it.o
    0x08003b96   0x08003b96   0x00000088   Code   RO           14    i.SystemClock_Config  main.o
    0x08003c1e   0x08003c1e   0x00000002   Code   RO         3620    i.SystemInit        system_stm32f1xx.o
    0x08003c20   0x08003c20   0x00000010   Code   RO          591    i.TIM3_IRQHandler   stm32f1xx_it.o
    0x08003c30   0x08003c30   0x0000009c   Code   RO         1357    i.TIM_Base_SetConfig  stm32f1xx_hal_tim.o
    0x08003ccc   0x08003ccc   0x00000016   Code   RO         1368    i.TIM_ETR_SetConfig  stm32f1xx_hal_tim.o
    0x08003ce2   0x08003ce2   0x00000012   Code   RO         1369    i.TIM_ITRx_SetConfig  stm32f1xx_hal_tim.o
    0x08003cf4   0x08003cf4   0x00000026   Code   RO         1375    i.TIM_TI1_ConfigInputStage  stm32f1xx_hal_tim.o
    0x08003d1a   0x08003d1a   0x00000028   Code   RO         1377    i.TIM_TI2_ConfigInputStage  stm32f1xx_hal_tim.o
    0x08003d42   0x08003d42   0x00000002   PAD
    0x08003d44   0x08003d44   0x000000a0   Code   RO          386    i.Time              tim.o
    0x08003de4   0x08003de4   0x00000010   Code   RO          592    i.UART4_IRQHandler  stm32f1xx_it.o
    0x08003df4   0x08003df4   0x00000010   Code   RO          593    i.UART5_IRQHandler  stm32f1xx_it.o
    0x08003e04   0x08003e04   0x00000014   Code   RO         2288    i.UART_DMAAbortOnError  stm32f1xx_hal_uart.o
    0x08003e18   0x08003e18   0x00000050   Code   RO         2289    i.UART_DMAError     stm32f1xx_hal_uart.o
    0x08003e68   0x08003e68   0x00000068   Code   RO         2290    i.UART_DMAReceiveCplt  stm32f1xx_hal_uart.o
    0x08003ed0   0x08003ed0   0x00000020   Code   RO         2292    i.UART_DMARxHalfCplt  stm32f1xx_hal_uart.o
    0x08003ef0   0x08003ef0   0x00000036   Code   RO         2294    i.UART_DMATransmitCplt  stm32f1xx_hal_uart.o
    0x08003f26   0x08003f26   0x0000000e   Code   RO         2296    i.UART_DMATxHalfCplt  stm32f1xx_hal_uart.o
    0x08003f34   0x08003f34   0x00000036   Code   RO         2298    i.UART_EndRxTransfer  stm32f1xx_hal_uart.o
    0x08003f6a   0x08003f6a   0x00000020   Code   RO         2299    i.UART_EndTransmit_IT  stm32f1xx_hal_uart.o
    0x08003f8a   0x08003f8a   0x00000014   Code   RO         2300    i.UART_EndTxTransfer  stm32f1xx_hal_uart.o
    0x08003f9e   0x08003f9e   0x00000002   PAD
    0x08003fa0   0x08003fa0   0x000002c0   Code   RO          456    i.UART_IDLE_Callback  usart.o
    0x08004260   0x08004260   0x000000e4   Code   RO         2301    i.UART_Receive_IT   stm32f1xx_hal_uart.o
    0x08004344   0x08004344   0x000000fc   Code   RO         2302    i.UART_SetConfig    stm32f1xx_hal_uart.o
    0x08004440   0x08004440   0x00000098   Code   RO         2303    i.UART_Start_Receive_DMA  stm32f1xx_hal_uart.o
    0x080044d8   0x080044d8   0x00000060   Code   RO         2305    i.UART_Transmit_IT  stm32f1xx_hal_uart.o
    0x08004538   0x08004538   0x0000006c   Code   RO         2306    i.UART_WaitOnFlagUntilTimeout  stm32f1xx_hal_uart.o
    0x080045a4   0x080045a4   0x00000014   Code   RO          594    i.USART1_IRQHandler  stm32f1xx_it.o
    0x080045b8   0x080045b8   0x00000014   Code   RO          595    i.USART2_IRQHandler  stm32f1xx_it.o
    0x080045cc   0x080045cc   0x00000034   Code   RO          457    i.Uart1RxCpltJudge  usart.o
    0x08004600   0x08004600   0x00000034   Code   RO          458    i.Uart2RxCpltJudge  usart.o
    0x08004634   0x08004634   0x0000000c   Code   RO          459    i.UartPorc          usart.o
    0x08004640   0x08004640   0x000000c4   Code   RO          460    i.UartUserInit      usart.o
    0x08004704   0x08004704   0x00000004   Code   RO          596    i.UsageFault_Handler  stm32f1xx_it.o
    0x08004708   0x08004708   0x00000020   Code   RO         3897    i.__0printf         mc_w.l(printfa.o)
    0x08004728   0x08004728   0x00000028   Code   RO         3899    i.__0sprintf        mc_w.l(printfa.o)
    0x08004750   0x08004750   0x00000010   Code   RO         3106    i.__NVIC_GetPriorityGrouping  stm32f1xx_hal_cortex.o
    0x08004760   0x08004760   0x00000028   Code   RO         3107    i.__NVIC_SetPriority  stm32f1xx_hal_cortex.o
    0x08004788   0x08004788   0x0000000e   Code   RO         3972    i.__scatterload_copy  mc_w.l(handlers.o)
    0x08004796   0x08004796   0x00000002   Code   RO         3973    i.__scatterload_null  mc_w.l(handlers.o)
    0x08004798   0x08004798   0x0000000e   Code   RO         3974    i.__scatterload_zeroinit  mc_w.l(handlers.o)
    0x080047a6   0x080047a6   0x00000002   PAD
    0x080047a8   0x080047a8   0x00000184   Code   RO         3904    i._fp_digits        mc_w.l(printfa.o)
    0x0800492c   0x0800492c   0x000006dc   Code   RO         3905    i._printf_core      mc_w.l(printfa.o)
    0x08005008   0x08005008   0x00000024   Code   RO         3906    i._printf_post_padding  mc_w.l(printfa.o)
    0x0800502c   0x0800502c   0x0000002e   Code   RO         3907    i._printf_pre_padding  mc_w.l(printfa.o)
    0x0800505a   0x0800505a   0x0000000a   Code   RO         3909    i._sputc            mc_w.l(printfa.o)
    0x08005064   0x08005064   0x00000040   Code   RO          738    i.delay_init        delay.o
    0x080050a4   0x080050a4   0x0000003c   Code   RO          739    i.delay_ms          delay.o
    0x080050e0   0x080050e0   0x0000003c   Code   RO          741    i.delay_us          delay.o
    0x0800511c   0x0800511c   0x0000001c   Code   RO          462    i.fputc             usart.o
    0x08005138   0x08005138   0x00000144   Code   RO           15    i.main              main.o
    0x0800527c   0x0800527c   0x00000050   Code   RO          799    i.scl3300_gpio_init  scl3300.o
    0x080052cc   0x080052cc   0x00000080   Code   RO          800    i.scl3300_send_recv_byte  scl3300.o
    0x0800534c   0x0800534c   0x0000000c   Data   RO          280    .constdata          rtc.o
    0x08005358   0x08005358   0x00000018   Data   RO         3621    .constdata          system_stm32f1xx.o
    0x08005370   0x08005370   0x00000020   Data   RO         3970    Region$$Table       anon$$obj.o


    Execution Region RW_IRAM1 (Exec base: 0x20000000, Load base: 0x08005390, Size: 0x000018b0, Max: 0x00010000, ABSOLUTE)

    Exec Addr    Load Addr    Size         Type   Attr      Idx    E Section Name        Object

    0x20000000   0x08005390   0x00000002   Data   RW          281    .data               rtc.o
    0x20000002   0x08005392   0x00000002   PAD
    0x20000004   0x08005394   0x00000010   Data   RW          388    .data               tim.o
    0x20000014   0x080053a4   0x0000000c   Data   RW          465    .data               usart.o
    0x20000020   0x080053b0   0x00000004   Data   RW          742    .data               delay.o
    0x20000024   0x080053b4   0x00000009   Data   RW         2638    .data               stm32f1xx_hal.o
    0x2000002d   0x080053bd   0x00000003   PAD
    0x20000030   0x080053c0   0x00000004   Data   RW         3622    .data               system_stm32f1xx.o
    0x20000034        -       0x000000bc   Zero   RW          279    .bss                rtc.o
    0x200000f0        -       0x00000048   Zero   RW          387    .bss                tim.o
    0x20000138        -       0x00001350   Zero   RW          464    .bss                usart.o
    0x20001488        -       0x00000028   Zero   RW          801    .bss                scl3300.o
    0x200014b0        -       0x00000400   Zero   RW            1    STACK               startup_stm32f103xe.o


==============================================================================

Image component sizes


      Code (inc. data)   RO Data    RW Data    ZI Data      Debug   Object Name

       184         16          0          4          0       1551   delay.o
       100          4          0          0          0        702   dma.o
       152          8          0          0          0        867   gpio.o
       462         62          0          0          0     495896   main.o
      1332        136         12          2        188       8235   rtc.o
      1158         86          0          0         40       9184   scl3300.o
        36          8        304          0       1024        776   startup_stm32f103xe.o
       152         32          0          9          0       5725   stm32f1xx_hal.o
       304         22          0          0          0      29263   stm32f1xx_hal_cortex.o
      1776         28          0          0          0       5677   stm32f1xx_hal_dma.o
       860         40          0          0          0       3243   stm32f1xx_hal_gpio.o
        84          8          0          0          0        822   stm32f1xx_hal_msp.o
        12          4          0          0          0        491   stm32f1xx_hal_pwr.o
      1784        110          0          0          0       5828   stm32f1xx_hal_rcc.o
       612         46          0          0          0       2361   stm32f1xx_hal_rcc_ex.o
       388          6          0          0          0       3180   stm32f1xx_hal_rtc.o
       188         10          0          0          0       4021   stm32f1xx_hal_rtc_ex.o
      1198         44          0          0          0       8895   stm32f1xx_hal_tim.o
       160         22          0          0          0       2317   stm32f1xx_hal_tim_ex.o
      2512         38          0          0          0      16914   stm32f1xx_hal_uart.o
       200         56          0          0          0       8007   stm32f1xx_it.o
         2          0         24          4          0       1027   system_stm32f1xx.o
       380         60          0         16         72       3305   tim.o
      2956        290          0         12       4944      10811   usart.o

    ----------------------------------------------------------------------
     17008       1136        372         52       6268     629098   Object Totals
         0          0         32          0          0          0   (incl. Generated)
        16          0          0          5          0          0   (incl. Padding)

    ----------------------------------------------------------------------

      Code (inc. data)   RO Data    RW Data    ZI Data      Debug   Library Member Name

         0          0          0          0          0          0   entry.o
         0          0          0          0          0          0   entry10a.o
         0          0          0          0          0          0   entry11a.o
         8          4          0          0          0          0   entry2.o
         4          0          0          0          0          0   entry5.o
         0          0          0          0          0          0   entry7b.o
         0          0          0          0          0          0   entry8b.o
         8          4          0          0          0          0   entry9a.o
        30          0          0          0          0          0   handlers.o
        36          8          0          0          0         68   init.o
         0          0          0          0          0          0   iusefp.o
        30          0          0          0          0         68   llshl.o
        36          0          0          0          0         68   llsshr.o
        32          0          0          0          0         68   llushr.o
        36          0          0          0          0         68   memcpya.o
        36          0          0          0          0        108   memseta.o
      2308         96          0          0          0        604   printfa.o
        44          0          0          0          0         80   uidiv.o
        98          0          0          0          0         92   uldiv.o
        48          0          0          0          0         68   cdrcmple.o
        56          0          0          0          0         88   d2f.o
       334          0          0          0          0        148   dadd.o
       222          0          0          0          0        100   ddiv.o
       186          0          0          0          0        176   depilogue.o
        48          0          0          0          0         68   dfixul.o
        34          0          0          0          0         76   dflti.o
       228          0          0          0          0         96   dmul.o
        38          0          0          0          0         68   f2d.o
       110          0          0          0          0        168   fepilogue.o

    ----------------------------------------------------------------------
      4012        112          0          0          0       2280   Library Totals
         2          0          0          0          0          0   (incl. Padding)

    ----------------------------------------------------------------------

      Code (inc. data)   RO Data    RW Data    ZI Data      Debug   Library Name

      2706        112          0          0          0       1224   mc_w.l
      1304          0          0          0          0       1056   mf_w.l

    ----------------------------------------------------------------------
      4012        112          0          0          0       2280   Library Totals

    ----------------------------------------------------------------------

==============================================================================


      Code (inc. data)   RO Data    RW Data    ZI Data      Debug   

     21020       1248        372         52       6268     622846   Grand Totals
     21020       1248        372         52       6268     622846   ELF Image Totals
     21020       1248        372         52          0          0   ROM Totals

==============================================================================

    Total RO  Size (Code + RO Data)                21392 (  20.89kB)
    Total RW  Size (RW Data + ZI Data)              6320 (   6.17kB)
    Total ROM Size (Code + RO Data + RW Data)      21444 (  20.94kB)

==============================================================================

