<html>
<body>
<pre>
<h1>µVision Build Log</h1>
<h2>Project:</h2>
C:\Documents and Settings\Administrator\×ÀÃæ\Project\Project.uvproj
Project File Date:  04/19/2017

<h2>Output:</h2>
Build target 'STM3210E-EVAL'
compiling main.c...
main.c(479): warning:  #177-D: variable "Temp" was declared but never referenced
linking...
Program Size: Code=2000 RO-data=356 RW-data=24 ZI-data=1072  
FromELF: creating hex file...
".\Obj\66.axf" - 0 Error(s), 1 Warning(s).
Build target 'STM3210E-EVAL'
linking...
Program Size: Code=2000 RO-data=356 RW-data=24 ZI-data=1072  
FromELF: creating hex file...
".\Obj\66.axf" - 0 Error(s), 0 Warning(s).
Build target 'STM3210E-EVAL'
linking...
Program Size: Code=2000 RO-data=356 RW-data=24 ZI-data=1072  
FromELF: creating hex file...
".\Obj\66.axf" - 0 Error(s), 0 Warning(s).
Build target 'STM3210E-EVAL'
linking...
Program Size: Code=2000 RO-data=356 RW-data=24 ZI-data=1072  
FromELF: creating hex file...
".\Obj\66.axf" - 0 Error(s), 0 Warning(s).
Build target 'STM3210E-EVAL'
linking...
Program Size: Code=2000 RO-data=356 RW-data=24 ZI-data=1072  
FromELF: creating hex file...
".\Obj\66.axf" - 0 Error(s), 0 Warning(s).
Build target 'STM3210E-EVAL'
compiling main.c...
main.c(175): warning:  #550-D: variable "retry" was set but never used
main.c(479): warning:  #177-D: variable "Temp" was declared but never referenced
linking...
Program Size: Code=1960 RO-data=356 RW-data=24 ZI-data=1072  
FromELF: creating hex file...
".\Obj\66.axf" - 0 Error(s), 2 Warning(s).
Build target 'STM3210E-EVAL'
compiling stm32f10x_it.c...
compiling main.c...
main.c(175): warning:  #550-D: variable "retry" was set but never used
main.c(479): warning:  #177-D: variable "Temp" was declared but never referenced
assembling stm32f10x_vector.s...
linking...
Program Size: Code=1960 RO-data=356 RW-data=24 ZI-data=1072  
FromELF: creating hex file...
".\Obj\66.axf" - 0 Error(s), 2 Warning(s).
Build target 'STM3210E-EVAL'
linking...
Program Size: Code=1960 RO-data=356 RW-data=24 ZI-data=1072  
FromELF: creating hex file...
".\Obj\66.axf" - 0 Error(s), 0 Warning(s).
